10-10 04:26:20.128   576  1632 E SystemServiceRegistry: 	at android.app.SystemServiceRegistry$81.createService(SystemServiceRegistry.java:1068)
10-10 04:26:20.128   576  1632 E SystemServiceRegistry: 	at android.app.SystemServiceRegistry$StaticServiceFetcher.getService(SystemServiceRegistry.java:2293)
10-10 04:26:20.128   576  1632 E SystemServiceRegistry: 	at android.app.SystemServiceRegistry.getSystemService(SystemServiceRegistry.java:1812)
10-10 04:26:20.128   576  1632 E SystemServiceRegistry: 	at android.app.ContextImpl.getSystemService(ContextImpl.java:2241)
10-10 04:26:20.128   576  1632 E SystemServiceRegistry: 	at android.content.Context.getSystemService(Context.java:4503)
10-10 04:26:20.128   576  1632 E SystemServiceRegistry: 	at com.android.server.pm.PackageInstallerSession.markAsSealed(PackageInstallerSession.java:2394)
10-10 04:26:20.128   576  1632 E SystemServiceRegistry: 	at com.android.server.pm.PackageInstallerSession.commit(PackageInstallerSession.java:2143)
10-10 04:26:20.128   576  1632 E SystemServiceRegistry: 	at android.content.pm.PackageInstaller$Session.commit(PackageInstaller.java:1977)
10-10 04:26:20.128   576  1632 E SystemServiceRegistry: 	at com.android.server.pm.PackageManagerShellCommand.doCommitSession(PackageManagerShellCommand.java:4298)
10-10 04:26:20.128   576  1632 E SystemServiceRegistry: 	at com.android.server.pm.PackageManagerShellCommand.doRunInstall(PackageManagerShellCommand.java:1634)
10-10 04:26:20.128   576  1632 E SystemServiceRegistry: 	at com.android.server.pm.PackageManagerShellCommand.runInstall(PackageManagerShellCommand.java:1561)
10-10 04:26:20.128   576  1632 E SystemServiceRegistry: 	at com.android.server.pm.PackageManagerShellCommand.onCommand(PackageManagerShellCommand.java:245)
10-10 04:26:20.128   576  1632 E SystemServiceRegistry: 	at com.android.modules.utils.BasicShellCommandHandler.exec(BasicShellCommandHandler.java:97)
10-10 04:26:20.128   576  1632 E SystemServiceRegistry: 	at android.os.ShellCommand.exec(ShellCommand.java:38)
10-10 04:26:20.128   576  1632 E SystemServiceRegistry: 	at com.android.server.pm.PackageManagerService$IPackageManagerImpl.onShellCommand(PackageManagerService.java:6561)
10-10 04:26:20.128   576  1632 E SystemServiceRegistry: 	at android.os.Binder.shellCommand(Binder.java:1230)
10-10 04:26:20.128   576  1632 E SystemServiceRegistry: 	at android.os.Binder.onTransact(Binder.java:1043)
10-10 04:26:20.128   576  1632 E SystemServiceRegistry: 	at android.content.pm.IPackageManager$Stub.onTransact(IPackageManager.java:4620)
10-10 04:26:20.128   576  1632 E SystemServiceRegistry: 	at com.android.server.pm.PackageManagerService$IPackageManagerImpl.onTransact(PackageManagerService.java:6545)
10-10 04:26:20.128   576  1632 E SystemServiceRegistry: 	at android.os.Binder.execTransactInternal(Binder.java:1505)
10-10 04:26:20.128   576  1632 E SystemServiceRegistry: 	at android.os.Binder.execTransact(Binder.java:1444)
10-10 04:26:20.131   576  1632 E SystemServiceRegistry: Manager wrapper not available: persistent_data_block
10-10 04:26:20.159 20340 20365 W .android.chrome: ClassLoaderContext classpath element mismatch. expected=base.apk, found=/data/app/~~UgjF3X0PHw25hH-0GvZB6g==/com.android.chrome-J9s4_zGUH2q94DcYGL6K1Q==/Chrome.apk (DLC[];PCL[base.apk*1986553923]{PCL[/system/framework/org.apache.http.legacy.jar*437079508]#PCL[/system/framework/com.android.media.remotedisplay.jar*2042759013]#PCL[/system/framework/com.android.location.provider.jar*3414091812]#PCL[/system_ext/framework/androidx.window.extensions.jar*1060046784]#PCL[/system_ext/framework/androidx.window.sidecar.jar*2147524027]} | DLC[];PCL[/data/app/~~UgjF3X0PHw25hH-0GvZB6g==/com.android.chrome-J9s4_zGUH2q94DcYGL6K1Q==/Chrome.apk*3483651940]{PCL[]})
10-10 04:26:20.182 20369 20369 D nativeloader: InitLlndkLibrariesProduct: libEGL.so:libGLESv1_CM.so:libGLESv2.so:libGLESv3.so:libRS.so:libandroid_net.so:libapexsupport.so:libbinder_ndk.so:libc.so:libcgrouprc.so:libclang_rt.asan-x86_64-android.so:libcom.android.tethering.connectivity_native.so:libdl.so:libft2.so:liblog.so:libm.so:libmediandk.so:libnativewindow.so:libneuralnetworks.so:libselinux.so:libsync.so:libvendorsupport.so:libvndksupport.so:libvulkan.so
10-10 04:26:20.182 20369 20369 D nativeloader: Configuring product-clns-7 for unbundled product apk /product/priv-app/SafetyHubPrebuilt/SafetyHubPrebuilt.apk. target_sdk_version=34, uses_libraries=, library_path=/product/priv-app/SafetyHubPrebuilt/lib/arm64:/product/priv-app/SafetyHubPrebuilt/SafetyHubPrebuilt.apk!/lib/arm64-v8a:/product/lib64:/system/product/lib64, permitted_path=/data:/mnt/expand:/data/user/0/com.google.android.apps.safetyhub:/product/lib64:/system/product/lib64
10-10 04:26:20.190 20340 20375 D nativeloader: Load /data/app/~~R_2Is4K1enLqwbuFPst-Wg==/com.google.android.trichromelibrary_636771938-8wTW6NeAJHzMCWbSklSASw==/TrichromeLibrary.apk!/lib/x86_64/libmonochrome_64.so using ns clns-8 from class loader (caller=/data/app/~~UgjF3X0PHw25hH-0GvZB6g==/com.android.chrome-J9s4_zGUH2q94DcYGL6K1Q==/Chrome.apk): ok
10-10 04:26:20.199 20369 20369 D nativeloader: InitVndkspLibrariesProduct: VNDK is deprecated with product
10-10 04:26:20.200 17503 17503 D BoundBrokerSvc: onBind: Intent { act=com.google.android.gms.statementservice.RegularRetryVerificationTaskBoundService.ACTION_TASK_READY dat=chimera-action:/... cmp=com.google.android.gms/.chimera.GmsInternalBoundBrokerService }
10-10 04:26:20.200 17503 17503 D BoundBrokerSvc: Loading bound service for intent: Intent { act=com.google.android.gms.statementservice.RegularRetryVerificationTaskBoundService.ACTION_TASK_READY dat=chimera-action:/... cmp=com.google.android.gms/.chimera.GmsInternalBoundBrokerService }
10-10 04:26:20.282  1077 20330 I NetworkScheduler.Stats: (REDACTED) Task %s/%s started execution. cause:%s exec_start_elapsed_seconds: %s
10-10 04:26:20.301  1077 20330 I NetworkScheduler.Stats: (REDACTED) Task %s/%s started execution. cause:%s exec_start_elapsed_seconds: %s
10-10 04:26:20.320 17503 17536 I TelephonySpamChimeraSer: Running Telephony Spam Chimera Service [CONTEXT service_id=150 ]
10-10 04:26:20.324 20369 20369 V GraphicsEnvironment: Currently set values for:
10-10 04:26:20.324 20369 20369 V GraphicsEnvironment:   angle_gl_driver_selection_pkgs=[]
10-10 04:26:20.324 20369 20369 V GraphicsEnvironment:   angle_gl_driver_selection_values=[]
10-10 04:26:20.325 20369 20369 V GraphicsEnvironment: Global.Settings values are invalid: number of packages: 0, number of values: 0
10-10 04:26:20.325 20369 20369 V GraphicsEnvironment: Neither updatable production driver nor prerelease driver is supported.
10-10 04:26:20.387   576   679 D ActivityManager: freezing 11756 com.google.android.adservices.api
10-10 04:26:20.393   576   733 D InetDiagMessage: Destroyed 0 sockets, proto=IPPROTO_TCP, family=AF_INET, states=14
10-10 04:26:20.393   576   733 D InetDiagMessage: Destroyed 0 sockets, proto=IPPROTO_TCP, family=AF_INET6, states=14
10-10 04:26:20.394   576   733 D InetDiagMessage: Destroyed live tcp sockets for uids={10205} in 1ms
10-10 04:26:20.414 18439 18439 W TimedProcessReaper: Memory state is: 400
10-10 04:26:20.414 18439 18439 W TimedProcessReaper: Killing process to refresh configuration
10-10 04:26:20.415 18439 18439 I Process : Sending signal. PID: 18439 SIG: 9
10-10 04:26:20.511   576  1628 I ActivityManager: Process com.google.android.apps.wellbeing (pid 18439) has died: cch+5 CEM 
10-10 04:26:20.520   576   733 D ConnectivityService: releasing NetworkRequest [ REQUEST id=666, [ Capabilities: INTERNET&NOT_RESTRICTED&TRUSTED&NOT_VCN_MANAGED&NOT_BANDWIDTH_CONSTRAINED Uid: 10143 RequestorUid: 10143 RequestorPkg: com.google.android.apps.wellbeing UnderlyingNetworks: Null] ] (release request)
10-10 04:26:20.538   576   596 D DisplayManagerService: Drop pending events for gone uid 10143
10-10 04:26:20.543   371   371 I Zygote  : Process 18439 exited due to signal 9 (Killed)
10-10 04:26:20.545   576   611 I libprocessgroup: Removed cgroup /sys/fs/cgroup/uid_10143/pid_18439
10-10 04:26:20.581 17503 17536 I TelephonySpamChimeraSer: Cleaning SIP Header local table of old entries [CONTEXT service_id=150 ]
10-10 04:26:20.597 17503 17536 I SpamListSync: Call spam module disabled. Skipping cleaning cache sip header table. [CONTEXT service_id=150 ]
10-10 04:26:20.597 17503 17536 I TelephonySpamChimeraSer: Syncing Call Spam List [CONTEXT service_id=150 ]
10-10 04:26:20.598 17503 17536 I SpamListSync: (REDACTED) SpamListSyncChimeraService.syncSpamList called with tag: %s, extras: %s
10-10 04:26:20.606 17503 17536 I SpamListSync: Call spam module disabled. Skipping spam list syncing. [CONTEXT service_id=150 ]
10-10 04:26:20.634 20340 20375 I cr_LibraryLoader: Successfully loaded native library
10-10 04:26:20.648  1077 20324 I NetworkScheduler.Stats: (REDACTED) HousekeepingTask %s/%s finished executing. cause:%s result: %s elapsed_millis: %s uptime_millis: %s exec_start_elapsed_seconds: %s
10-10 04:26:20.652 20369 20369 D CompatChangeReporter: Compat change id reported: 3400644; UID 10139; state: ENABLED
10-10 04:26:20.667  1077 20332 I NetworkScheduler.Stats: (REDACTED) Task %s/%s finished executing. cause:%s result: %s elapsed_millis: %s uptime_millis: %s exec_start_elapsed_seconds: %s
10-10 04:26:20.678   576  1628 D CompatChangeReporter: Compat change id reported: 161145287; UID 10139; state: ENABLED
10-10 04:26:20.687   576   609 D CompatChangeReporter: Compat change id reported: 151861875; UID 10149; state: ENABLED
10-10 04:26:20.688   576   609 V GrammaticalInflectionUtils: AttributionSource: android.content.AttributionSource@55fe237b does not have READ_SYSTEM_GRAMMATICAL_GENDER permission.
10-10 04:26:20.704 20340 20375 I cr_CachingUmaRecorder: Flushed 19 samples from 18 histograms, 0 samples were dropped.
10-10 04:26:20.708   576  1628 D CompatChangeReporter: Compat change id reported: 261072174; UID 10139; state: ENABLED
10-10 04:26:20.737   371   371 D Zygote  : Forked child process 20429
10-10 04:26:20.740   576   610 W ActivityManager: Slow operation: 52ms so far, now at startProcess: returned from zygote!
10-10 04:26:20.741   576   610 W ActivityManager: Slow operation: 52ms so far, now at startProcess: done updating battery stats
10-10 04:26:20.753   576   610 W ActivityManager: Slow operation: 64ms so far, now at startProcess: building log message
10-10 04:26:20.753   576   610 I ActivityManager: Start proc 20429:com.google.android.contacts/u0a149 for broadcast {com.google.android.contacts/androidx.work.impl.background.systemalarm.RescheduleReceiver}
10-10 04:26:20.753   576   610 W ActivityManager: Slow operation: 64ms so far, now at startProcess: starting to update pids map
10-10 04:26:20.753   576   610 W ActivityManager: Slow operation: 64ms so far, now at startProcess: done updating pids map
10-10 04:26:20.820   576  1628 D FileUtils: Rounded bytes from 2069696512 to 4000000000
10-10 04:26:20.837 20429 20429 I ndroid.contacts: Using CollectorTypeCMC GC.
10-10 04:26:20.841 20429 20429 W ndroid.contacts: Unexpected CPU variant for x86: x86_64.
10-10 04:26:20.841 20429 20429 W ndroid.contacts: Known variants: atom, sandybridge, silvermont, goldmont, goldmont-plus, goldmont-without-sha-xsaves, tremont, kabylake, default
10-10 04:26:20.855 20429 20429 D nativeloader: Load libframework-connectivity-tiramisu-jni.so using APEX ns com_android_tethering for caller /apex/com.android.tethering/javalib/framework-connectivity-t.jar: ok
10-10 04:26:20.903 20429 20429 D ApplicationLoaders: Returning zygote-cached class loader: /system/framework/org.apache.http.legacy.jar
10-10 04:26:20.907 20429 20429 D ApplicationLoaders: Returning zygote-cached class loader: /system_ext/framework/androidx.window.extensions.jar
10-10 04:26:20.907 20429 20429 D ApplicationLoaders: Returning zygote-cached class loader: /system_ext/framework/androidx.window.sidecar.jar
10-10 04:26:21.019 12886 14345 D TrafficStats: tagSocket(84) with statsTag=0xffffffff, statsUid=-1
10-10 04:26:21.045   450   462 I adbd    : jdwp connection from 20429
10-10 04:26:21.080 20369 20436 W TimedProcessReaper: Scheduling killing of process to refresh configuration
10-10 04:26:21.105 17503 17537 I AppLinksRequestHandler: (REDACTED) Processing %d error requests.
10-10 04:26:21.109 20429 20429 D nativeloader: InitLlndkLibrariesProduct: libEGL.so:libGLESv1_CM.so:libGLESv2.so:libGLESv3.so:libRS.so:libandroid_net.so:libapexsupport.so:libbinder_ndk.so:libc.so:libcgrouprc.so:libclang_rt.asan-x86_64-android.so:libcom.android.tethering.connectivity_native.so:libdl.so:libft2.so:liblog.so:libm.so:libmediandk.so:libnativewindow.so:libneuralnetworks.so:libselinux.so:libsync.so:libvendorsupport.so:libvndksupport.so:libvulkan.so
10-10 04:26:21.110 20429 20429 D nativeloader: Configuring product-clns-7 for unbundled product apk /product/app/GoogleContacts/GoogleContacts.apk. target_sdk_version=35, uses_libraries=, library_path=/product/app/GoogleContacts/lib/x86_64:/product/app/GoogleContacts/GoogleContacts.apk!/lib/x86_64:/product/lib64:/system/product/lib64, permitted_path=/data:/mnt/expand:/data/user/0/com.google.android.contacts:/product/lib64:/system/product/lib64
10-10 04:26:21.110 20429 20429 D nativeloader: InitVndkspLibrariesProduct: VNDK is deprecated with product
10-10 04:26:21.137 20429 20429 D CompatChangeReporter: Compat change id reported: 202956589; UID 10149; state: ENABLED
10-10 04:26:21.139  1077 20324 I NetworkScheduler.Stats: (REDACTED) Task %s/%s started execution. cause:%s exec_start_elapsed_seconds: %s
10-10 04:26:21.161 17503 17503 D BoundBrokerSvc: onBind: Intent { act=com.google.android.gms.smartdevice.logging.CleanBufferedLogsService.ACTION_TASK_READY dat=chimera-action:/... cmp=com.google.android.gms/.chimera.GmsInternalBoundBrokerService }
10-10 04:26:21.161 17503 17503 D BoundBrokerSvc: Loading bound service for intent: Intent { act=com.google.android.gms.smartdevice.logging.CleanBufferedLogsService.ACTION_TASK_READY dat=chimera-action:/... cmp=com.google.android.gms/.chimera.GmsInternalBoundBrokerService }
10-10 04:26:21.212 17503 17537 I AppLinksUtilsV1: Legacy cross-profile verification enabled [CONTEXT service_id=244 ]
10-10 04:26:21.320  1077 20330 I NetworkScheduler.Stats: (REDACTED) Task %s/%s started execution. cause:%s exec_start_elapsed_seconds: %s
10-10 04:26:21.361 20429 20429 V GraphicsEnvironment: Currently set values for:
10-10 04:26:21.361 20429 20429 V GraphicsEnvironment:   angle_gl_driver_selection_pkgs=[]
10-10 04:26:21.361 20429 20429 V GraphicsEnvironment:   angle_gl_driver_selection_values=[]
10-10 04:26:21.361 20429 20429 V GraphicsEnvironment: Global.Settings values are invalid: number of packages: 0, number of values: 0
10-10 04:26:21.361 20429 20429 V GraphicsEnvironment: Neither updatable production driver nor prerelease driver is supported.
10-10 04:26:21.378   903 20378 D TrafficStats: tagSocket(96) with statsTag=0xffffff81, statsUid=-1
10-10 04:26:21.443 17503 17526 W GmsStrictMode: DISK_READ [CONTEXT service_id=256 ]
10-10 04:26:21.443 17503 17526 W GmsStrictMode: android.os.strictmode.DiskReadViolation
10-10 04:26:21.443 17503 17526 W GmsStrictMode: 	at android.os.StrictMode$AndroidBlockGuardPolicy.onReadFromDisk(StrictMode.java:1683)
10-10 04:26:21.443 17503 17526 W GmsStrictMode: 	at libcore.io.BlockGuardOs.access(BlockGuardOs.java:74)
10-10 04:26:21.443 17503 17526 W GmsStrictMode: 	at libcore.io.ForwardingOs.access(ForwardingOs.java:128)
10-10 04:26:21.443 17503 17526 W GmsStrictMode: 	at android.app.ActivityThread$AndroidOs.access(ActivityThread.java:8582)
10-10 04:26:21.443 17503 17526 W GmsStrictMode: 	at java.io.UnixFileSystem.checkAccess(UnixFileSystem.java:332)
10-10 04:26:21.443 17503 17526 W GmsStrictMode: 	at java.io.File.exists(File.java:829)
10-10 04:26:21.443 17503 17526 W GmsStrictMode: 	at android.app.ContextImpl.getDataDir(ContextImpl.java:3271)
10-10 04:26:21.443 17503 17526 W GmsStrictMode: 	at android.app.ContextImpl.getFilesDir(ContextImpl.java:853)
10-10 04:26:21.443 17503 17526 W GmsStrictMode: 	at android.content.ContextWrapper.getFilesDir(ContextWrapper.java:288)
10-10 04:26:21.443 17503 17526 W GmsStrictMode: 	at android.content.ContextWrapper.getFilesDir(ContextWrapper.java:288)
10-10 04:26:21.443 17503 17526 W GmsStrictMode: 	at eqhg.<init>(:com.google.android.gms@244134038@24.41.34 (260800-685836814):11)
10-10 04:26:21.443 17503 17526 W GmsStrictMode: 	at eqhg.b(:com.google.android.gms@244134038@24.41.34 (260800-685836814):40)
10-10 04:26:21.443 17503 17526 W GmsStrictMode: 	at eqhg.a(:com.google.android.gms@244134038@24.41.34 (260800-685836814):5)
10-10 04:26:21.443 17503 17526 W GmsStrictMode: 	at com.google.android.gms.smartdevice.logging.CleanBufferedLogsService.onCreate(:com.google.android.gms@244134038@24.41.34 (260800-685836814):8)
10-10 04:26:21.443 17503 17526 W GmsStrictMode: 	at ofw.onCreate(:com.google.android.gms@244134038@24.41.34 (260800-685836814):8)
10-10 04:26:21.443 17503 17526 W GmsStrictMode: 	at ajft.onCreate(:com.google.android.gms@244134038@24.41.34 (260800-685836814):27)
10-10 04:26:21.443 17503 17526 W GmsStrictMode: 	at ofv.onCreate(:com.google.android.gms@244134038@24.41.34 (260800-685836814):5)
10-10 04:26:21.443 17503 17526 W GmsStrictMode: 	at ofh.onBind(:com.google.android.gms@244134038@24.41.34 (260800-685836814):115)
10-10 04:26:21.443 17503 17526 W GmsStrictMode: 	at ofk.onBind(:com.google.android.gms@244134038@24.41.34 (260800-685836814):10)
10-10 04:26:21.443 17503 17526 W GmsStrictMode: 	at ajaz.onBind(:com.google.android.gms@244134038@24.41.34 (260800-685836814):30)
10-10 04:26:21.443 17503 17526 W GmsStrictMode: 	at android.app.ActivityThread.handleBindService(ActivityThread.java:5007)
10-10 04:26:21.443 17503 17526 W GmsStrictMode: 	at android.app.ActivityThread.-$$Nest$mhandleBindService(Unknown Source:0)
10-10 04:26:21.443 17503 17526 W GmsStrictMode: 	at android.app.ActivityThread$H.handleMessage(ActivityThread.java:2452)
10-10 04:26:21.443 17503 17526 W GmsStrictMode: 	at android.os.Handler.dispatchMessage(Handler.java:107)
10-10 04:26:21.443 17503 17526 W GmsStrictMode: 	at android.os.Looper.loopOnce(Looper.java:232)
10-10 04:26:21.443 17503 17526 W GmsStrictMode: 	at android.os.Looper.loop(Looper.java:317)
10-10 04:26:21.443 17503 17526 W GmsStrictMode: 	at android.app.ActivityThread.main(ActivityThread.java:8705)
10-10 04:26:21.443 17503 17526 W GmsStrictMode: 	at java.lang.reflect.Method.invoke(Native Method)
10-10 04:26:21.443 17503 17526 W GmsStrictMode: 	at com.android.internal.os.RuntimeInit$MethodAndArgsCaller.run(RuntimeInit.java:580)
10-10 04:26:21.443 17503 17526 W GmsStrictMode: 	at com.android.internal.os.ZygoteInit.main(ZygoteInit.java:886)
10-10 04:26:21.450 17503 17526 W GmsStrictMode: DISK_READ [CONTEXT service_id=256 ]
10-10 04:26:21.450 17503 17526 W GmsStrictMode: android.os.strictmode.DiskReadViolation
10-10 04:26:21.450 17503 17526 W GmsStrictMode: 	at android.os.StrictMode$AndroidBlockGuardPolicy.onReadFromDisk(StrictMode.java:1683)
10-10 04:26:21.450 17503 17526 W GmsStrictMode: 	at libcore.io.BlockGuardOs.access(BlockGuardOs.java:74)
10-10 04:26:21.450 17503 17526 W GmsStrictMode: 	at libcore.io.ForwardingOs.access(ForwardingOs.java:128)
10-10 04:26:21.450 17503 17526 W GmsStrictMode: 	at android.app.ActivityThread$AndroidOs.access(ActivityThread.java:8582)
10-10 04:26:21.450 17503 17526 W GmsStrictMode: 	at java.io.UnixFileSystem.checkAccess(UnixFileSystem.java:332)
10-10 04:26:21.450 17503 17526 W GmsStrictMode: 	at java.io.File.exists(File.java:829)
10-10 04:26:21.450 17503 17526 W GmsStrictMode: 	at android.app.ContextImpl.ensurePrivateDirExists(ContextImpl.java:819)
10-10 04:26:21.450 17503 17526 W GmsStrictMode: 	at android.app.ContextImpl.ensurePrivateDirExists(ContextImpl.java:810)
10-10 04:26:21.450 17503 17526 W GmsStrictMode: 	at android.app.ContextImpl.getFilesDir(ContextImpl.java:855)
10-10 04:26:21.450 17503 17526 W GmsStrictMode: 	at android.content.ContextWrapper.getFilesDir(ContextWrapper.java:288)
10-10 04:26:21.450 17503 17526 W GmsStrictMode: 	at android.content.ContextWrapper.getFilesDir(ContextWrapper.java:288)
10-10 04:26:21.450 17503 17526 W GmsStrictMode: 	at eqhg.<init>(:com.google.android.gms@244134038@24.41.34 (260800-685836814):11)
10-10 04:26:21.450 17503 17526 W GmsStrictMode: 	at eqhg.b(:com.google.android.gms@244134038@24.41.34 (260800-685836814):40)
10-10 04:26:21.450 17503 17526 W GmsStrictMode: 	at eqhg.a(:com.google.android.gms@244134038@24.41.34 (260800-685836814):5)
10-10 04:26:21.450 17503 17526 W GmsStrictMode: 	at com.google.android.gms.smartdevice.logging.CleanBufferedLogsService.onCreate(:com.google.android.gms@244134038@24.41.34 (260800-685836814):8)
10-10 04:26:21.450 17503 17526 W GmsStrictMode: 	at ofw.onCreate(:com.google.android.gms@244134038@24.41.34 (260800-685836814):8)
10-10 04:26:21.450 17503 17526 W GmsStrictMode: 	at ajft.onCreate(:com.google.android.gms@244134038@24.41.34 (260800-685836814):27)
10-10 04:26:21.450 17503 17526 W GmsStrictMode: 	at ofv.onCreate(:com.google.android.gms@244134038@24.41.34 (260800-685836814):5)
10-10 04:26:21.450 17503 17526 W GmsStrictMode: 	at ofh.onBind(:com.google.android.gms@244134038@24.41.34 (260800-685836814):115)
10-10 04:26:21.450 17503 17526 W GmsStrictMode: 	at ofk.onBind(:com.google.android.gms@244134038@24.41.34 (260800-685836814):10)
10-10 04:26:21.450 17503 17526 W GmsStrictMode: 	at ajaz.onBind(:com.google.android.gms@244134038@24.41.34 (260800-685836814):30)
10-10 04:26:21.450 17503 17526 W GmsStrictMode: 	at android.app.ActivityThread.handleBindService(ActivityThread.java:5007)
10-10 04:26:21.450 17503 17526 W GmsStrictMode: 	at android.app.ActivityThread.-$$Nest$mhandleBindService(Unknown Source:0)
10-10 04:26:21.450 17503 17526 W GmsStrictMode: 	at android.app.ActivityThread$H.handleMessage(ActivityThread.java:2452)
10-10 04:26:21.450 17503 17526 W GmsStrictMode: 	at android.os.Handler.dispatchMessage(Handler.java:107)
10-10 04:26:21.450 17503 17526 W GmsStrictMode: 	at android.os.Looper.loopOnce(Looper.java:232)
10-10 04:26:21.450 17503 17526 W GmsStrictMode: 	at android.os.Looper.loop(Looper.java:317)
10-10 04:26:21.450 17503 17526 W GmsStrictMode: 	at android.app.ActivityThread.main(ActivityThread.java:8705)
10-10 04:26:21.450 17503 17526 W GmsStrictMode: 	at java.lang.reflect.Method.invoke(Native Method)
10-10 04:26:21.450 17503 17526 W GmsStrictMode: 	at com.android.internal.os.RuntimeInit$MethodAndArgsCaller.run(RuntimeInit.java:580)
10-10 04:26:21.450 17503 17526 W GmsStrictMode: 	at com.android.internal.os.ZygoteInit.main(ZygoteInit.java:886)
10-10 04:26:21.450 17503 17526 W GmsStrictMode: DISK_READ [CONTEXT service_id=256 ]
10-10 04:26:21.450 17503 17526 W GmsStrictMode: android.os.strictmode.DiskReadViolation
10-10 04:26:21.450 17503 17526 W GmsStrictMode: 	at android.os.StrictMode$AndroidBlockGuardPolicy.onReadFromDisk(StrictMode.java:1683)
10-10 04:26:21.450 17503 17526 W GmsStrictMode: 	at libcore.io.BlockGuardOs.access(BlockGuardOs.java:74)
10-10 04:26:21.450 17503 17526 W GmsStrictMode: 	at libcore.io.ForwardingOs.access(ForwardingOs.java:128)
10-10 04:26:21.450 17503 17526 W GmsStrictMode: 	at android.app.ActivityThread$AndroidOs.access(ActivityThread.java:8582)
10-10 04:26:21.450 17503 17526 W GmsStrictMode: 	at java.io.UnixFileSystem.checkAccess(UnixFileSystem.java:332)
10-10 04:26:21.450 17503 17526 W GmsStrictMode: 	at java.io.File.exists(File.java:829)
10-10 04:26:21.450 17503 17526 W GmsStrictMode: 	at eqhg.f(:com.google.android.gms@244134038@24.41.34 (260800-685836814):1)
10-10 04:26:21.450 17503 17526 W GmsStrictMode: 	at eqhg.<init>(:com.google.android.gms@244134038@24.41.34 (260800-685836814):28)
10-10 04:26:21.450 17503 17526 W GmsStrictMode: 	at eqhg.b(:com.google.android.gms@244134038@24.41.34 (260800-685836814):40)
10-10 04:26:21.450 17503 17526 W GmsStrictMode: 	at eqhg.a(:com.google.android.gms@244134038@24.41.34 (260800-685836814):5)
10-10 04:26:21.450 17503 17526 W GmsStrictMode: 	at com.google.android.gms.smartdevice.logging.CleanBufferedLogsService.onCreate(:com.google.android.gms@244134038@24.41.34 (260800-685836814):8)
10-10 04:26:21.450 17503 17526 W GmsStrictMode: 	at ofw.onCreate(:com.google.android.gms@244134038@24.41.34 (260800-685836814):8)
10-10 04:26:21.450 17503 17526 W GmsStrictMode: 	at ajft.onCreate(:com.google.android.gms@244134038@24.41.34 (260800-685836814):27)
10-10 04:26:21.450 17503 17526 W GmsStrictMode: 	at ofv.onCreate(:com.google.android.gms@244134038@24.41.34 (260800-685836814):5)
10-10 04:26:21.450 17503 17526 W GmsStrictMode: 	at ofh.onBind(:com.google.android.gms@244134038@24.41.34 (260800-685836814):115)
10-10 04:26:21.450 17503 17526 W GmsStrictMode: 	at ofk.onBind(:com.google.android.gms@244134038@24.41.34 (260800-685836814):10)
10-10 04:26:21.450 17503 17526 W GmsStrictMode: 	at ajaz.onBind(:com.google.android.gms@244134038@24.41.34 (260800-685836814):30)
10-10 04:26:21.450 17503 17526 W GmsStrictMode: 	at android.app.ActivityThread.handleBindService(ActivityThread.java:5007)
10-10 04:26:21.450 17503 17526 W GmsStrictMode: 	at android.app.ActivityThread.-$$Nest$mhandleBindService(Unknown Source:0)
10-10 04:26:21.450 17503 17526 W GmsStrictMode: 	at android.app.ActivityThread$H.handleMessage(ActivityThread.java:2452)
10-10 04:26:21.450 17503 17526 W GmsStrictMode: 	at android.os.Handler.dispatchMessage(Handler.java:107)
10-10 04:26:21.450 17503 17526 W GmsStrictMode: 	at android.os.Looper.loopOnce(Looper.java:232)
10-10 04:26:21.450 17503 17526 W GmsStrictMode: 	at android.os.Looper.loop(Looper.java:317)
10-10 04:26:21.450 17503 17526 W GmsStrictMode: 	at android.app.ActivityThread.main(ActivityThread.java:8705)
10-10 04:26:21.450 17503 17526 W GmsStrictMode: 	at java.lang.reflect.Method.invoke(Native Method)
10-10 04:26:21.450 17503 17526 W GmsStrictMode: 	at com.android.internal.os.RuntimeInit$MethodAndArgsCaller.run(RuntimeInit.java:580)
10-10 04:26:21.450 17503 17526 W GmsStrictMode: 	at com.android.internal.os.ZygoteInit.main(ZygoteInit.java:886)
10-10 04:26:21.487 17503 17538 I SmartDevice: [CleanBufferedLogsService] Running task upload_buffered_logs_periodic
10-10 04:26:21.501 17503 17538 I ConsentLogging: [LoggingStore] No events available for subdirectory
10-10 04:26:21.501 17503 17538 W SmartDevice: [SmartDeviceBufferedLogs] No buffered logs for source SMART_SETUP after SUW is complete
10-10 04:26:21.517 17503 17538 I ConsentLogging: [LoggingStore] No events available for subdirectory
10-10 04:26:21.517 17503 17538 W SmartDevice: [SmartDeviceBufferedLogs] No buffered logs for source ANDROID_AUTH after SUW is complete
10-10 04:26:21.529  1077 20335 I NetworkScheduler.Stats: (REDACTED) HousekeepingTask %s/%s finished executing. cause:%s result: %s elapsed_millis: %s uptime_millis: %s exec_start_elapsed_seconds: %s
10-10 04:26:21.530 17503 17503 D BoundBrokerSvc: onUnbind: Intent { act=com.google.android.gms.smartdevice.logging.CleanBufferedLogsService.ACTION_TASK_READY dat=chimera-action:/... cmp=com.google.android.gms/.chimera.GmsInternalBoundBrokerService }
10-10 04:26:21.778 17503 17503 D BoundBrokerSvc: onBind: Intent { act=com.google.android.gms.semanticlocationhistory.pulp.PulpMddMaintenanceService.ACTION_TASK_READY dat=chimera-action:/... cmp=com.google.android.gms/.chimera.GmsInternalBoundBrokerService }
10-10 04:26:21.778 17503 17503 D BoundBrokerSvc: Loading bound service for intent: Intent { act=com.google.android.gms.semanticlocationhistory.pulp.PulpMddMaintenanceService.ACTION_TASK_READY dat=chimera-action:/... cmp=com.google.android.gms/.chimera.GmsInternalBoundBrokerService }
10-10 04:26:21.811 20340 20340 I cr_CombinedPProvider: #linkNativeInternal() 0
10-10 04:26:21.811 20340 20340 I cr_PolicyProvider: #setManagerAndSource() 0
10-10 04:26:21.817  1077 20330 I NetworkScheduler.Stats: (REDACTED) Task %s/%s started execution. cause:%s exec_start_elapsed_seconds: %s
10-10 04:26:21.817 20340 20340 I cr_PolicyCacheProvider: #refresh() true
10-10 04:26:21.925   576   679 D ActivityManager: freezing 18618 com.google.android.apps.wallpaper
10-10 04:26:21.934   576   733 D InetDiagMessage: Destroyed 0 sockets, proto=IPPROTO_TCP, family=AF_INET, states=14
10-10 04:26:21.935   576   733 D InetDiagMessage: Destroyed 0 sockets, proto=IPPROTO_TCP, family=AF_INET6, states=14
10-10 04:26:21.935   576   733 D InetDiagMessage: Destroyed live tcp sockets for uids={10180} in 4ms
10-10 04:26:21.985   903 20378 D NetworkMonitor/101: PROBE_FALLBACK http://play.googleapis.com/generate_204 time=753ms ret=204 request={Connection=[close], User-Agent=[Mozilla/5.0 (X11; Linux x86_64) AppleWebKit/537.36 (KHTML, like Gecko) Chrome/60.0.3112.32 Safari/537.36]} headers={null=[HTTP/1.1 204 No Content], Connection=[close], Content-Length=[0], Cross-Origin-Resource-Policy=[cross-origin], Date=[Fri, 10 Oct 2025 04:26:34 GMT], X-Android-Received-Millis=[1760070381985], X-Android-Response-Source=[NETWORK 204], X-Android-Selected-Protocol=[http/1.1], X-Android-Sent-Millis=[1760070381679]}
10-10 04:26:22.008 17503 17503 D BoundBrokerSvc: onBind: Intent { act=com.google.android.gms.people.contactssync.service.START pkg=com.google.android.gms }
10-10 04:26:22.009 17503 17503 D BoundBrokerSvc: Loading bound service for intent: Intent { act=com.google.android.gms.people.contactssync.service.START pkg=com.google.android.gms }
10-10 04:26:22.018 20429 20429 D CompatChangeReporter: Compat change id reported: 330583731; UID 10149; state: ENABLED
10-10 04:26:22.144 20429 20468 W PhClient: Shared storage file not found for com.google.android.contacts#com.google.android.contacts
10-10 04:26:22.255   576   609 V GrammaticalInflectionUtils: AttributionSource: android.content.AttributionSource@4f2ac0ff does not have READ_SYSTEM_GRAMMATICAL_GENDER permission.
10-10 04:26:22.273  1077 20335 I NetworkScheduler.Stats: (REDACTED) HousekeepingTask %s/%s finished executing. cause:%s result: %s elapsed_millis: %s uptime_millis: %s exec_start_elapsed_seconds: %s
10-10 04:26:22.277 20429 20466 D CompatChangeReporter: Compat change id reported: 311402873; UID 10149; state: ENABLED
10-10 04:26:22.277 20429 20466 D CompatChangeReporter: Compat change id reported: 323349338; UID 10149; state: ENABLED
10-10 04:26:22.279   809   809 I wpa_supplicant: wlan0: CTRL-EVENT-BEACON-LOSS 
10-10 04:26:22.292 17503 17503 D BoundBrokerSvc: onUnbind: Intent { act=com.google.android.gms.semanticlocationhistory.pulp.PulpMddMaintenanceService.ACTION_TASK_READY dat=chimera-action:/... cmp=com.google.android.gms/.chimera.GmsInternalBoundBrokerService }
10-10 04:26:22.303 20429 20468 W PhClient: Shared storage file not found for com.google.android.libraries.social.connections#com.google.android.contacts
10-10 04:26:22.304   371   371 D Zygote  : Forked child process 20479
10-10 04:26:22.317   576   610 W ActivityManager: Slow operation: 60ms so far, now at startProcess: returned from zygote!
10-10 04:26:22.318   576   610 W ActivityManager: Slow operation: 61ms so far, now at startProcess: done updating battery stats
10-10 04:26:22.318   576   610 W ActivityManager: Slow operation: 61ms so far, now at startProcess: building log message
10-10 04:26:22.318   576   610 I ActivityManager: Start proc 20479:com.google.android.googlequicksearchbox:search/u0a145 for broadcast {com.google.android.googlequicksearchbox/androidx.work.impl.background.systemalarm.RescheduleReceiver}
10-10 04:26:22.318   576   610 W ActivityManager: Slow operation: 61ms so far, now at startProcess: starting to update pids map
10-10 04:26:22.321   576   610 W ActivityManager: Slow operation: 64ms so far, now at startProcess: done updating pids map
10-10 04:26:22.356 17503 17512 I PeopleChimeraService: onService. callbacks = bqcs@157dcad, request = com.google.android.gms.common.internal.GetServiceRequest@273dbe2
10-10 04:26:22.364 20479 20479 I earchbox:search: Using CollectorTypeCMC GC.
10-10 04:26:22.375 20479 20479 W earchbox:search: Unexpected CPU variant for x86: x86_64.
10-10 04:26:22.375 20479 20479 W earchbox:search: Known variants: atom, sandybridge, silvermont, goldmont, goldmont-plus, goldmont-without-sha-xsaves, tremont, kabylake, default
10-10 04:26:22.379   576   655 D FileSystemUtils: Punching holes in file: /data/app/vmdl1525734050.tmp/base.apk programHeaderOffset: 64 programHeaderNum: 10
10-10 04:26:22.379   576   655 D FileSystemUtils: Total number of LOAD segments 3
10-10 04:26:22.379   576   655 D FileSystemUtils: Size before punching holes st_blocks: 145128, st_blksize: 4096, st_size: 74297698
10-10 04:26:22.379   576   655 D FileSystemUtils: Size after punching holes st_blocks: 145128, st_blksize: 4096, st_size: 74297698
10-10 04:26:22.380   576   655 D FileSystemUtils: Extra field length: 3758,  Size before punching holes st_blocks: 145128, st_blksize: 4096, st_size: 74297698
10-10 04:26:22.380   576   655 D FileSystemUtils: Skipping punching apk as extra field length is less than block size
10-10 04:26:22.380   576   655 W NativeLibraryHelper: Failed to punch apk : /data/app/vmdl1525734050.tmp/base.apk at extra field
10-10 04:26:22.380   576   655 D FileSystemUtils: Punching holes in file: /data/app/vmdl1525734050.tmp/base.apk programHeaderOffset: 64 programHeaderNum: 10
10-10 04:26:22.381   576   655 D FileSystemUtils: Total number of LOAD segments 3
10-10 04:26:22.381   576   655 D FileSystemUtils: Size before punching holes st_blocks: 145128, st_blksize: 4096, st_size: 74297698
10-10 04:26:22.381   576   655 D FileSystemUtils: Size after punching holes st_blocks: 145128, st_blksize: 4096, st_size: 74297698
10-10 04:26:22.381   576   655 D FileSystemUtils: Extra field length: 2512,  Size before punching holes st_blocks: 145128, st_blksize: 4096, st_size: 74297698
10-10 04:26:22.381   576   655 D FileSystemUtils: Skipping punching apk as extra field length is less than block size
10-10 04:26:22.381   576   655 W NativeLibraryHelper: Failed to punch apk : /data/app/vmdl1525734050.tmp/base.apk at extra field
10-10 04:26:22.381   576   655 D FileSystemUtils: Punching holes in file: /data/app/vmdl1525734050.tmp/base.apk programHeaderOffset: 64 programHeaderNum: 10
10-10 04:26:22.381   576   655 D FileSystemUtils: Total number of LOAD segments 3
10-10 04:26:22.381   576   655 D FileSystemUtils: Size before punching holes st_blocks: 145128, st_blksize: 4096, st_size: 74297698
10-10 04:26:22.381   576   655 D FileSystemUtils: Size after punching holes st_blocks: 145128, st_blksize: 4096, st_size: 74297698
10-10 04:26:22.381   576   655 D FileSystemUtils: Extra field length: 1539,  Size before punching holes st_blocks: 145128, st_blksize: 4096, st_size: 74297698
10-10 04:26:22.381   576   655 D FileSystemUtils: Skipping punching apk as extra field length is less than block size
10-10 04:26:22.381   576   655 W NativeLibraryHelper: Failed to punch apk : /data/app/vmdl1525734050.tmp/base.apk at extra field
10-10 04:26:22.381   576   655 D FileSystemUtils: Punching holes in file: /data/app/vmdl1525734050.tmp/base.apk programHeaderOffset: 64 programHeaderNum: 10
10-10 04:26:22.381   576   655 D FileSystemUtils: Total number of LOAD segments 3
10-10 04:26:22.381   576   655 D FileSystemUtils: Size before punching holes st_blocks: 145128, st_blksize: 4096, st_size: 74297698
10-10 04:26:22.381   576   655 D FileSystemUtils: Size after punching holes st_blocks: 145128, st_blksize: 4096, st_size: 74297698
10-10 04:26:22.381   576   655 D FileSystemUtils: Extra field length: 276,  Size before punching holes st_blocks: 145128, st_blksize: 4096, st_size: 74297698
10-10 04:26:22.381   576   655 D FileSystemUtils: Skipping punching apk as extra field length is less than block size
10-10 04:26:22.381   576   655 W NativeLibraryHelper: Failed to punch apk : /data/app/vmdl1525734050.tmp/base.apk at extra field
10-10 04:26:22.381   576   655 D FileSystemUtils: Punching holes in file: /data/app/vmdl1525734050.tmp/base.apk programHeaderOffset: 64 programHeaderNum: 10
10-10 04:26:22.381   576   655 D FileSystemUtils: Total number of LOAD segments 3
10-10 04:26:22.382   576   655 D FileSystemUtils: Size before punching holes st_blocks: 145128, st_blksize: 4096, st_size: 74297698
10-10 04:26:22.382   576   655 D FileSystemUtils: Size after punching holes st_blocks: 145128, st_blksize: 4096, st_size: 74297698
10-10 04:26:22.382   576   655 D FileSystemUtils: Extra field length: 2675,  Size before punching holes st_blocks: 145128, st_blksize: 4096, st_size: 74297698
10-10 04:26:22.382   576   655 D FileSystemUtils: Skipping punching apk as extra field length is less than block size
10-10 04:26:22.382   576   655 W NativeLibraryHelper: Failed to punch apk : /data/app/vmdl1525734050.tmp/base.apk at extra field
10-10 04:26:22.382   576   655 D FileSystemUtils: Punching holes in file: /data/app/vmdl1525734050.tmp/base.apk programHeaderOffset: 64 programHeaderNum: 10
10-10 04:26:22.382   576   655 D FileSystemUtils: Total number of LOAD segments 3
10-10 04:26:22.382   576   655 D FileSystemUtils: Size before punching holes st_blocks: 145128, st_blksize: 4096, st_size: 74297698
10-10 04:26:22.382   576   655 D FileSystemUtils: Size after punching holes st_blocks: 145128, st_blksize: 4096, st_size: 74297698
10-10 04:26:22.382   576   655 D FileSystemUtils: Extra field length: 1742,  Size before punching holes st_blocks: 145128, st_blksize: 4096, st_size: 74297698
10-10 04:26:22.382   576   655 D FileSystemUtils: Skipping punching apk as extra field length is less than block size
10-10 04:26:22.382   576   655 W NativeLibraryHelper: Failed to punch apk : /data/app/vmdl1525734050.tmp/base.apk at extra field
10-10 04:26:22.382   576   655 D FileSystemUtils: Punching holes in file: /data/app/vmdl1525734050.tmp/base.apk programHeaderOffset: 64 programHeaderNum: 10
10-10 04:26:22.382   576   655 D FileSystemUtils: Total number of LOAD segments 3
10-10 04:26:22.382   576   655 D FileSystemUtils: Size before punching holes st_blocks: 145128, st_blksize: 4096, st_size: 74297698
10-10 04:26:22.382   576   655 D FileSystemUtils: Size after punching holes st_blocks: 145128, st_blksize: 4096, st_size: 74297698
10-10 04:26:22.387 20479 20479 E earchbox:search: Not starting debugger since process cannot load the jdwp agent.
10-10 04:26:22.382   576   655 D FileSystemUtils: Extra field length: 3728,  Size before punching holes st_blocks: 145128, st_blksize: 4096, st_size: 74297698
10-10 04:26:22.393   576   655 D FileSystemUtils: Skipping punching apk as extra field length is less than block size
10-10 04:26:22.394   576   655 W NativeLibraryHelper: Failed to punch apk : /data/app/vmdl1525734050.tmp/base.apk at extra field
10-10 04:26:22.394   576   655 D FileSystemUtils: Punching holes in file: /data/app/vmdl1525734050.tmp/base.apk programHeaderOffset: 64 programHeaderNum: 9
10-10 04:26:22.394   576   655 D FileSystemUtils: Total number of LOAD segments 2
10-10 04:26:22.394   576   655 D FileSystemUtils: Size before punching holes st_blocks: 145128, st_blksize: 4096, st_size: 74297698
10-10 04:26:22.394   576   655 D FileSystemUtils: Size after punching holes st_blocks: 145128, st_blksize: 4096, st_size: 74297698
10-10 04:26:22.394   576   655 D FileSystemUtils: Extra field length: 1378,  Size before punching holes st_blocks: 145128, st_blksize: 4096, st_size: 74297698
10-10 04:26:22.394   576   655 D FileSystemUtils: Skipping punching apk as extra field length is less than block size
10-10 04:26:22.394   576   655 W NativeLibraryHelper: Failed to punch apk : /data/app/vmdl1525734050.tmp/base.apk at extra field
10-10 04:26:22.394   576   655 D FileSystemUtils: Punching holes in file: /data/app/vmdl1525734050.tmp/base.apk programHeaderOffset: 64 programHeaderNum: 10
10-10 04:26:22.394   576   655 D FileSystemUtils: Total number of LOAD segments 3
10-10 04:26:22.394   576   655 D FileSystemUtils: Size before punching holes st_blocks: 145128, st_blksize: 4096, st_size: 74297698
10-10 04:26:22.394   576   655 D FileSystemUtils: Size after punching holes st_blocks: 145128, st_blksize: 4096, st_size: 74297698
10-10 04:26:22.394   576   655 D FileSystemUtils: Extra field length: 416,  Size before punching holes st_blocks: 145128, st_blksize: 4096, st_size: 74297698
10-10 04:26:22.394   576   655 D FileSystemUtils: Skipping punching apk as extra field length is less than block size
10-10 04:26:22.394   576   655 W NativeLibraryHelper: Failed to punch apk : /data/app/vmdl1525734050.tmp/base.apk at extra field
10-10 04:26:22.394   576   655 D FileSystemUtils: Punching holes in file: /data/app/vmdl1525734050.tmp/base.apk programHeaderOffset: 64 programHeaderNum: 10
10-10 04:26:22.394   576   655 D FileSystemUtils: Total number of LOAD segments 3
10-10 04:26:22.394   576   655 D FileSystemUtils: Size before punching holes st_blocks: 145128, st_blksize: 4096, st_size: 74297698
10-10 04:26:22.394   576   655 D FileSystemUtils: Size after punching holes st_blocks: 145128, st_blksize: 4096, st_size: 74297698
10-10 04:26:22.395   576   655 D FileSystemUtils: Extra field length: 2561,  Size before punching holes st_blocks: 145128, st_blksize: 4096, st_size: 74297698
10-10 04:26:22.395   576   655 D FileSystemUtils: Skipping punching apk as extra field length is less than block size
10-10 04:26:22.395   576   655 W NativeLibraryHelper: Failed to punch apk : /data/app/vmdl1525734050.tmp/base.apk at extra field
10-10 04:26:22.395   576   655 D FileSystemUtils: Punching holes in file: /data/app/vmdl1525734050.tmp/base.apk programHeaderOffset: 64 programHeaderNum: 10
10-10 04:26:22.395   576   655 D FileSystemUtils: Total number of LOAD segments 3
10-10 04:26:22.395   576   655 D FileSystemUtils: Size before punching holes st_blocks: 145128, st_blksize: 4096, st_size: 74297698
10-10 04:26:22.395   576   655 D FileSystemUtils: Size after punching holes st_blocks: 145128, st_blksize: 4096, st_size: 74297698
10-10 04:26:22.395   576   655 D FileSystemUtils: Extra field length: 1525,  Size before punching holes st_blocks: 145128, st_blksize: 4096, st_size: 74297698
10-10 04:26:22.395   576   655 D FileSystemUtils: Skipping punching apk as extra field length is less than block size
10-10 04:26:22.395   576   655 W NativeLibraryHelper: Failed to punch apk : /data/app/vmdl1525734050.tmp/base.apk at extra field
10-10 04:26:22.395   576   655 D FileSystemUtils: Punching holes in file: /data/app/vmdl1525734050.tmp/base.apk programHeaderOffset: 64 programHeaderNum: 10
10-10 04:26:22.395   576   655 D FileSystemUtils: Total number of LOAD segments 3
10-10 04:26:22.395   576   655 D FileSystemUtils: Size before punching holes st_blocks: 145128, st_blksize: 4096, st_size: 74297698
10-10 04:26:22.395   576   655 D FileSystemUtils: Size after punching holes st_blocks: 145128, st_blksize: 4096, st_size: 74297698
10-10 04:26:22.395   576   655 D FileSystemUtils: Extra field length: 1566,  Size before punching holes st_blocks: 145128, st_blksize: 4096, st_size: 74297698
10-10 04:26:22.395   576   655 D FileSystemUtils: Skipping punching apk as extra field length is less than block size
10-10 04:26:22.395   576   655 W NativeLibraryHelper: Failed to punch apk : /data/app/vmdl1525734050.tmp/base.apk at extra field
10-10 04:26:22.395   576   655 D FileSystemUtils: Punching holes in file: /data/app/vmdl1525734050.tmp/base.apk programHeaderOffset: 64 programHeaderNum: 10
10-10 04:26:22.395   576   655 D FileSystemUtils: Total number of LOAD segments 3
10-10 04:26:22.395   576   655 D FileSystemUtils: Size before punching holes st_blocks: 145128, st_blksize: 4096, st_size: 74297698
10-10 04:26:22.395   576   655 D FileSystemUtils: Size after punching holes st_blocks: 145128, st_blksize: 4096, st_size: 74297698
10-10 04:26:22.395   576   655 D FileSystemUtils: Extra field length: 429,  Size before punching holes st_blocks: 145128, st_blksize: 4096, st_size: 74297698
10-10 04:26:22.395   576   655 D FileSystemUtils: Skipping punching apk as extra field length is less than block size
10-10 04:26:22.395   576   655 W NativeLibraryHelper: Failed to punch apk : /data/app/vmdl1525734050.tmp/base.apk at extra field
10-10 04:26:22.395   576   655 D FileSystemUtils: Punching holes in file: /data/app/vmdl1525734050.tmp/base.apk programHeaderOffset: 64 programHeaderNum: 10
10-10 04:26:22.395   576   655 D FileSystemUtils: Total number of LOAD segments 3
10-10 04:26:22.395   576   655 D FileSystemUtils: Size before punching holes st_blocks: 145128, st_blksize: 4096, st_size: 74297698
10-10 04:26:22.395   576   655 D FileSystemUtils: Size after punching holes st_blocks: 145128, st_blksize: 4096, st_size: 74297698
10-10 04:26:22.395   576   655 D FileSystemUtils: Extra field length: 2048,  Size before punching holes st_blocks: 145128, st_blksize: 4096, st_size: 74297698
10-10 04:26:22.395   576   655 D FileSystemUtils: Skipping punching apk as extra field length is less than block size
10-10 04:26:22.395   576   655 W NativeLibraryHelper: Failed to punch apk : /data/app/vmdl1525734050.tmp/base.apk at extra field
10-10 04:26:22.395   576   655 D FileSystemUtils: Punching holes in file: /data/app/vmdl1525734050.tmp/base.apk programHeaderOffset: 64 programHeaderNum: 10
10-10 04:26:22.395   576   655 D FileSystemUtils: Total number of LOAD segments 3
10-10 04:26:22.395   576   655 D FileSystemUtils: Size before punching holes st_blocks: 145128, st_blksize: 4096, st_size: 74297698
10-10 04:26:22.395   576   655 D FileSystemUtils: Size after punching holes st_blocks: 145128, st_blksize: 4096, st_size: 74297698
10-10 04:26:22.395   576   655 D FileSystemUtils: Extra field length: 3885,  Size before punching holes st_blocks: 145128, st_blksize: 4096, st_size: 74297698
10-10 04:26:22.395   576   655 D FileSystemUtils: Skipping punching apk as extra field length is less than block size
10-10 04:26:22.395   576   655 W NativeLibraryHelper: Failed to punch apk : /data/app/vmdl1525734050.tmp/base.apk at extra field
10-10 04:26:22.395   576   655 D FileSystemUtils: Punching holes in file: /data/app/vmdl1525734050.tmp/base.apk programHeaderOffset: 64 programHeaderNum: 9
10-10 04:26:22.395   576   655 D FileSystemUtils: Total number of LOAD segments 2
10-10 04:26:22.395   576   655 D FileSystemUtils: Size before punching holes st_blocks: 145128, st_blksize: 4096, st_size: 74297698
10-10 04:26:22.395   576   655 D FileSystemUtils: Size after punching holes st_blocks: 145128, st_blksize: 4096, st_size: 74297698
10-10 04:26:22.395   576   655 D FileSystemUtils: Extra field length: 2031,  Size before punching holes st_blocks: 145128, st_blksize: 4096, st_size: 74297698
10-10 04:26:22.396   576   655 D FileSystemUtils: Skipping punching apk as extra field length is less than block size
10-10 04:26:22.396   576   655 W NativeLibraryHelper: Failed to punch apk : /data/app/vmdl1525734050.tmp/base.apk at extra field
10-10 04:26:22.396   576   655 D FileSystemUtils: Punching holes in file: /data/app/vmdl1525734050.tmp/base.apk programHeaderOffset: 64 programHeaderNum: 10
10-10 04:26:22.408   576   655 D FileSystemUtils: Total number of LOAD segments 3
10-10 04:26:22.408   576   655 D FileSystemUtils: Size before punching holes st_blocks: 145128, st_blksize: 4096, st_size: 74297698
10-10 04:26:22.408   576   655 D FileSystemUtils: Size after punching holes st_blocks: 145128, st_blksize: 4096, st_size: 74297698
10-10 04:26:22.408   576   655 D FileSystemUtils: Extra field length: 4087,  Size before punching holes st_blocks: 145128, st_blksize: 4096, st_size: 74297698
10-10 04:26:22.408   576   655 D FileSystemUtils: Skipping punching apk as extra field length is less than block size
10-10 04:26:22.408   576   655 W NativeLibraryHelper: Failed to punch apk : /data/app/vmdl1525734050.tmp/base.apk at extra field
10-10 04:26:22.408   576   655 D FileSystemUtils: Punching holes in file: /data/app/vmdl1525734050.tmp/base.apk programHeaderOffset: 64 programHeaderNum: 10
10-10 04:26:22.408   576   655 D FileSystemUtils: Total number of LOAD segments 3
10-10 04:26:22.408   576   655 D FileSystemUtils: Size before punching holes st_blocks: 145128, st_blksize: 4096, st_size: 74297698
10-10 04:26:22.408   576   655 D FileSystemUtils: Size after punching holes st_blocks: 145128, st_blksize: 4096, st_size: 74297698
10-10 04:26:22.408   576   655 D FileSystemUtils: Extra field length: 2067,  Size before punching holes st_blocks: 145128, st_blksize: 4096, st_size: 74297698
10-10 04:26:22.408   576   655 D FileSystemUtils: Skipping punching apk as extra field length is less than block size
10-10 04:26:22.408   576   655 W NativeLibraryHelper: Failed to punch apk : /data/app/vmdl1525734050.tmp/base.apk at extra field
10-10 04:26:22.408   576   655 D FileSystemUtils: Punching holes in file: /data/app/vmdl1525734050.tmp/base.apk programHeaderOffset: 64 programHeaderNum: 10
10-10 04:26:22.408   576   655 D FileSystemUtils: Total number of LOAD segments 3
10-10 04:26:22.408   576   655 D FileSystemUtils: Size before punching holes st_blocks: 145128, st_blksize: 4096, st_size: 74297698
10-10 04:26:22.408   576   655 D FileSystemUtils: Size after punching holes st_blocks: 145128, st_blksize: 4096, st_size: 74297698
10-10 04:26:22.408   576   655 D FileSystemUtils: Extra field length: 1063,  Size before punching holes st_blocks: 145128, st_blksize: 4096, st_size: 74297698
10-10 04:26:22.408   576   655 D FileSystemUtils: Skipping punching apk as extra field length is less than block size
10-10 04:26:22.408   576   655 W NativeLibraryHelper: Failed to punch apk : /data/app/vmdl1525734050.tmp/base.apk at extra field
10-10 04:26:22.408   576   655 D FileSystemUtils: Punching holes in file: /data/app/vmdl1525734050.tmp/base.apk programHeaderOffset: 64 programHeaderNum: 10
10-10 04:26:22.408   576   655 D FileSystemUtils: Total number of LOAD segments 3
10-10 04:26:22.408   576   655 D FileSystemUtils: Size before punching holes st_blocks: 145128, st_blksize: 4096, st_size: 74297698
