10-10 04:26:30.056 20621 20621 W ziparchive: Unable to open '/data/app/~~nXU29Fh6Ig4HTdQnlujlqQ==/com.android.vending-ZIqCh-DcaCwsWKnv7tShdA==/split_phonesky_data_loader.config.x86_64.dm': No such file or directory
10-10 04:26:30.070 20621 20621 W ding:background: Entry not found
10-10 04:26:30.075 20479 20479 I cr_CombinedPProvider: #registerProvider() provider:WV.z8@864787 isPolicyCacheEnabled:false policyProvidersSize:0
10-10 04:26:30.076   576  1637 W OptProp : Cannot read opt property android.window.PROPERTY_COMPAT_ALLOW_RESIZEABLE_ACTIVITY_OVERRIDES
10-10 04:26:30.081   576  1637 W OptProp : Cannot read opt property android.window.PROPERTY_COMPAT_ALLOW_MIN_ASPECT_RATIO_OVERRIDE
10-10 04:26:30.092 20618 20618 V GraphicsEnvironment: Currently set values for:
10-10 04:26:30.092 20618 20618 V GraphicsEnvironment:   angle_gl_driver_selection_pkgs=[]
10-10 04:26:30.092 20618 20618 V GraphicsEnvironment:   angle_gl_driver_selection_values=[]
10-10 04:26:30.092 20618 20618 V GraphicsEnvironment: Global.Settings values are invalid: number of packages: 0, number of values: 0
10-10 04:26:30.092 20618 20618 V GraphicsEnvironment: Neither updatable production driver nor prerelease driver is supported.
10-10 04:26:30.096   576  1439 V GrammaticalInflectionUtils: AttributionSource: android.content.AttributionSource@6c2d238e does not have READ_SYSTEM_GRAMMATICAL_GENDER permission.
10-10 04:26:30.096   576  2167 W AppOpService: Ignored setUidMode call for runtime permission app op: uid = 10141, code = READ_CELL_BROADCASTS, mode = allow, callingUid = 1001, oldMode = allow
10-10 04:26:30.098 20621 20621 D nativeloader: Configuring clns-7 for other apk /data/app/~~nXU29Fh6Ig4HTdQnlujlqQ==/com.android.vending-ZIqCh-DcaCwsWKnv7tShdA==/base.apk:/data/app/~~nXU29Fh6Ig4HTdQnlujlqQ==/com.android.vending-ZIqCh-DcaCwsWKnv7tShdA==/split_config.en.apk:/data/app/~~nXU29Fh6Ig4HTdQnlujlqQ==/com.android.vending-ZIqCh-DcaCwsWKnv7tShdA==/split_config.x86_64.apk:/data/app/~~nXU29Fh6Ig4HTdQnlujlqQ==/com.android.vending-ZIqCh-DcaCwsWKnv7tShdA==/split_phonesky_data_loader.apk:/data/app/~~nXU29Fh6Ig4HTdQnlujlqQ==/com.android.vending-ZIqCh-DcaCwsWKnv7tShdA==/split_phonesky_data_loader.config.x86_64.apk. target_sdk_version=35, uses_libraries=, library_path=/data/app/~~nXU29Fh6Ig4HTdQnlujlqQ==/com.android.vending-ZIqCh-DcaCwsWKnv7tShdA==/lib/x86_64:/data/app/~~nXU29Fh6Ig4HTdQnlujlqQ==/com.android.vending-ZIqCh-DcaCwsWKnv7tShdA==/base.apk!/lib/x86_64:/data/app/~~nXU29Fh6Ig4HTdQnlujlqQ==/com.android.vending-ZIqCh-DcaCwsWKnv7tShdA==/split_config.en.apk!/lib/x86_64:/data/app/~~nXU29Fh6Ig4HTdQnlujlqQ==/com.android.vending-ZIqCh-DcaCwsWKnv7tShdA==/split
10-10 04:26:30.103 20479 20484 I earchbox:search: Background concurrent mark compact GC freed 46MB AllocSpace bytes, 30(5004KB) LOS objects, 49% free, 21MB/43MB, paused 16.114ms,75.811ms total 950.905ms
10-10 04:26:30.106 20621 20621 D CompatChangeReporter: Compat change id reported: 202956589; UID 10142; state: ENABLED
10-10 04:26:30.113 20479 20486 W earchbox:search: ApkAssets: Deleting an ApkAssets object '<empty> and /data/app/~~X8vnKbz2-Uc1ehMVvUs2_Q==/com.google.android.webview-UFWTD6nRHVk7pd05cPExNA==/base.apk' with 2 weak references
10-10 04:26:30.113 20479 20486 W earchbox:search: ApkAssets: Deleting an ApkAssets object '<empty> and /data/app/~~X8vnKbz2-Uc1ehMVvUs2_Q==/com.google.android.webview-UFWTD6nRHVk7pd05cPExNA==/split_config.en.apk' with 2 weak references
10-10 04:26:30.113 20479 20486 W earchbox:search: ApkAssets: Deleting an ApkAssets object '<empty> and /data/app/~~X8vnKbz2-Uc1ehMVvUs2_Q==/com.google.android.webview-UFWTD6nRHVk7pd05cPExNA==/split_config.ru.apk' with 2 weak references
10-10 04:26:30.113 20479 20486 W earchbox:search: ApkAssets: Deleting an ApkAssets object '<empty> and /data/app/~~X8vnKbz2-Uc1ehMVvUs2_Q==/com.google.android.webview-UFWTD6nRHVk7pd05cPExNA==/split_config.uz.apk' with 2 weak references
10-10 04:26:30.115 15073 15077 W ssioncontroller: Suspending all threads took: 12.728ms
10-10 04:26:30.122   576   733 D ConnectivityService: Switching to new default network for: uid/pid:1000/576 activeRequest: 10 callbackRequest: 10 [NetworkRequest [ TRACK_DEFAULT id=10, [ Capabilities: INTERNET&NOT_RESTRICTED&TRUSTED&NOT_VPN&NOT_VCN_MANAGED&NOT_BANDWIDTH_CONSTRAINED Uid: 10141 RequestorUid: 1000 RequestorPkg: android UnderlyingNetworks: Null] ], NetworkRequest [ REQUEST id=11, [ Transports: SATELLITE Capabilities: INTERNET&TRUSTED&NOT_VPN&NOT_VCN_MANAGED Uid: 10141 UnderlyingNetworks: Null] ]] callback flags: 0 order: 40 isUidTracked: false using NetworkAgentInfo{network{101}  handle{437197393933}  ni{MOBILE[LTE] CONNECTED extra: fast.t-mobile.com} created=2024-10-23T11:34:33.248Z Score(Policies : EVER_EVALUATED&EVER_VALIDATED&IS_VALIDATED ; KeepConnected : 0)  created 74455 firstValidated 75777 lastValidated 60222103  lp{{InterfaceName: eth0 LinkAddresses: [ 10.0.2.15/24 ] DnsAddresses: [ /10.0.2.3 ] UsePrivateDns: true ValidatedPrivateDnsAddresses: [10.0.2.3] Domains: null MTU: 1500 TcpBufferSizes: 2097152,6291456,16777216,512000,2097152,8388608 Routes: [ 0.0.0.0/0 -> 10.0.2.2 eth0 mtu 1500,10.0.2.0/24 -> 0.0.0.0 eth0 mtu 0 ]}}  nc{[ Transports: CELLULAR Capabilities: MMS&SUPL&IA&XCAP&INTERNET&NOT_RESTRICTED&TRUSTED&NOT_VPN&VALIDATED&NOT_ROAMING&NOT_CONGESTED&NOT_SUSPENDED&NOT_VCN_MANAGED&NOT_BANDWIDTH_CONSTRAINED LinkUpBandwidth>=15000Kbps LinkDnBandwidth>=30000Kbps Specifier: <TelephonyNetworkSpecifier [mSubId = 1]> SubscriptionIds: {1} UnderlyingNetworks: Null]}  factorySerialNumber=4}
10-10 04:26:30.124 15073 15073 D ActivityThread: Package [com.azizjon789.myapp] reported as REPLACED, but missing application info. Assuming REMOVED.
10-10 04:26:30.126 15073 15073 D ActivityThread: Package [com.azizjon789.myapp] reported as REPLACED, but missing application info. Assuming REMOVED.
10-10 04:26:30.127 15073 15077 I ssioncontroller: Background concurrent mark compact GC freed 1852KB AllocSpace bytes, 8(1356KB) LOS objects, 49% free, 5681KB/11MB, paused 15.317ms,2.268ms total 81.367ms
10-10 04:26:30.129   576   766 D NetworkTimeUpdateService: New default network 101; checking time.
10-10 04:26:30.146   576   733 W IPCThreadState: Sending oneway calls to frozen process.
10-10 04:26:30.168   576   968 D ConnectivityService: Returning BLOCKED NetworkInfo to uid=10154
10-10 04:26:30.182   576   576 W Looper  : Slow dispatch took 159ms main h=android.app.ActivityThread$H c=android.app.LoadedApk$ReceiverDispatcher$Args$$ExternalSyntheticLambda0@862e473 m=0
10-10 04:26:30.193   576   724 D CompatChangeReporter: Compat change id reported: 297989574; UID 1000; state: ENABLED
10-10 04:26:30.250 17503 17527 W AppLinksAsyncVerifierV2: Error performing check:  [CONTEXT service_id=244 ]
10-10 04:26:30.250 17503 17527 W AppLinksAsyncVerifierV2: gkcy: DEADLINE_EXCEEDED: Deadline CallOptions will be exceeded in 7.816063900s. 
10-10 04:26:30.250 17503 17527 W AppLinksAsyncVerifierV2: 	at anay.r(:com.google.android.gms@244134038@24.41.34 (260800-685836814):31)
10-10 04:26:30.250 17503 17527 W AppLinksAsyncVerifierV2: 	at anay.E(:com.google.android.gms@244134038@24.41.34 (260800-685836814):56)
10-10 04:26:30.250 17503 17527 W AppLinksAsyncVerifierV2: 	at dmiy.a(:com.google.android.gms@244134038@24.41.34 (260800-685836814):46)
10-10 04:26:30.250 17503 17527 W AppLinksAsyncVerifierV2: 	at dmie.c(:com.google.android.gms@244134038@24.41.34 (260800-685836814):8)
10-10 04:26:30.250 17503 17527 W AppLinksAsyncVerifierV2: 	at dmie.a(:com.google.android.gms@244134038@24.41.34 (260800-685836814):3)
10-10 04:26:30.250 17503 17527 W AppLinksAsyncVerifierV2: 	at ajap.run(:com.google.android.gms@244134038@24.41.34 (260800-685836814):5)
10-10 04:26:30.250 17503 17527 W AppLinksAsyncVerifierV2: 	at angk.c(:com.google.android.gms@244134038@24.41.34 (260800-685836814):50)
10-10 04:26:30.250 17503 17527 W AppLinksAsyncVerifierV2: 	at angk.run(:com.google.android.gms@244134038@24.41.34 (260800-685836814):76)
10-10 04:26:30.250 17503 17527 W AppLinksAsyncVerifierV2: 	at java.util.concurrent.ThreadPoolExecutor.runWorker(ThreadPoolExecutor.java:1145)
10-10 04:26:30.250 17503 17527 W AppLinksAsyncVerifierV2: 	at java.util.concurrent.ThreadPoolExecutor$Worker.run(ThreadPoolExecutor.java:644)
10-10 04:26:30.250 17503 17527 W AppLinksAsyncVerifierV2: 	at anlu.run(:com.google.android.gms@244134038@24.41.34 (260800-685836814):8)
10-10 04:26:30.250 17503 17527 W AppLinksAsyncVerifierV2: 	at java.lang.Thread.run(Thread.java:1012)
10-10 04:26:30.287   576   882 D ConnectivityService: Returning BLOCKED NetworkInfo to uid=10138
10-10 04:26:30.293   809   809 I wpa_supplicant: wlan0: CTRL-EVENT-BEACON-LOSS 
10-10 04:26:30.323   576  1637 I ActivityTaskManager: START u0 {act=android.intent.action.MAIN flg=0x30000000 cmp=com.azizjon789.myapp/.MainActivity} with LAUNCH_SINGLE_TASK from uid 2000 (BAL_ALLOW_PERMISSION) result code=0
10-10 04:26:30.327   903  1022 D UpstreamNetworkMonitor: New default Internet network: 101
10-10 04:26:30.333 20479 20572 I A       : (REDACTED) Mobalt: uploading logs to the Cobalt Server, got %s observations
10-10 04:26:30.333   576  1439 W ActivityManager: Slow operation: 261ms so far, now at startProcess: done creating new process record
10-10 04:26:30.333   576  1439 W ActivityManager: Slow operation: 261ms so far, now at startProcess: stepping in to startProcess
10-10 04:26:30.334   576  1439 W ActivityManager: Slow operation: 261ms so far, now at startProcess: done starting proc!
10-10 04:26:30.335   576   598 V GrammaticalInflectionUtils: AttributionSource: android.content.AttributionSource@bc60e8bf does not have READ_SYSTEM_GRAMMATICAL_GENDER permission.
10-10 04:26:30.356   576   608 W MagnificationConnectionManager: requestConnection duplicated request: connect=false, mConnectionState=DISCONNECTED
10-10 04:26:30.363   576   608 W MagnificationConnectionManager: requestConnection duplicated request: connect=false, mConnectionState=DISCONNECTED
10-10 04:26:30.377 17503 17532 W AppLinksAsyncVerifierV2: Error performing check:  [CONTEXT service_id=244 ]
10-10 04:26:30.377 17503 17532 W AppLinksAsyncVerifierV2: gkcy: DEADLINE_EXCEEDED: Deadline CallOptions will be exceeded in 7.801668200s. 
10-10 04:26:30.377 17503 17532 W AppLinksAsyncVerifierV2: 	at anay.r(:com.google.android.gms@244134038@24.41.34 (260800-685836814):31)
10-10 04:26:30.377 17503 17532 W AppLinksAsyncVerifierV2: 	at anay.E(:com.google.android.gms@244134038@24.41.34 (260800-685836814):56)
10-10 04:26:30.377 17503 17532 W AppLinksAsyncVerifierV2: 	at dmiy.a(:com.google.android.gms@244134038@24.41.34 (260800-685836814):46)
10-10 04:26:30.377 17503 17532 W AppLinksAsyncVerifierV2: 	at dmie.c(:com.google.android.gms@244134038@24.41.34 (260800-685836814):8)
10-10 04:26:30.377 17503 17532 W AppLinksAsyncVerifierV2: 	at dmie.a(:com.google.android.gms@244134038@24.41.34 (260800-685836814):3)
10-10 04:26:30.377 17503 17532 W AppLinksAsyncVerifierV2: 	at ajap.run(:com.google.android.gms@244134038@24.41.34 (260800-685836814):5)
10-10 04:26:30.377 17503 17532 W AppLinksAsyncVerifierV2: 	at angk.c(:com.google.android.gms@244134038@24.41.34 (260800-685836814):50)
10-10 04:26:30.377 17503 17532 W AppLinksAsyncVerifierV2: 	at angk.run(:com.google.android.gms@244134038@24.41.34 (260800-685836814):76)
10-10 04:26:30.377 17503 17532 W AppLinksAsyncVerifierV2: 	at java.util.concurrent.ThreadPoolExecutor.runWorker(ThreadPoolExecutor.java:1145)
10-10 04:26:30.377 17503 17532 W AppLinksAsyncVerifierV2: 	at java.util.concurrent.ThreadPoolExecutor$Worker.run(ThreadPoolExecutor.java:644)
10-10 04:26:30.377 17503 17532 W AppLinksAsyncVerifierV2: 	at anlu.run(:com.google.android.gms@244134038@24.41.34 (260800-685836814):8)
10-10 04:26:30.377 17503 17532 W AppLinksAsyncVerifierV2: 	at java.lang.Thread.run(Thread.java:1012)
10-10 04:26:30.403  1441  2173 I BugleRcsEngine: handleMessage processing message:[NOTIFY_UPTIME_IGNORE_STATE_CHANGED] with [non-null]:RcsEngineImpl reference [CONTEXT log_prefix="RcsEngineImpl[DUAL_REG]:[37c811aa-7176]>Handler" thread_id=61 ]
10-10 04:26:30.406   824   861 V WindowManagerShell: Transition requested (#212): android.os.BinderProxy@3c3ce8b TransitionRequestInfo { type = OPEN, triggerTask = TaskInfo{userId=0 taskId=101 displayId=0 isRunning=true baseIntent=Intent { act=android.intent.action.MAIN flg=0x30000000 cmp=com.azizjon789.myapp/.MainActivity } baseActivity=ComponentInfo{com.azizjon789.myapp/com.azizjon789.myapp.MainActivity} topActivity=ComponentInfo{com.azizjon789.myapp/com.azizjon789.myapp.MainActivity} origActivity=null realActivity=ComponentInfo{com.azizjon789.myapp/com.azizjon789.myapp.MainActivity} numActivities=1 lastActiveTime=60223039 supportsMultiWindow=true resizeMode=1 isResizeable=true minWidth=-1 minHeight=-1 defaultMinSize=220 token=WCT{android.window.IWindowContainerToken$Stub$Proxy@dcf7b68} topActivityType=1 pictureInPictureParams=null shouldDockBigOverlays=false launchIntoPipHostTaskId=-1 lastParentTaskIdBeforePip=-1 displayCutoutSafeInsets=null topActivityInfo=ActivityInfo{3616b81 com.azizjon789.myapp.MainActivity} launchCookies=[] positionInParent=Point(0, 0) parentTaskId=-1 isFocused=false isVisible=false isVisibleRequested=false isSleeping=true locusId=null displayAreaFeatureId=1 isTopActivityTransparent=false appCompatTaskInfo=AppCompatTaskInfo { topActivityInSizeCompat=false topActivityEligibleForLetterboxEducation= falseisLetterboxEducationEnabled= true isLetterboxDoubleTapEnabled= false topActivityEligibleForUserAspectRatioButton= false topActivityBoundsLetterboxed= false isFromLetterboxDoubleTap= false topActivityLetterboxVerticalPosition= -1 topActivityLetterboxHorizontalPosition= -1 topActivityLetterboxWidth=1080 topActivityLetterboxHeight=2280 isUserFullscreenOverrideEnabled=false isSystemFullscreenOverrideEnabled=false cameraCompatTaskInfo=CameraCompatTaskInfo { cameraCompatControlState=hidden freeformCameraCompatMode=inactive}}}, pipTask = null, remoteTransition = null, displayChange = null, flags = 0, debugId = 212 }
10-10 04:26:30.409  1077  3507 D TrafficStats: tagSocket(359) with statsTag=0x401, statsUid=10144
10-10 04:26:30.421   576   591 W ContentProviderHelper: Slow operation: 70ms so far, now at getContentProviderImpl: after getApplicationInfo
10-10 04:26:30.421   576   591 W ContentProviderHelper: Slow operation: 70ms so far, now at getContentProviderImpl: now have ContentProviderRecord
10-10 04:26:30.421   576   591 W ContentProviderHelper: Slow operation: 70ms so far, now at getContentProviderImpl: before set stopped state
10-10 04:26:30.422   576   591 W ContentProviderHelper: Slow operation: 70ms so far, now at getContentProviderImpl: after set stopped state
10-10 04:26:30.422   576   591 W ContentProviderHelper: Slow operation: 70ms so far, now at getContentProviderImpl: looking for process record
10-10 04:26:30.422   576   591 W ContentProviderHelper: Slow operation: 70ms so far, now at getContentProviderImpl: before start process
10-10 04:26:30.459 18395 18395 I TopTaskTracker: onTaskMovedToFront: (moved taskInfo to front) taskId=101, baseIntent=Intent { act=android.intent.action.MAIN flg=0x30000000 cmp=com.azizjon789.myapp/.MainActivity }
10-10 04:26:30.480 20621 20621 V GraphicsEnvironment: Currently set values for:
10-10 04:26:30.480 20621 20621 V GraphicsEnvironment:   angle_gl_driver_selection_pkgs=[]
10-10 04:26:30.480 20621 20621 V GraphicsEnvironment:   angle_gl_driver_selection_values=[]
10-10 04:26:30.480 20621 20621 V GraphicsEnvironment: Global.Settings values are invalid: number of packages: 0, number of values: 0
10-10 04:26:30.480 20621 20621 V GraphicsEnvironment: Neither updatable production driver nor prerelease driver is supported.
10-10 04:26:30.498 20429 20468 W PhClient: Shared storage file not found for com.google.android.libraries.performance.primes#com.google.android.contacts
10-10 04:26:30.526   576   733 W IPCThreadState: Sending oneway calls to frozen process.
10-10 04:26:30.528   576   733 D ConnectivityService: Sending DISCONNECTED broadcast for type 1 [100 WIFI] isDefaultNetwork=true
10-10 04:26:30.550   576   595 I GnssNetworkConnectivityHandler: updateNetworkState, state=CLOSED, connected=true, network=101, capabilityFlags=2, availableNetworkCount: 1
10-10 04:26:30.553   975  1152 D com.android.ons.ONSProfileActivator: Internet connection available
10-10 04:26:30.592   424   424 I BpBinder: onLastStrongRef automatically unlinking death recipients: 
10-10 04:26:30.601   975   975 E CellBroadcastUtils: getDefaultCellBroadcastReceiverPackageName: no package found
10-10 04:26:30.619   576   591 V GrammaticalInflectionUtils: AttributionSource: android.content.AttributionSource@4bc10fc1 does not have READ_SYSTEM_GRAMMATICAL_GENDER permission.
10-10 04:26:30.620   576   591 W ActivityManager: Slow operation: 198ms so far, now at startProcess: done creating new process record
10-10 04:26:30.620   576   591 W ActivityManager: Slow operation: 198ms so far, now at startProcess: stepping in to startProcess
10-10 04:26:30.621   576   591 W ActivityManager: Slow operation: 199ms so far, now at startProcess: done starting proc!
10-10 04:26:30.621   576   591 W ContentProviderHelper: Slow operation: 269ms so far, now at getContentProviderImpl: after start process
10-10 04:26:30.621   576   591 W ContentProviderHelper: Slow operation: 269ms so far, now at getContentProviderImpl: updating data structures
10-10 04:26:30.621   576   591 W ContentProviderHelper: Slow operation: 269ms so far, now at getContentProviderImpl: done!
10-10 04:26:30.635 20479 20572 I A       : Mobalt: finish sending logs to the Cobalt Server successfully
10-10 04:26:30.642  1245 20238 W chromium: [1010/042630.642590:WARNING:dns_config_service_android.cc(81)] Failed to read DnsConfig.
10-10 04:26:30.648   371   371 D Zygote  : Forked child process 20678
10-10 04:26:30.650   576   610 W ActivityManager: Slow operation: 316ms so far, now at startProcess: returned from zygote!
10-10 04:26:30.650   576   610 W ActivityManager: Slow operation: 317ms so far, now at startProcess: done updating battery stats
10-10 04:26:30.650   576   610 W ActivityManager: Slow operation: 317ms so far, now at startProcess: building log message
10-10 04:26:30.650   576   610 I ActivityManager: Start proc 20678:com.google.android.webview:webview_service/u0a162 for service {com.google.android.webview/org.chromium.android_webview.services.VariationsSeedServer}
10-10 04:26:30.651   576   610 W ActivityManager: Slow operation: 317ms so far, now at startProcess: starting to update pids map
10-10 04:26:30.651   576   610 W ActivityManager: Slow operation: 317ms so far, now at startProcess: done updating pids map
10-10 04:26:30.651   576   610 W ActivityManager: Slow operation: 315ms so far, now at startProcess: asking zygote to start proc
10-10 04:26:30.654   576   595 W Looper  : Slow dispatch took 108ms android.fg h=android.net.ConnectivityManager$CallbackHandler c=null m=2
10-10 04:26:30.673   576   656 W AppOpService: Ignored setUidMode call for runtime permission app op: uid = 1001, code = READ_SMS, mode = allow, callingUid = 1001, oldMode = allow
10-10 04:26:30.694   576   733 W ContextImpl: Calling a method in the system process without a qualified user: android.app.ContextImpl.sendStickyBroadcast:1655 android.net.connectivity.com.android.server.ConnectivityService.sendStickyBroadcast:3944 android.net.connectivity.com.android.server.ConnectivityService.sendLegacyNetworkBroadcast:11525 android.net.connectivity.com.android.server.ConnectivityService$LegacyTypeTracker.remove:1296 android.net.connectivity.com.android.server.ConnectivityService.updateLegacyTypeTrackerAndVpnLockdownForRematch:10988 
10-10 04:26:30.721   576   733 D ConnectivityService: Sending CONNECTED broadcast for type 0 [101 CELLULAR] isDefaultNetwork=true
10-10 04:26:30.721   576   733 W ContextImpl: Calling a method in the system process without a qualified user: android.app.ContextImpl.sendStickyBroadcast:1655 android.net.connectivity.com.android.server.ConnectivityService.sendStickyBroadcast:3944 android.net.connectivity.com.android.server.ConnectivityService.sendGeneralBroadcast:3914 android.net.connectivity.com.android.server.ConnectivityService.sendConnectedBroadcast:3887 android.net.connectivity.com.android.server.ConnectivityService.sendLegacyNetworkBroadcast:11497 
10-10 04:26:30.732   576   733 D ConnectivityService: NetReassign [39 : 100 â†’ 101, 31 : 100 â†’ 101, 215 : 100 â†’ 101, 606 : 100 â†’ 101, 21 : 100 â†’ 101, 68 : 100 â†’ 101, 178 : 100 â†’ 101, 211 : 100 â†’ 101, 6 : 100 â†’ 101, 55 : 100 â†’ 101, 608 : 100 â†’ 101, 109 : 100 â†’ 101, 53 : 100 â†’ 101, 260 : 100 â†’ 101, 46 : 100 â†’ 101, 91 : 100 â†’ 101, 65 : 100 â†’ 101, 163 : 100 â†’ 101, 157 : 100 â†’ 101, 675 : 100 â†’ 101, 72 : 100 â†’ 101, 17 : 100 â†’ 101, 121 : 100 â†’ 101, 673 : 100 â†’ 101, 23 : 100 â†’ 101, 83 : 100 â†’ 101, 604 : 100 â†’ 101, 668 : 100 â†’ 101, 33 : 100 â†’ 101, 70 : 100 â†’ 101, 1 : 100 â†’ 101, 98 : 100 â†’ 101, 615 : 100 â†’ 101, 655 : 100 â†’ 101, 149 : 100 â†’ 101, 664 : 100 â†’ 101, 670 : 100 â†’ 101, 644 : 100 â†’ 101, 610 : 100 â†’ 101, 25 : 100 â†’ 101, 48 : 100 â†’ 101, 29 : 100 â†’ 101, 634 : 100 â†’ 101, 180 : 100 â†’ 101, 42 : 100 â†’ 101, 96 : 100 â†’ 101, 36 : 100 â†’ 101, 125 : 100 â†’ 101, 27 : 100 â†’ 101, 678 : 100 â†’ 101, 104 : 100 â†’ 101, 10 : 100 â†’ 101, 38 : 100 â†’ 101, 77 : 100 â†’ 101, 136 : 100 â†’ 101, 59 : 100 â†’ 101, 625 : 100 â†’ 101, 19 : 100 â†’ 101, 37 : 100 â†’ 101] [c 1] [a 1306] [i 0]
10-10 04:26:30.766   576  1474 W AppOpService: Ignored setUidMode call for runtime permission app op: uid = 1001, code = RECEIVE_SMS, mode = allow, callingUid = 1001, oldMode = allow
10-10 04:26:30.792   576   733 W IPCThreadState: Sending oneway calls to frozen process.
10-10 04:26:30.804   576   733 D ConnectivityService: Setting DNS servers for network 101 to [/10.0.2.3]
10-10 04:26:30.804   576   733 D DnsManager: sendDnsConfigurationForNetwork(101, [10.0.2.3], [], 1800, 25, 8, 64, 0, 0, , [10.0.2.3], [0], true, [eth0])
10-10 04:26:30.851  1077  3507 D TrafficStats: tagSocket(360) with statsTag=0x401, statsUid=10144
10-10 04:26:30.862  1441  1811 I BugleRcsEngine: Connected state: [1], networkType: [MOBILE] [CONTEXT thread_id=55 ]
10-10 04:26:30.895  1372  2018 I AiAiTextClassifier: [VisualCortexAdapter]: provideRegistration: Registered Prominent Screen Entities for updates.
10-10 04:26:30.919 18639 18639 I Finsky  : [2] aaar.i(1): aaar - Received: android.intent.action.PACKAGE_ADDED, [WpDGe2_613E1ppWI_mG0y5pWd4hnyyZQN0CTchkPzC4]
10-10 04:26:30.923   576   874 V GrammaticalInflectionUtils: AttributionSource: android.content.AttributionSource@a246d002 does not have READ_SYSTEM_GRAMMATICAL_GENDER permission.
10-10 04:26:30.924   576   874 W ActivityManager: Slow operation: 186ms so far, now at startProcess: done creating new process record
10-10 04:26:30.924   576   874 W ActivityManager: Slow operation: 186ms so far, now at startProcess: stepping in to startProcess
10-10 04:26:30.925   576   874 W ActivityManager: Slow operation: 187ms so far, now at startProcess: done starting proc!
10-10 04:26:30.938   576  2252 W ActivityManager: Slow operation: 812ms so far, now at finishAttachApplicationInner: after mServices.attachApplicationLocked
10-10 04:26:30.939   576  2252 W ActivityManager: Slow operation: 812ms so far, now at finishAttachApplicationInner: after dispatching broadcasts
10-10 04:26:30.956 20621 20621 I Finsky:background: [2] mdc.j(82): Process created at version: 43.2.16-31 [0] [PR] 686207179
10-10 04:26:30.972 20479 20479 I cr_PolicyProvider: #setManagerAndSource() 0
10-10 04:26:30.972  1372  1378 I ogle.android.as: Background concurrent mark compact GC freed 6378KB AllocSpace bytes, 0(0B) LOS objects, 49% free, 6901KB/13MB, paused 26.131ms,5.064ms total 2.139s
10-10 04:26:30.972  1372  1378 W ogle.android.as: Reducing the number of considered missed Gc histogram windows from 519 to 100
10-10 04:26:30.977   371   371 D Zygote  : Forked child process 20683
10-10 04:26:30.989 20678 20678 I webview_service: Using CollectorTypeCMC GC.
10-10 04:26:30.990 20678 20678 W webview_service: Unexpected CPU variant for x86: x86_64.
10-10 04:26:30.990 20678 20678 W webview_service: Known variants: atom, sandybridge, silvermont, goldmont, goldmont-plus, goldmont-without-sha-xsaves, tremont, kabylake, default
10-10 04:26:31.020 20678 20678 E webview_service: Not starting debugger since process cannot load the jdwp agent.
10-10 04:26:31.024   576  1474 W AppOpService: Ignored setUidMode call for runtime permission app op: uid = 1001, code = RECEIVE_WAP_PUSH, mode = allow, callingUid = 1001, oldMode = allow
10-10 04:26:31.031  1441  1811 I BugleRcsEngine: Connected state: [1], networkType: [MOBILE] [CONTEXT thread_id=55 ]
10-10 04:26:31.036   576   610 W ActivityManager: Slow operation: 700ms so far, now at startProcess: returned from zygote!
10-10 04:26:31.037   576   590 W AppOpService: Ignored setUidMode call for runtime permission app op: uid = 1001, code = SEND_SMS, mode = allow, callingUid = 1001, oldMode = allow
10-10 04:26:31.037   576   590 W AppOpService: Ignored setUidMode call for runtime permission app op: uid = 1001, code = READ_CELL_BROADCASTS, mode = allow, callingUid = 1001, oldMode = allow
10-10 04:26:31.046   975   975 E SmsApplication: com.google.android.apps.messaging lost android:read_cell_broadcasts:  (fixing)
10-10 04:26:31.046   576  1439 W AppOpService: Ignored setUidMode call for runtime permission app op: uid = 10141, code = READ_CELL_BROADCASTS, mode = allow, callingUid = 1001, oldMode = allow
10-10 04:26:31.046 20678 20678 D nativeloader: Load libframework-connectivity-tiramisu-jni.so using APEX ns com_android_tethering for caller /apex/com.android.tethering/javalib/framework-connectivity-t.jar: ok
10-10 04:26:31.049   975   975 E CellBroadcastUtils: getDefaultCellBroadcastReceiverPackageName: no package found
10-10 04:26:31.049   576  1439 W AppOpService: Ignored setUidMode call for runtime permission app op: uid = 1001, code = READ_SMS, mode = allow, callingUid = 1001, oldMode = allow
10-10 04:26:31.050   576  1439 W AppOpService: Ignored setUidMode call for runtime permission app op: uid = 1001, code = RECEIVE_SMS, mode = allow, callingUid = 1001, oldMode = allow
10-10 04:26:31.067 15073 20314 I PermissionControllerServiceImpl: Updating user sensitive for uid 10209
10-10 04:26:31.067   576  1482 W AppOpService: Ignored setUidMode call for runtime permission app op: uid = 1001, code = RECEIVE_WAP_PUSH, mode = allow, callingUid = 1001, oldMode = allow
10-10 04:26:31.082   576   576 W AlarmManager: Package com.azizjon789.myapp, uid 10209 lost permission to set exact alarms!
10-10 04:26:31.082   576   576 W Looper  : Slow dispatch took 894ms main h=com.android.server.alarm.AlarmManagerService$AlarmHandler c=null m=13
10-10 04:26:31.090 18395 18395 D StatsLog: LAUNCHER_ALLAPPS_COUNT
10-10 04:26:31.097   576   591 W AppOpService: Ignored setUidMode call for runtime permission app op: uid = 1001, code = SEND_SMS, mode = allow, callingUid = 1001, oldMode = allow
10-10 04:26:31.098   576  1637 W AppOpService: Ignored setUidMode call for runtime permission app op: uid = 1001, code = READ_CELL_BROADCASTS, mode = allow, callingUid = 1001, oldMode = allow
10-10 04:26:31.120 20683 20683 I zizjon789.myapp: Using CollectorTypeCMC GC.
10-10 04:26:31.123 20683 20683 W zizjon789.myapp: Unexpected CPU variant for x86: x86_64.
10-10 04:26:31.123 20683 20683 W zizjon789.myapp: Known variants: atom, sandybridge, silvermont, goldmont, goldmont-plus, goldmont-without-sha-xsaves, tremont, kabylake, default
10-10 04:26:31.126 20683 20683 E zizjon789.myapp: Not starting debugger since process cannot load the jdwp agent.
10-10 04:26:31.139 20683 20683 D nativeloader: Load libframework-connectivity-tiramisu-jni.so using APEX ns com_android_tethering for caller /apex/com.android.tethering/javalib/framework-connectivity-t.jar: ok
10-10 04:26:31.147   576   576 W IPCThreadState: Sending oneway calls to frozen process.
10-10 04:26:31.162   576   610 W ActivityManager: Slow operation: 827ms so far, now at startProcess: done updating battery stats
10-10 04:26:31.163   576   610 W ActivityManager: Slow operation: 827ms so far, now at startProcess: building log message
10-10 04:26:31.163   576   610 I ActivityManager: Start proc 20683:com.azizjon789.myapp/u0a209 for top-activity {com.azizjon789.myapp/com.azizjon789.myapp.MainActivity}
10-10 04:26:31.163   576   610 W ActivityManager: Slow operation: 827ms so far, now at startProcess: starting to update pids map
10-10 04:26:31.163   576   610 W ActivityManager: Slow operation: 828ms so far, now at startProcess: done updating pids map
10-10 04:26:31.163   576   610 W ActivityManager: Slow operation: 544ms so far, now at startProcess: asking zygote to start proc
10-10 04:26:31.177   371   371 D Zygote  : Forked child process 20710
10-10 04:26:31.178   576   609 W IPCThreadState: Sending oneway calls to frozen process.
10-10 04:26:31.179   576   609 W IPCThreadState: Sending oneway calls to frozen process.
10-10 04:26:31.179   576   609 W IPCThreadState: Sending oneway calls to frozen process.
10-10 04:26:31.181   576   610 W ActivityManager: Slow operation: 561ms so far, now at startProcess: returned from zygote!
10-10 04:26:31.195 20710 20710 I .apps.wellbeing: Using CollectorTypeCMC GC.
10-10 04:26:31.196 20710 20710 W .apps.wellbeing: Unexpected CPU variant for x86: x86_64.
10-10 04:26:31.196 20710 20710 W .apps.wellbeing: Known variants: atom, sandybridge, silvermont, goldmont, goldmont-plus, goldmont-without-sha-xsaves, tremont, kabylake, default
10-10 04:26:31.202 20710 20710 E .apps.wellbeing: Not starting debugger since process cannot load the jdwp agent.
10-10 04:26:31.211 20710 20710 D nativeloader: Load libframework-connectivity-tiramisu-jni.so using APEX ns com_android_tethering for caller /apex/com.android.tethering/javalib/framework-connectivity-t.jar: ok
10-10 04:26:31.214  1441  2173 I BugleRcsEngine: No RCS Configuration was found in Bugle for simID: redacted-pii:sim_id[chars:20,last3:897] [CONTEXT log_prefix="ProvisioningEngineDataRetriever" thread_id=61 ]
10-10 04:26:31.222  1441  2173 I BugleRcsEngine: handleMessage processing message:[NOTIFY_UPTIME_IGNORE_STATE_CHANGED] with [non-null]:RcsEngineImpl reference [CONTEXT log_prefix="RcsEngineImpl[DUAL_REG]:[37c811aa-7176]>Handler" thread_id=61 ]
10-10 04:26:31.234 18639 18639 I Finsky  : [2] ufw.jI(11): DTU: Received onPackageAdded, replacing: true
10-10 04:26:31.237   576   576 W IPCThreadState: Sending oneway calls to frozen process.
10-10 04:26:31.248   576   576 W Looper  : Slow dispatch took 100ms main h=com.android.server.accessibility.AccessibilityManagerService$MainHandler c=com.android.server.accessibility.AccessibilityManagerService$$ExternalSyntheticLambda3@4b09e61 m=0
10-10 04:26:31.261  1372  2018 I AiAiTextClassifier: [VisualCortexAdapter]: provideRegistration: Registered Prominent Screen Entities for updates.
10-10 04:26:31.261 20678 20678 D CompatChangeReporter: Compat change id reported: 242716250; UID 10162; state: ENABLED
10-10 04:26:31.266   576   610 W ActivityManager: Slow operation: 634ms so far, now at startProcess: done updating battery stats
10-10 04:26:31.267  1372  2018 I AiAiTextClassifier: [VisualCortexAdapter]: provideRegistration: Registered Prominent Screen Entities for updates.
10-10 04:26:31.269   576   610 W ActivityManager: Slow operation: 649ms so far, now at startProcess: building log message
10-10 04:26:31.269   576   610 I ActivityManager: Start proc 20710:com.google.android.apps.wellbeing/u0a143 for content provider {com.google.android.apps.wellbeing/com.google.android.apps.wellbeing.api.impl.WellbeingSettingsProvider}
10-10 04:26:31.269   576   610 W ActivityManager: Slow operation: 649ms so far, now at startProcess: starting to update pids map
10-10 04:26:31.271  1372  2018 I AiAiTextClassifier: [VisualCortexAdapter]: provideRegistration: Registered Prominent Screen Entities for updates.
10-10 04:26:31.273   576   610 W ActivityManager: Slow operation: 653ms so far, now at startProcess: done updating pids map
10-10 04:26:31.273   576   610 W ActivityManager: Slow operation: 349ms so far, now at startProcess: asking zygote to start proc
10-10 04:26:31.277  1372  2018 I AiAiTextClassifier: [VisualCortexAdapter]: provideRegistration: Registered Prominent Screen Entities for updates.
10-10 04:26:31.281  1372  2018 I AiAiTextClassifier: [VisualCortexAdapter]: provideRegistration: Registered Prominent Screen Entities for updates.
10-10 04:26:31.285  1372  2018 I AiAiTextClassifier: [VisualCortexAdapter]: provideRegistration: Registered Prominent Screen Entities for updates.
10-10 04:26:31.285   576  7409 D IntervalStats: Unable to parse usage stats packages: [233]
10-10 04:26:31.291  1372  2018 I AiAiTextClassifier: [VisualCortexAdapter]: provideRegistration: Registered Prominent Screen Entities for updates.
10-10 04:26:31.291  1441  2173 I BugleRcsEngine: No RCS Configuration was found in Bugle for simID: redacted-pii:sim_id[chars:20,last3:897] [CONTEXT log_prefix="ProvisioningEngineDataRetriever" thread_id=61 ]
10-10 04:26:31.298  1372  2018 I AiAiTextClassifier: [VisualCortexAdapter]: provideRegistration: Registered Prominent Screen Entities for updates.
10-10 04:26:31.304  1441  1811 I BugleRcsEngine: Connected state: [1], networkType: [MOBILE] [CONTEXT thread_id=55 ]
10-10 04:26:31.306 20683 20683 D CompatChangeReporter: Compat change id reported: 242716250; UID 10209; state: ENABLED
10-10 04:26:31.309 20678 20678 W ziparchive: Unable to open '/data/app/~~5-udpSE8nm4AGYH2Phae2A==/com.google.android.trichromelibrary_672305838-Nlpl9G-oIxralqPJxLLqFw==/base.dm': No such file or directory
10-10 04:26:31.309 20678 20678 W ziparchive: Unable to open '/data/app/~~5-udpSE8nm4AGYH2Phae2A==/com.google.android.trichromelibrary_672305838-Nlpl9G-oIxralqPJxLLqFw==/base.dm': No such file or directory
10-10 04:26:31.309 20678 20678 W webview_service: Entry not found
10-10 04:26:31.310 20678 20678 D nativeloader: Configuring clns-7 for other apk /data/app/~~5-udpSE8nm4AGYH2Phae2A==/com.google.android.trichromelibrary_672305838-Nlpl9G-oIxralqPJxLLqFw==/base.apk. target_sdk_version=34, uses_libraries=ALL, library_path=/data/app/~~X8vnKbz2-Uc1ehMVvUs2_Q==/com.google.android.webview-UFWTD6nRHVk7pd05cPExNA==/lib/x86_64:/data/app/~~X8vnKbz2-Uc1ehMVvUs2_Q==/com.google.android.webview-UFWTD6nRHVk7pd05cPExNA==/base.apk!/lib/x86_64:/data/app/~~5-udpSE8nm4AGYH2Phae2A==/com.google.android.trichromelibrary_672305838-Nlpl9G-oIxralqPJxLLqFw==/base.apk!/lib/x86_64, permitted_path=/data:/mnt/expand:/data/user/0/com.google.android.webview
10-10 04:26:31.311 20678 20678 D ApplicationLoaders: Returning zygote-cached class loader: /system_ext/framework/androidx.window.extensions.jar
10-10 04:26:31.315  5934  5934 D Zygote  : Forked child process 20727
10-10 04:26:31.335  1441  2173 I BugleRcsEngine: handleMessage processing message:[NOTIFY_UPTIME_IGNORE_STATE_CHANGED] with [non-null]:RcsEngineImpl reference [CONTEXT log_prefix="RcsEngineImpl[DUAL_REG]:[37c811aa-7176]>Handler" thread_id=61 ]
10-10 04:26:31.337   576   657 V SafetySourceDataValidat: Package: com.android.vending has expected signature
10-10 04:26:31.337   576   657 V SafetySourceDataValidat: Package: com.android.vending has expected signature
10-10 04:26:31.340 20727 20727 I ocessService0:0: Using CollectorTypeCMC GC.
10-10 04:26:31.343   975  1173 D ImsResolver: maybeAddedImsService, packageName: com.azizjon789.myapp
10-10 04:26:31.344  1441  2173 I BugleRcsEngine: No RCS Configuration was found in Bugle for simID: redacted-pii:sim_id[chars:20,last3:897] [CONTEXT log_prefix="ProvisioningEngineDataRetriever" thread_id=61 ]
10-10 04:26:31.349  1441  1811 I BugleRcsEngine: Connected state: [1], networkType: [MOBILE] [CONTEXT thread_id=55 ]
10-10 04:26:31.352 20727 20727 W ocessService0:0: Unexpected CPU variant for x86: x86_64.
10-10 04:26:31.352 20727 20727 W ocessService0:0: Known variants: atom, sandybridge, silvermont, goldmont, goldmont-plus, goldmont-without-sha-xsaves, tremont, kabylake, default
10-10 04:26:31.352  1441  2173 I BugleRcsEngine: handleMessage processing message:[NOTIFY_UPTIME_IGNORE_STATE_CHANGED] with [non-null]:RcsEngineImpl reference [CONTEXT log_prefix="RcsEngineImpl[DUAL_REG]:[37c811aa-7176]>Handler" thread_id=61 ]
10-10 04:26:31.359 20727 20727 E ocessService0:0: Not starting debugger since process cannot load the jdwp agent.
10-10 04:26:31.361   576  1632 D ConnectivityService: Returning BLOCKED NetworkInfo to uid=10213
10-10 04:26:31.374  6780  6822 I Bugle   : BroadcastReceiverAsyncWorkTracker: Acknowledging broadcast of buoi@bcda8d6
10-10 04:26:31.382   576   610 W ActivityManager: Slow operation: 459ms so far, now at startProcess: returned from zygote!
10-10 04:26:31.383   576   610 W ActivityManager: Slow operation: 459ms so far, now at startProcess: done updating battery stats
10-10 04:26:31.383   576   610 W ActivityManager: Slow operation: 459ms so far, now at startProcess: building log message
10-10 04:26:31.383   576   610 I ActivityManager: Start proc 20727:com.google.android.webview:sandboxed_process0:org.chromium.content.app.SandboxedProcessService0:0/u0i6 for  {com.google.android.googlequicksearchbox/org.chromium.content.app.SandboxedProcessService0:0}
10-10 04:26:31.383   576   610 W ActivityManager: Slow operation: 459ms so far, now at startProcess: starting to update pids map
10-10 04:26:31.383   576   610 W ActivityManager: Slow operation: 459ms so far, now at startProcess: done updating pids map
10-10 04:26:31.388  1372  1383 W ogle.android.as: ApkAssets: Deleting an ApkAssets object '<empty> and /data/app/~~s_7qNWO7aCf31TikdxwlNg==/com.azizjon789.myapp-zTFvKUuJ3mugozORNa2NjA==/base.apk' with 1 weak references
10-10 04:26:31.390 20678 20678 D nativeloader: Configuring clns-8 for other apk /data/app/~~X8vnKbz2-Uc1ehMVvUs2_Q==/com.google.android.webview-UFWTD6nRHVk7pd05cPExNA==/base.apk. target_sdk_version=34, uses_libraries=, library_path=/data/app/~~X8vnKbz2-Uc1ehMVvUs2_Q==/com.google.android.webview-UFWTD6nRHVk7pd05cPExNA==/lib/x86_64:/data/app/~~X8vnKbz2-Uc1ehMVvUs2_Q==/com.google.android.webview-UFWTD6nRHVk7pd05cPExNA==/base.apk!/lib/x86_64:/data/app/~~5-udpSE8nm4AGYH2Phae2A==/com.google.android.trichromelibrary_672305838-Nlpl9G-oIxralqPJxLLqFw==/base.apk!/lib/x86_64, permitted_path=/data:/mnt/expand:/data/user/0/com.google.android.webview
10-10 04:26:31.392 18639 18639 I Finsky  : [2] aaar.i(1): aaar - Received: android.intent.action.PACKAGE_ADDED, [WpDGe2_613E1ppWI_mG0y5pWd4hnyyZQN0CTchkPzC4]
10-10 04:26:31.398 18639 18639 I Finsky  : [2] aaar.i(1): aaar - Deduping intent android.intent.action.PACKAGE_ADDED
10-10 04:26:31.407 20710 20710 D CompatChangeReporter: Compat change id reported: 242716250; UID 10143; state: ENABLED
10-10 04:26:31.409 20727 20727 D nativeloader: Load libframework-connectivity-tiramisu-jni.so using APEX ns com_android_tethering for caller /apex/com.android.tethering/javalib/framework-connectivity-t.jar: ok
10-10 04:26:31.413 18639 18639 I Finsky  : [2] aaar.i(1): aaar - Received: android.intent.action.PACKAGE_ADDED, [WpDGe2_613E1ppWI_mG0y5pWd4hnyyZQN0CTchkPzC4]
10-10 04:26:31.419 18639 18639 I Finsky  : [2] aaar.i(1): aaar - Deduping intent android.intent.action.PACKAGE_ADDED
10-10 04:26:31.426 20710 20710 D ApplicationLoaders: Returning zygote-cached class loader: /system/framework/org.apache.http.legacy.jar
10-10 04:26:31.426 20710 20710 D ApplicationLoaders: Returning zygote-cached class loader: /system_ext/framework/androidx.window.extensions.jar
10-10 04:26:31.426 20710 20710 D ApplicationLoaders: Returning zygote-cached class loader: /system_ext/framework/androidx.window.sidecar.jar
10-10 04:26:31.431   576   576 W Looper  : Slow dispatch took 132ms main h=android.app.ActivityThread$H c=android.app.LoadedApk$ReceiverDispatcher$Args$$ExternalSyntheticLambda0@569b31a m=0
10-10 04:26:31.452 20683 20683 D nativeloader: Configuring clns-7 for other apk /data/app/~~s_7qNWO7aCf31TikdxwlNg==/com.azizjon789.myapp-zTFvKUuJ3mugozORNa2NjA==/base.apk. target_sdk_version=34, uses_libraries=, library_path=/data/app/~~s_7qNWO7aCf31TikdxwlNg==/com.azizjon789.myapp-zTFvKUuJ3mugozORNa2NjA==/lib/x86_64:/data/app/~~s_7qNWO7aCf31TikdxwlNg==/com.azizjon789.myapp-zTFvKUuJ3mugozORNa2NjA==/base.apk!/lib/x86_64, permitted_path=/data:/mnt/expand:/data/user/0/com.azizjon789.myapp
10-10 04:26:31.511  1441  2173 I BugleRcsEngine: No RCS Configuration was found in Bugle for simID: redacted-pii:sim_id[chars:20,last3:897] [CONTEXT log_prefix="ProvisioningEngineDataRetriever" thread_id=61 ]
10-10 04:26:31.514 20621 20621 I Finsky:background: [2] aceu.bz(187): Finished reading experiment flags from file [0tGUNCGIkbk4o6-fQ335kUYSKwVj4lusnHT-A5Dsy08] numFlags=1896.
10-10 04:26:31.522 20621 20744 D CompatChangeReporter: Compat change id reported: 312399441; UID 10142; state: ENABLED
10-10 04:26:31.541   576   576 W Looper  : Drained
10-10 04:26:31.571  6780 20391 W JobInfo : Job 'com.google.android.apps.messaging/.shared.datamodel.action.execution.ActionJobService#102' has a deadline with no functional constraints. The deadline won't improve job execution latency. Consider removing the deadline.
10-10 04:26:31.573   576  1633 W JobInfo : Job 'com.google.android.apps.messaging/.shared.datamodel.action.execution.ActionJobService#102' has a deadline with no functional constraints. The deadline won't improve job execution latency. Consider removing the deadline.
10-10 04:26:31.587 20621 20746 D nativeloader: Load /data/app/~~nXU29Fh6Ig4HTdQnlujlqQ==/com.android.vending-ZIqCh-DcaCwsWKnv7tShdA==/split_config.x86_64.apk!/lib/x86_64/libmappedcountercacheversionjni.so using ns clns-7 from class loader (caller=/data/app/~~nXU29Fh6Ig4HTdQnlujlqQ==/com.android.vending-ZIqCh-DcaCwsWKnv7tShdA==/base.apk): ok
10-10 04:26:31.629   975   975 D ActivityThread: Package [com.azizjon789.myapp] reported as REPLACED, but missing application info. Assuming REMOVED.
10-10 04:26:31.630   975   975 D ActivityThread: Package [com.azizjon789.myapp] reported as REPLACED, but missing application info. Assuming REMOVED.
10-10 04:26:31.630  1245 20728 I DeviceStatusMonitor: DeviceStatusMonitor.handleBroadcast():123 onReceive() : Action = android.net.conn.CONNECTIVITY_CHANGE
10-10 04:26:31.638 20621 20621 I Finsky:background: [2] aceu.bz(187): Finished reading experiment flags from file [Se-xCc4LzNyh3UrKMIU2sUf-PUKz4oQEbpKZDMuaFno] numFlags=2218.
10-10 04:26:31.658 20621 20621 I Finsky:background: [2] aaao.<init>(67): aaah - Registering in memory receiver for android.intent.action.PACKAGE_ADDED and android.intent.action.PACKAGE_REMOVED
10-10 04:26:31.671   576   595 W Looper  : Slow delivery took 233ms android.fg h=android.os.Handler c=com.android.server.power.hint.HintManagerService$MyUidObserver$$ExternalSyntheticLambda0@49b4bc3 m=0
10-10 04:26:31.677   576   595 W Looper  : Drained
10-10 04:26:31.686  1245 20728 I DeviceStatusMonitor: DeviceStatusMonitor.notifyIfNetworkChanged():180 notifyIfNetworkChanged: newState = NON_METERED, airplaneModeOn = false, notifyAnyway = false
10-10 04:26:31.686  1245 20728 I DeviceStatusMonitor: DeviceStatusMonitor.handleBroadcast():123 onReceive() : Action = android.net.conn.CONNECTIVITY_CHANGE
10-10 04:26:31.691  1245 20728 I DeviceStatusMonitor: DeviceStatusMonitor.notifyIfNetworkChanged():180 notifyIfNetworkChanged: newState = NON_METERED, airplaneModeOn = false, notifyAnyway = false
10-10 04:26:31.702 20727 20727 D CompatChangeReporter: Compat change id reported: 242716250; UID 99006; state: ENABLED
10-10 04:26:31.715   576   658 D CompatChangeReporter: Compat change id reported: 311208629; UID 1000; state: ENABLED
10-10 04:26:31.741 20479 20479 I cr_CombinedPProvider: #linkNativeInternal() 1
10-10 04:26:31.747 20621 20621 I Finsky:background: [2] lir.l(307): This process start was not selected for Play memory metrics collection.
10-10 04:26:31.747 20727 20727 D ApplicationLoaders: Returning zygote-cached class loader: /system_ext/framework/androidx.window.extensions.jar
10-10 04:26:31.748 20621 20621 I Finsky:background: [2] aaah.i(6): aaah - Received: android.intent.action.PACKAGE_ADDED, [WpDGe2_613E1ppWI_mG0y5pWd4hnyyZQN0CTchkPzC4]
10-10 04:26:31.751 20678 20678 V GraphicsEnvironment: Currently set values for:
10-10 04:26:31.751 20678 20678 V GraphicsEnvironment:   angle_gl_driver_selection_pkgs=[]
10-10 04:26:31.751 20678 20678 V GraphicsEnvironment:   angle_gl_driver_selection_values=[]
10-10 04:26:31.751 20678 20678 V GraphicsEnvironment: Global.Settings values are invalid: number of packages: 0, number of values: 0
10-10 04:26:31.752 20678 20678 V GraphicsEnvironment: Neither updatable production driver nor prerelease driver is supported.
10-10 04:26:31.754 20678 20678 I LoadedApk: No resource references to update in package com.google.android.trichromelibrary
10-10 04:26:31.757 20678 20678 I cr_WebViewApkApp: version=130.0.6723.58 (672305838) minSdkVersion=29 isBundle=true processName=com.google.android.webview:webview_service
10-10 04:26:31.759 18639 18639 I Finsky  : [2] xkt.onTrimMemory(11): Memory trim requested to level 40
10-10 04:26:31.759 18639 18639 I Finsky  : [2] abte.accept(118): Flushing in-memory image cache
10-10 04:26:31.763 20479 20479 I cr_AppResProvider: #getApplicationRestrictionsFromUserManager() Bundle[EMPTY_PARCEL]
10-10 04:26:31.763 20479 20479 I cr_PolicyProvider: #notifySettingsAvailable() 0
10-10 04:26:31.763 20479 20479 I cr_CombinedPProvider: #onSettingsAvailable() 0
10-10 04:26:31.765 20479 20479 I cr_CombinedPProvider: #flushPolicies()
10-10 04:26:31.775 20727 20727 I LoadedApk: No resource references to update in package com.google.android.trichromelibrary
10-10 04:26:31.777 20727 20727 I cr_WebViewApkApp: version=130.0.6723.58 (672305838) minSdkVersion=29 isBundle=true processName=com.google.android.webview:sandboxed_process0:org.chromium.content.app.SandboxedProcessService0:0
10-10 04:26:31.807 20727 20727 I cr_ChildProcessService: Creating new ChildProcessService pid=20727
10-10 04:26:31.856   576   733 D InetDiagMessage: Destroyed 0 sockets, proto=IPPROTO_TCP, family=AF_INET, states=14
10-10 04:26:31.856   576   733 D InetDiagMessage: Destroyed 0 sockets, proto=IPPROTO_TCP, family=AF_INET6, states=14
10-10 04:26:31.856   576   733 D InetDiagMessage: Destroyed live tcp sockets for uids={10183} in 2ms
10-10 04:26:31.857   576   733 D InetDiagMessage: Destroyed 0 sockets, proto=IPPROTO_TCP, family=AF_INET, states=14
10-10 04:26:31.858   576   733 D InetDiagMessage: Destroyed 0 sockets, proto=IPPROTO_TCP, family=AF_INET6, states=14
10-10 04:26:31.858   576   733 D InetDiagMessage: Destroyed live tcp sockets for uids={20183} in 1ms
10-10 04:26:31.864   576   576 W Looper  : Slow dispatch took 184ms main h=android.app.ActivityThread$H c=android.app.LoadedApk$ReceiverDispatcher$Args$$ExternalSyntheticLambda0@d3aa81b m=0
10-10 04:26:31.877   576   733 D InetDiagMessage: Destroyed 0 sockets, proto=IPPROTO_TCP, family=AF_INET, states=14
10-10 04:26:31.877   576   733 D InetDiagMessage: Destroyed 0 sockets, proto=IPPROTO_TCP, family=AF_INET6, states=14
10-10 04:26:31.877   576   733 D InetDiagMessage: Destroyed live tcp sockets for uids={10143} in 1ms
10-10 04:26:31.878   576   733 D InetDiagMessage: Destroyed 0 sockets, proto=IPPROTO_TCP, family=AF_INET, states=14
10-10 04:26:31.879   576   733 D InetDiagMessage: Destroyed 0 sockets, proto=IPPROTO_TCP, family=AF_INET6, states=14
10-10 04:26:31.879   576   733 D InetDiagMessage: Destroyed live tcp sockets for uids={20143} in 1ms
10-10 04:26:31.883  1077 20680 I ProximityAuth: [RecentAppsMediator] Package added: (user=UserHandle{0}) com.azizjon789.myapp
10-10 04:26:31.899   576   670 W JobServiceContext: Sending onNetworkChanged for a job that isn't started. JobStatus{a16d9ca #u0a138/131 com.google.android.dialer/androidx.work.impl.background.systemjob.SystemJobService u=0 s=10138 TIME=-8m35s662ms:none NET READY}
10-10 04:26:31.900   576   670 W JobServiceContext: Sending onNetworkChanged for a job that isn't started. JobStatus{6c97679 #u0a138/128 com.google.android.dialer/androidx.work.impl.background.systemjob.SystemJobService u=0 s=10138 TIME=-8m5s724ms:none NET READY}
10-10 04:26:31.900   576   670 W JobServiceContext: Sending onNetworkChanged for a job that isn't started. JobStatus{65bee72 #u0a138/127 com.google.android.dialer/androidx.work.impl.background.systemjob.SystemJobService u=0 s=10138 TIME=-8m5s729ms:none NET READY}
10-10 04:26:31.902   576   670 W JobServiceContext: Sending onNetworkChanged for a job that isn't started. JobStatus{620135 #u0a138/130 com.google.android.dialer/androidx.work.impl.background.systemjob.SystemJobService u=0 s=10138 TIME=-8m35s681ms:none NET READY}
10-10 04:26:31.919   576   733 D InetDiagMessage: Destroyed 0 sockets, proto=IPPROTO_TCP, family=AF_INET, states=14
10-10 04:26:31.919   576   733 D InetDiagMessage: Destroyed 0 sockets, proto=IPPROTO_TCP, family=AF_INET6, states=14
10-10 04:26:31.919   576   733 D InetDiagMessage: Destroyed live tcp sockets for uids={10146} in 1ms
10-10 04:26:31.921   576   733 D InetDiagMessage: Destroyed 0 sockets, proto=IPPROTO_TCP, family=AF_INET, states=14
10-10 04:26:31.921   576   733 D InetDiagMessage: Destroyed 0 sockets, proto=IPPROTO_TCP, family=AF_INET6, states=14
10-10 04:26:31.921   576   733 D InetDiagMessage: Destroyed live tcp sockets for uids={20146} in 2ms
10-10 04:26:31.932 20710 20710 D nativeloader: InitLlndkLibrariesProduct: libEGL.so:libGLESv1_CM.so:libGLESv2.so:libGLESv3.so:libRS.so:libandroid_net.so:libapexsupport.so:libbinder_ndk.so:libc.so:libcgrouprc.so:libclang_rt.asan-x86_64-android.so:libcom.android.tethering.connectivity_native.so:libdl.so:libft2.so:liblog.so:libm.so:libmediandk.so:libnativewindow.so:libneuralnetworks.so:libselinux.so:libsync.so:libvendorsupport.so:libvndksupport.so:libvulkan.so
