10-10 04:26:31.933 20710 20710 D nativeloader: Configuring product-clns-7 for unbundled product apk /product/priv-app/WellbeingPrebuilt/WellbeingPrebuilt.apk. target_sdk_version=34, uses_libraries=, library_path=/product/priv-app/WellbeingPrebuilt/lib/x86_64:/product/lib64:/system/product/lib64, permitted_path=/data:/mnt/expand:/data/user/0/com.google.android.apps.wellbeing:/product/lib64:/system/product/lib64
10-10 04:26:31.938 20621 20621 I Finsky:background: [2] xkt.onTrimMemory(11): Memory trim requested to level 40
10-10 04:26:31.940 20710 20710 D nativeloader: InitVndkspLibrariesProduct: VNDK is deprecated with product
10-10 04:26:31.999  1077 20679 I Fitness : (REDACTED) FitCleanupIntentOperation received Intent %s
10-10 04:26:32.003  1077  2686 I NearbyDiscovery: (REDACTED) FastPairHandler: Received action %s
10-10 04:26:32.003  1077  2686 I NearbyDiscovery: (REDACTED) FastPairHandler: Received action %s
10-10 04:26:32.042 20710 20710 V GraphicsEnvironment: Currently set values for:
10-10 04:26:32.042 20710 20710 V GraphicsEnvironment:   angle_gl_driver_selection_pkgs=[]
10-10 04:26:32.042 20710 20710 V GraphicsEnvironment:   angle_gl_driver_selection_values=[]
10-10 04:26:32.042 20710 20710 V GraphicsEnvironment: Global.Settings values are invalid: number of packages: 0, number of values: 0
10-10 04:26:32.042 20710 20710 V GraphicsEnvironment: Neither updatable production driver nor prerelease driver is supported.
10-10 04:26:32.181 20621 20781 W Settings: Setting download_manager_max_bytes_over_mobile has moved from android.provider.Settings.Secure to android.provider.Settings.Global.
10-10 04:26:32.182 20621 20781 I Finsky:background: [93] zhq.k(28): SettingNotFoundException, fall through to G.downloadBytesOverMobileMaximum
10-10 04:26:32.182 20621 20781 W Settings: Setting download_manager_recommended_max_bytes_over_mobile has moved from android.provider.Settings.Secure to android.provider.Settings.Global.
10-10 04:26:32.184 20621 20781 I Finsky:background: [93] zhq.j(31): SettingNotFoundException, fall through to G.downloadBytesOverMobileRecommended
10-10 04:26:32.189 20621 20781 I Finsky:background: [93] qcq.d(1): registerListener
10-10 04:26:32.192 20621 20781 I Finsky:background: [93] pxg.h(44): DFS: Listener added for ooe@20d5b22
10-10 04:26:32.192 20621 20781 I Finsky:background: [93] qcq.d(1): registerListener
10-10 04:26:32.195 20621 20781 I Finsky:background: [93] qcq.d(1): registerListener
10-10 04:26:32.195 20621 20781 I Finsky:background: [93] pxg.h(44): DFS: Listener added for adki@18630a5
10-10 04:26:32.227 20710 20710 I MultiDex: Installing application
10-10 04:26:32.252 20621 20776 I Finsky:background: [92] psc.accept(68): Wrote row to frosting DB: 372
10-10 04:26:32.259 20710 20710 I MultiDex: VM with version 2.1.0 has multidex support
10-10 04:26:32.259 20710 20710 I MultiDex: VM has multidex support, MultiDex support library is disabled.
10-10 04:26:32.308 20621 20781 I Finsky:background: [93] twy.a(631): IV2: found recoverable installs: []
10-10 04:26:32.339 20621 20783 D CompatChangeReporter: Compat change id reported: 270674727; UID 10142; state: ENABLED
10-10 04:26:32.369 20621 20776 I Finsky:background: [92] psc.accept(68): Wrote row to frosting DB: 373
10-10 04:26:32.386 20683 20683 V GraphicsEnvironment: Currently set values for:
10-10 04:26:32.386 20683 20683 V GraphicsEnvironment:   angle_gl_driver_selection_pkgs=[]
10-10 04:26:32.387 20683 20683 V GraphicsEnvironment:   angle_gl_driver_selection_values=[]
10-10 04:26:32.387 20683 20683 V GraphicsEnvironment: Global.Settings values are invalid: number of packages: 0, number of values: 0
10-10 04:26:32.387 20683 20683 V GraphicsEnvironment: Neither updatable production driver nor prerelease driver is supported.
10-10 04:26:32.402  1077 20335 W ctxmgr  : [NetworkStateProducer] No state change for network connection context [CONTEXT service_id=47 ]
10-10 04:26:32.434 18512 18512 I Dialerojv: com.google.android.dialershared.externals.logging.SingletonScopedExternalsLogging.recordCallMethodInvocation:66 event: VVM_TASK_WORKER_EXECUTE_VVM_JOB, function parameters: [2], return value: <empty> [CONTEXT enable_persistent_logger=true ]
10-10 04:26:32.465 18512 18585 I Dialerojv: com.google.android.dialershared.externals.logging.SingletonScopedExternalsLogging.recordCallMethodInvocation:75 event: TIKTOK_WORK_EXECUTION_MONITOR_ON_WORK_STARTED, function parameters: [86aef24c-59f0-4c1f-8ee3-0012c4bd645a,com.android.dialer.voicemail.service.impl.VvmTaskWorker], return value: <empty>
10-10 04:26:32.499 18512 18512 I Dialerojv: com.google.android.dialershared.externals.logging.SingletonScopedExternalsLogging.recordCallMethodInvocation:66 event: VVM_TASK_WORKER_EXECUTE_VVM_JOB, function parameters: [2], return value: <empty> [CONTEXT enable_persistent_logger=true ]
10-10 04:26:32.500 18512 18581 I Dialerojv: com.google.android.dialershared.externals.logging.SingletonScopedExternalsLogging.recordCallMethodInvocation:75 event: TIKTOK_WORK_EXECUTION_MONITOR_ON_WORK_STARTED, function parameters: [585f73f5-c048-407b-9678-58fb3549d3e9,com.android.dialer.voicemail.service.impl.VvmTaskWorker], return value: <empty>
10-10 04:26:32.503   576   658 D ConnectivityService: requestNetwork for uid/pid:10142/20621 activeRequest: null callbackRequest: 680 [NetworkRequest [ REQUEST id=681, [ Capabilities: INTERNET&NOT_RESTRICTED&TRUSTED&NOT_VCN_MANAGED&NOT_BANDWIDTH_CONSTRAINED Uid: 10142 RequestorUid: 10142 RequestorPkg: com.android.vending UnderlyingNetworks: Null] ]] callback flags: 0 order: 2147483647 isUidTracked: false
10-10 04:26:32.510   576   733 D ConnectivityService: NetReassign [681 : null â†’ 101] [c 0] [a 0] [i 6]
10-10 04:26:32.512 20621 20749 I Finsky:background: [83] ucy.Y(21): IQ: start evaluating install requests.
10-10 04:26:32.512 20621 20749 I Finsky:background: [83] ucy.Y(53): IQ: no jobs active. Skipping
10-10 04:26:32.525 18512 18512 I Dialerojv: com.google.android.dialershared.externals.logging.SingletonScopedExternalsLogging.recordCallMethodInvocation:66 event: VVM_TASK_WORKER_EXECUTE_VVM_JOB, function parameters: [0], return value: <empty> [CONTEXT enable_persistent_logger=true ]
10-10 04:26:32.525 18512 18581 I Dialerojv: com.google.android.dialershared.externals.logging.SingletonScopedExternalsLogging.recordCallMethodInvocation:75 event: TIKTOK_WORK_EXECUTION_MONITOR_ON_WORK_STARTED, function parameters: [dbb796f3-d147-4038-8ca2-5ae39f6031e3,com.android.dialer.voicemail.service.impl.VvmTaskWorker], return value: <empty>
10-10 04:26:32.525 18512 18512 I Dialerojv: com.google.android.dialershared.externals.logging.SingletonScopedExternalsLogging.recordCallMethodInvocation:66 event: VVM_TASK_WORKER_EXECUTE_VVM_JOB, function parameters: [0], return value: <empty> [CONTEXT enable_persistent_logger=true ]
10-10 04:26:32.525 18512 18581 I Dialerojv: com.google.android.dialershared.externals.logging.SingletonScopedExternalsLogging.recordCallMethodInvocation:75 event: TIKTOK_WORK_EXECUTION_MONITOR_ON_WORK_STARTED, function parameters: [83d592be-2778-442e-afe3-ed0cf56739fa,com.android.dialer.voicemail.service.impl.VvmTaskWorker], return value: <empty>
10-10 04:26:32.554 17503 20754 E CastAuth: [PackageIntentOperation] Feature is not available, reason = CastAuth feature is disabled on this 1p device.. [CONTEXT service_id=360 ]
10-10 04:26:32.556   576   726 D WifiNetworkFactory: got request NetworkRequest [ REQUEST id=681, [ Capabilities: INTERNET&NOT_RESTRICTED&TRUSTED&NOT_VCN_MANAGED&NOT_BANDWIDTH_CONSTRAINED Uid: 10142 RequestorUid: 10142 RequestorPkg: com.android.vending UnderlyingNetworks: Null] ]
10-10 04:26:32.556   576   726 D UntrustedWifiNetworkFactory: got request NetworkRequest [ REQUEST id=681, [ Capabilities: INTERNET&NOT_RESTRICTED&TRUSTED&NOT_VCN_MANAGED&NOT_BANDWIDTH_CONSTRAINED Uid: 10142 RequestorUid: 10142 RequestorPkg: com.android.vending UnderlyingNetworks: Null] ]
10-10 04:26:32.556   576   726 D OemPaidWifiNetworkFactory: got request NetworkRequest [ REQUEST id=681, [ Capabilities: INTERNET&NOT_RESTRICTED&TRUSTED&NOT_VCN_MANAGED&NOT_BANDWIDTH_CONSTRAINED Uid: 10142 RequestorUid: 10142 RequestorPkg: com.android.vending UnderlyingNetworks: Null] ]
10-10 04:26:32.556   576   726 D MultiInternetWifiNetworkFactory: got request NetworkRequest [ REQUEST id=681, [ Capabilities: INTERNET&NOT_RESTRICTED&TRUSTED&NOT_VCN_MANAGED&NOT_BANDWIDTH_CONSTRAINED Uid: 10142 RequestorUid: 10142 RequestorPkg: com.android.vending UnderlyingNetworks: Null] ]
10-10 04:26:32.560   576   658 D ConnectivityService: requestNetwork for uid/pid:10142/20621 activeRequest: null callbackRequest: 682 [NetworkRequest [ REQUEST id=683, [ Capabilities: INTERNET&NOT_RESTRICTED&TRUSTED&NOT_VCN_MANAGED&NOT_BANDWIDTH_CONSTRAINED Uid: 10142 RequestorUid: 10142 RequestorPkg: com.android.vending UnderlyingNetworks: Null] ]] callback flags: 0 order: 2147483647 isUidTracked: false
10-10 04:26:32.563   576   733 D ConnectivityService: NetReassign [683 : null â†’ 101] [c 0] [a 1] [i 1]
10-10 04:26:32.565   576   726 D WifiNetworkFactory: got request NetworkRequest [ REQUEST id=683, [ Capabilities: INTERNET&NOT_RESTRICTED&TRUSTED&NOT_VCN_MANAGED&NOT_BANDWIDTH_CONSTRAINED Uid: 10142 RequestorUid: 10142 RequestorPkg: com.android.vending UnderlyingNetworks: Null] ]
10-10 04:26:32.565   576   726 D UntrustedWifiNetworkFactory: got request NetworkRequest [ REQUEST id=683, [ Capabilities: INTERNET&NOT_RESTRICTED&TRUSTED&NOT_VCN_MANAGED&NOT_BANDWIDTH_CONSTRAINED Uid: 10142 RequestorUid: 10142 RequestorPkg: com.android.vending UnderlyingNetworks: Null] ]
10-10 04:26:32.565   576   726 D OemPaidWifiNetworkFactory: got request NetworkRequest [ REQUEST id=683, [ Capabilities: INTERNET&NOT_RESTRICTED&TRUSTED&NOT_VCN_MANAGED&NOT_BANDWIDTH_CONSTRAINED Uid: 10142 RequestorUid: 10142 RequestorPkg: com.android.vending UnderlyingNetworks: Null] ]
10-10 04:26:32.565   576   726 D MultiInternetWifiNetworkFactory: got request NetworkRequest [ REQUEST id=683, [ Capabilities: INTERNET&NOT_RESTRICTED&TRUSTED&NOT_VCN_MANAGED&NOT_BANDWIDTH_CONSTRAINED Uid: 10142 RequestorUid: 10142 RequestorPkg: com.android.vending UnderlyingNetworks: Null] ]
10-10 04:26:32.571 20710 20732 W PrimesLoggerHolder: Primes not initialized, returning default (no-op) Primes instance which will ignore all calls. Please call Primes.initialize(...) before using any Primes API.
10-10 04:26:32.600 18512 18585 I DialerRestVoicemailEnabledFn: com.android.dialer.voicemail.service.impl.vvmclients.rest.RestVoicemailEnabledFn.isEnabled:67 device is supported, enabling. [CONTEXT ratelimit_period="1 MINUTES" skipped=414 ]
10-10 04:26:32.607 20621 20786 I Finsky:background: [97] ucp.call(98): IQ: Pruning inactive install requests
10-10 04:26:32.623 20621 20786 I Finsky:background: [97] aevp.<init>(47): Resetting scheduler db
10-10 04:26:32.650   576   609 D ActivityManager: sync unfroze 19569 com.google.android.settings.intelligence for 3
10-10 04:26:32.660 20429 20468 D CompatChangeReporter: Compat change id reported: 312399441; UID 10149; state: ENABLED
10-10 04:26:32.661 19569 19569 D ActivityThread: Package [com.azizjon789.myapp] reported as REPLACED, but missing application info. Assuming REMOVED.
10-10 04:26:32.661 20621 20760 I Finsky:background: [88] aevd.a(15): SCH: no pending jobs to schedule.
10-10 04:26:32.662 18512 18581 I DialerVvmExecutorImpl: com.android.dialer.voicemail.service.impl.scheduler.VvmExecutorImpl.lambda$execute$8:218 Beginning VVM action: UPDATE_STATUS with retryCount: 1 [CONTEXT enable_persistent_logger=true ]
10-10 04:26:32.665 19569 19569 D ActivityThread: Package [com.azizjon789.myapp] reported as REPLACED, but missing application info. Assuming REMOVED.
10-10 04:26:32.679 18512 18585 E DialerRestVvmCarrierService: com.android.dialer.voicemail.service.impl.vvmclients.rest.RestVvmCarrierService.lambda$getMsisdn$20:412 Retrieved phone number in an unexpected format: +15551234567 [CONTEXT disable_client_error_logging=true ]
10-10 04:26:32.679 18512 18585 E DialerRestVvmCarrierService: umv: MEDIUM
10-10 04:26:32.679 18512 18585 E DialerRestVvmCarrierService: 	at a.bF(PG:15)
10-10 04:26:32.679 18512 18585 E DialerRestVvmCarrierService: 	at lld.apply(PG:402)
10-10 04:26:32.679 18512 18585 E DialerRestVvmCarrierService: 	at trx.apply(PG:13)
10-10 04:26:32.679 18512 18585 E DialerRestVvmCarrierService: 	at uxr.d(PG:3)
10-10 04:26:32.679 18512 18585 E DialerRestVvmCarrierService: 	at uxs.run(PG:42)
10-10 04:26:32.679 18512 18585 E DialerRestVvmCarrierService: 	at prd.run(PG:3)
10-10 04:26:32.679 18512 18585 E DialerRestVvmCarrierService: 	at ush.run(PG:50)
10-10 04:26:32.679 18512 18585 E DialerRestVvmCarrierService: 	at pfj.run(PG:133)
10-10 04:26:32.679 18512 18585 E DialerRestVvmCarrierService: 	at pfj.run(PG:361)
10-10 04:26:32.679 18512 18585 E DialerRestVvmCarrierService: 	at java.lang.Thread.run(Thread.java:1012)
10-10 04:26:32.679 18512 18585 E DialerRestVvmCarrierService: 	at psg.run(PG:64)
10-10 04:26:32.690   576  1633 D CompatChangeReporter: Compat change id reported: 319212206; UID 10142; state: ENABLED
10-10 04:26:32.691   576   733 D ConnectivityService: NetReassign [no changes] [c 0] [a 0] [i 1]
10-10 04:26:32.695 18512 18585 I DialerLogcatLoggingBindings: com.android.dialer.logging.logcat.LogcatLoggingBindings.logImpression:54 Impression: ANDROID_API_UNEXPECTED_PHONE_NUMBER_FORMAT
10-10 04:26:32.696 18512 18585 I DialerStatusCheck: com.android.dialer.voicemail.service.impl.vvmclients.rest.StatusCheck.updateStatus:56 updateStatus
10-10 04:26:32.723 18512 18585 I Dialerojv: com.google.android.dialershared.externals.logging.SingletonScopedExternalsLogging.recordCallMethodInvocation:75 event: TELEPHONY_BOOTSTRAP_AUTHENTICATION_REQUEST, function parameters: [], return value: Default
10-10 04:26:32.724 18512 18581 W DialerGbaCredentialProvider: com.android.dialer.voicemail.service.impl.vvmclients.rest.GbaCredentialProvider$1.onAuthenticationFailure:93 GBA failed with reason: 1 [CONTEXT disable_client_error_logging=true ]
10-10 04:26:32.734 20710 20710 D CompatChangeReporter: Compat change id reported: 3400644; UID 10143; state: ENABLED
10-10 04:26:32.738 18512 18581 I DialerVoicemailStatusDataServiceImpl: com.android.dialer.voicemailstatus.dataservice.impl.VoicemailStatusDataServiceImpl.insertOrUpdateVoicemailStatus:236 enter
10-10 04:26:32.740 18512 20791 I DialerVoicemailStatusDataServiceImpl: com.android.dialer.voicemailstatus.dataservice.impl.VoicemailStatusDataServiceImpl.logAndMergeErrors:333 Existing error is lower priority and thus overridden, Existing error: REST_FAILURE_REASON.GBA_AUTHENTICATION_FAILURE_FEATURE_NOT_SUPPORTED, New error: REST_FAILURE_REASON.GBA_AUTHENTICATION_FAILURE_FEATURE_NOT_SUPPORTED
10-10 04:26:32.759 20621 20775 D nativeloader: Load /data/app/~~nXU29Fh6Ig4HTdQnlujlqQ==/com.android.vending-ZIqCh-DcaCwsWKnv7tShdA==/split_config.x86_64.apk!/lib/x86_64/libcronet.131.0.6724.0.so using ns clns-7 from class loader (caller=/data/app/~~nXU29Fh6Ig4HTdQnlujlqQ==/com.android.vending-ZIqCh-DcaCwsWKnv7tShdA==/base.apk): ok
10-10 04:26:32.774 20710 20710 I isc     : SslGuard completed installation.
10-10 04:26:32.791 20621 20775 I cr_CronetLibraryLoader: Cronet version: 131.0.6724.0, arch: x86_64
10-10 04:26:32.828 20621 20749 I Finsky:background: [83] ucy.Y(492): IQ: 0 scheduled install statuses found to proceed. 
10-10 04:26:32.841   576  1633 W JobInfo : Job 'com.google.android.settings.intelligence/.modules.routines.impl.RoutinesJobIntentService#1728' has a deadline with no functional constraints. The deadline won't improve job execution latency. Consider removing the deadline.
10-10 04:26:32.859  1077 19900 W GLSUser : [AppCertManager] Exception while requesting key: 
10-10 04:26:32.859  1077 19900 W GLSUser : java.util.concurrent.ExecutionException: brfi: Parse Proto Exception with response code 400
10-10 04:26:32.859  1077 19900 W GLSUser : 	at fasf.s(:com.google.android.gms@244134038@24.41.34 (260800-685836814):21)
10-10 04:26:32.859  1077 19900 W GLSUser : 	at fasf.get(:com.google.android.gms@244134038@24.41.34 (260800-685836814):10)
10-10 04:26:32.859  1077 19900 W GLSUser : 	at xin.b(:com.google.android.gms@244134038@24.41.34 (260800-685836814):513)
10-10 04:26:32.859  1077 19900 W GLSUser : 	at xil.a(:com.google.android.gms@244134038@24.41.34 (260800-685836814):70)
10-10 04:26:32.859  1077 19900 W GLSUser : 	at xih.a(:com.google.android.gms@244134038@24.41.34 (260800-685836814):3)
10-10 04:26:32.859  1077 19900 W GLSUser : 	at xij.a(:com.google.android.gms@244134038@24.41.34 (260800-685836814):58)
10-10 04:26:32.859  1077 19900 W GLSUser : 	at xij.b(:com.google.android.gms@244134038@24.41.34 (260800-685836814):21)
10-10 04:26:32.859  1077 19900 W GLSUser : 	at anal.m(:com.google.android.gms@244134038@24.41.34 (260800-685836814):13)
10-10 04:26:32.859  1077 19900 W GLSUser : 	at anay.f(:com.google.android.gms@244134038@24.41.34 (260800-685836814):10)
10-10 04:26:32.859  1077 19900 W GLSUser : 	at elrj.a(:com.google.android.gms@244134038@24.41.34 (260800-685836814):51)
10-10 04:26:32.859  1077 19900 W GLSUser : 	at enll.a(:com.google.android.gms@244134038@24.41.34 (260800-685836814):195)
10-10 04:26:32.859  1077 19900 W GLSUser : 	at enid.call(:com.google.android.gms@244134038@24.41.34 (260800-685836814):154)
10-10 04:26:32.859  1077 19900 W GLSUser : 	at java.util.concurrent.FutureTask.run(FutureTask.java:264)
10-10 04:26:32.859  1077 19900 W GLSUser : 	at angk.c(:com.google.android.gms@244134038@24.41.34 (260800-685836814):50)
10-10 04:26:32.859  1077 19900 W GLSUser : 	at angk.run(:com.google.android.gms@244134038@24.41.34 (260800-685836814):76)
10-10 04:26:32.859  1077 19900 W GLSUser : 	at java.util.concurrent.ThreadPoolExecutor.runWorker(ThreadPoolExecutor.java:1145)
10-10 04:26:32.859  1077 19900 W GLSUser : 	at java.util.concurrent.ThreadPoolExecutor$Worker.run(ThreadPoolExecutor.java:644)
10-10 04:26:32.859  1077 19900 W GLSUser : 	at anlu.run(:com.google.android.gms@244134038@24.41.34 (260800-685836814):8)
10-10 04:26:32.859  1077 19900 W GLSUser : 	at java.lang.Thread.run(Thread.java:1012)
10-10 04:26:32.859  1077 19900 W GLSUser : Caused by: brfi: Parse Proto Exception with response code 400
10-10 04:26:32.859  1077 19900 W GLSUser : 	at brgk.b(:com.google.android.gms@244134038@24.41.34 (260800-685836814):80)
10-10 04:26:32.859  1077 19900 W GLSUser : 	at brjb.d(:com.google.android.gms@244134038@24.41.34 (260800-685836814):18)
10-10 04:26:32.859  1077 19900 W GLSUser : 	at brjp.onSucceeded(:com.google.android.gms@244134038@24.41.34 (260800-685836814):9)
10-10 04:26:32.859  1077 19900 W GLSUser : 	at m.lg.onSucceeded(:com.google.android.gms.dynamite_cronetdynamite@244134038@24.41.34 (260800-0):3)
10-10 04:26:32.859  1077 19900 W GLSUser : 	at m.ke.run(:com.google.android.gms.dynamite_cronetdynamite@244134038@24.41.34 (260800-0):25)
10-10 04:26:32.859  1077 19900 W GLSUser : 	... 6 more
10-10 04:26:32.859  1077 19900 W GLSUser : Caused by: frzt: Protocol message contained an invalid tag (zero).
10-10 04:26:32.859  1077 19900 W GLSUser : 	at frwp.l(:com.google.android.gms@244134038@24.41.34 (260800-685836814):43)
10-10 04:26:32.859  1077 19900 W GLSUser : 	at fsas.c(:com.google.android.gms@244134038@24.41.34 (260800-685836814):394)
10-10 04:26:32.859  1077 19900 W GLSUser : 	at fsas.i(:com.google.android.gms@244134038@24.41.34 (260800-685836814):8)
10-10 04:26:32.859  1077 19900 W GLSUser : 	at fryx.x(:com.google.android.gms@244134038@24.41.34 (260800-685836814):25)
10-10 04:26:32.859  1077 19900 W GLSUser : 	at fryr.g(:com.google.android.gms@244134038@24.41.34 (260800-685836814):3)
10-10 04:26:32.859  1077 19900 W GLSUser : 	at frwl.e(:com.google.android.gms@244134038@24.41.34 (260800-685836814):1)
10-10 04:26:32.859  1077 19900 W GLSUser : 	at frwl.d(:com.google.android.gms@244134038@24.41.34 (260800-685836814):3)
10-10 04:26:32.859  1077 19900 W GLSUser : 	at frwl.p(:com.google.android.gms@244134038@24.41.34 (260800-685836814):1)
10-10 04:26:32.859  1077 19900 W GLSUser : 	at brgk.g(:com.google.android.gms@244134038@24.41.34 (260800-685836814):68)
10-10 04:26:32.859  1077 19900 W GLSUser : 	at brgk.b(:com.google.android.gms@244134038@24.41.34 (260800-685836814):11)
10-10 04:26:32.859  1077 19900 W GLSUser : 	... 10 more
10-10 04:26:32.861 18512 20791 I DialerVvmServiceMapImpl: com.android.dialer.voicemail.service.impl.carriermapping.VvmServiceMapImpl.getVvmErrorModelBuilderBlocking:180 Failed to get VVM error model builder as VVM type TMO_REST for PhoneAccountHandle ComponentInfo{com.android.phone/com.android.services.telephony.TelephonyConnectionService}, 1, UserHandle{0} not found in map. [CONTEXT ratelimit_period="1 MINUTES" enable_persistent_logger=true skipped=11 ]
10-10 04:26:32.869 20621 20786 I Finsky:background: [97] ubp.apply(1059): IQ: Creating job 67, for (REQ_CHARGING, REQ_DEVICE_IDLE, REQ_GEARHEAD_PROJECTION_OFF, NETWORK=UNMETERED, PROVISIONING_STATE=PROVISIONED, BACKUP_MANAGER_STATE=BACKUP_READY)
10-10 04:26:32.875 20621 20786 I Finsky:background: [97] ubp.apply(1059): IQ: Creating job 68, for (REQ_CHARGING, REQ_DEVICE_IDLE, REQ_GEARHEAD_PROJECTION_OFF, NETWORK=UNMETERED, PROVISIONING_STATE=PROVISIONED, BACKUP_MANAGER_STATE=BACKUP_READY, PROCESS_IMPORTANCE_THRESHOLD=125)
10-10 04:26:32.875 20621 20786 I Finsky:background: [97] ucy.I(311): IQ: Bulk scheduling created jobs
10-10 04:26:32.892 20621 20749 I Finsky:background: [83] agij.c(15): SSM: Start staged session task with 0 tracked staged sessions
10-10 04:26:32.903 18512 20791 W Settings: Setting airplane_mode_on has moved from android.provider.Settings.System to android.provider.Settings.Global, returning read-only value.
10-10 04:26:32.904 18512 20791 I DialerVoicemailStatusDataServiceImpl: com.android.dialer.voicemailstatus.dataservice.impl.VoicemailStatusDataServiceImpl.lambda$insertOrUpdateVoicemailStatus$6:250 merged status: # mfg@f83fead8
10-10 04:26:32.905 18512 18581 W DialerVvmExecutorImpl: com.android.dialer.voicemail.service.impl.scheduler.VvmExecutorImpl.lambda$executeWorkOnCarrierService$18:409 Could not complete vvm work with action: UPDATE_STATUS. Error: [GeneralFailureReason: UNSPECIFIED, RestFailureReason: GBA_AUTHENTICATION_FAILURE_FEATURE_NOT_SUPPORTED, OmtpFailureReason: OMTP_UNSPECIFIED] [CONTEXT disable_client_error_logging=true enable_persistent_logger=true ]
10-10 04:26:32.905 18512 18581 I DialerVvmExecutorImpl: com.android.dialer.voicemail.service.impl.scheduler.VvmExecutorImpl.lambda$executeWork$3:194 VvmResult is: # lif@1db4fb1
10-10 04:26:32.921 18512 18581 I DialerVvmExecutorImpl: com.android.dialer.voicemail.service.impl.scheduler.VvmExecutorImpl.lambda$execute$8:218 Beginning VVM action: SYNC with retryCount: 0 [CONTEXT enable_persistent_logger=true ]
10-10 04:26:32.929 18512 18585 E DialerRestVvmCarrierService: com.android.dialer.voicemail.service.impl.vvmclients.rest.RestVvmCarrierService.lambda$getMsisdn$20:412 Retrieved phone number in an unexpected format: +15551234567 [CONTEXT disable_client_error_logging=true ]
10-10 04:26:32.929 18512 18585 E DialerRestVvmCarrierService: umv: MEDIUM
10-10 04:26:32.929 18512 18585 E DialerRestVvmCarrierService: 	at a.bF(PG:15)
10-10 04:26:32.929 18512 18585 E DialerRestVvmCarrierService: 	at lld.apply(PG:402)
10-10 04:26:32.929 18512 18585 E DialerRestVvmCarrierService: 	at trx.apply(PG:13)
10-10 04:26:32.929 18512 18585 E DialerRestVvmCarrierService: 	at uxr.d(PG:3)
10-10 04:26:32.929 18512 18585 E DialerRestVvmCarrierService: 	at uxs.run(PG:42)
10-10 04:26:32.929 18512 18585 E DialerRestVvmCarrierService: 	at prd.run(PG:3)
10-10 04:26:32.929 18512 18585 E DialerRestVvmCarrierService: 	at ush.run(PG:50)
10-10 04:26:32.929 18512 18585 E DialerRestVvmCarrierService: 	at pfj.run(PG:133)
10-10 04:26:32.929 18512 18585 E DialerRestVvmCarrierService: 	at pfj.run(PG:361)
10-10 04:26:32.929 18512 18585 E DialerRestVvmCarrierService: 	at java.lang.Thread.run(Thread.java:1012)
10-10 04:26:32.929 18512 18585 E DialerRestVvmCarrierService: 	at psg.run(PG:64)
10-10 04:26:32.930 18512 18585 I DialerLogcatLoggingBindings: com.android.dialer.logging.logcat.LogcatLoggingBindings.logImpression:54 Impression: ANDROID_API_UNEXPECTED_PHONE_NUMBER_FORMAT
10-10 04:26:32.932 18512 18585 I DialerLogcatLoggingBindings: com.android.dialer.logging.logcat.LogcatLoggingBindings.logImpression:47 Impression: VVM_SYNC_STARTED
10-10 04:26:32.936 18512 18581 W DialerGbaCredentialProvider: com.android.dialer.voicemail.service.impl.vvmclients.rest.GbaCredentialProvider$1.onAuthenticationFailure:93 GBA failed with reason: 1 [CONTEXT disable_client_error_logging=true ]
10-10 04:26:32.936 18512 18585 I Dialerojv: com.google.android.dialershared.externals.logging.SingletonScopedExternalsLogging.recordCallMethodInvocation:75 event: TELEPHONY_BOOTSTRAP_AUTHENTICATION_REQUEST, function parameters: [], return value: Default
10-10 04:26:32.942 18512 18581 I DialerVoicemailStatusDataServiceImpl: com.android.dialer.voicemailstatus.dataservice.impl.VoicemailStatusDataServiceImpl.insertOrUpdateVoicemailStatus:236 enter
10-10 04:26:32.943 18512 20791 I DialerVoicemailStatusDataServiceImpl: com.android.dialer.voicemailstatus.dataservice.impl.VoicemailStatusDataServiceImpl.logAndMergeErrors:333 Existing error is lower priority and thus overridden, Existing error: REST_FAILURE_REASON.GBA_AUTHENTICATION_FAILURE_FEATURE_NOT_SUPPORTED, New error: REST_FAILURE_REASON.GBA_AUTHENTICATION_FAILURE_FEATURE_NOT_SUPPORTED
10-10 04:26:32.951   576  1483 D CompatChangeReporter: Compat change id reported: 161145287; UID 10143; state: ENABLED
10-10 04:26:32.978 18512 18517 I .android.dialer: Background concurrent mark compact GC freed 14MB AllocSpace bytes, 0(0B) LOS objects, 49% free, 6396KB/12MB, paused 933us,3.734ms total 139.689ms
10-10 04:26:32.995   576  1475 D CompatChangeReporter: Compat change id reported: 261072174; UID 10143; state: ENABLED
10-10 04:26:32.995   576   658 D CompatChangeReporter: Compat change id reported: 297989574; UID 10142; state: ENABLED
10-10 04:26:33.000   576   679 D ActivityManager: freezing 18477 com.google.android.deskclock
10-10 04:26:33.007   576   733 D InetDiagMessage: Destroyed 0 sockets, proto=IPPROTO_TCP, family=AF_INET, states=14
10-10 04:26:33.010   576   733 D InetDiagMessage: Destroyed 0 sockets, proto=IPPROTO_TCP, family=AF_INET6, states=14
10-10 04:26:33.011   576   733 D InetDiagMessage: Destroyed live tcp sockets for uids={10160} in 5ms
10-10 04:26:33.020   576  1483 D FileUtils: Rounded bytes from 2069696512 to 4000000000
10-10 04:26:33.035 20621 20775 I Finsky:background: [91] ont.f(41): Subscription detail: DataSubscriptionInfo{groupIdLevel1=null, serviceProviderName=[Zr1R7g28S8p7iucp_gnNJJtsRl-pgO3Y6eIkCh24Iy0], simCarrierId=1}
10-10 04:26:33.039 18512 20791 W Settings: Setting airplane_mode_on has moved from android.provider.Settings.System to android.provider.Settings.Global, returning read-only value.
10-10 04:26:33.039 18512 20791 I DialerVoicemailStatusDataServiceImpl: com.android.dialer.voicemailstatus.dataservice.impl.VoicemailStatusDataServiceImpl.lambda$insertOrUpdateVoicemailStatus$6:250 merged status: # mfg@f83fead8
10-10 04:26:33.039 18512 18585 I Dialerojv: com.google.android.dialershared.externals.logging.SingletonScopedExternalsLogging.recordCallMethodInvocation:75 event: TIKTOK_WORK_EXECUTION_MONITOR_ON_WORK_FINISHED, function parameters: [dbb796f3-d147-4038-8ca2-5ae39f6031e3,com.android.dialer.voicemail.service.impl.VvmTaskWorker], return value: cek
10-10 04:26:33.040 18512 18581 I Dialerojv: com.google.android.dialershared.externals.logging.SingletonScopedExternalsLogging.recordCallMethodInvocation:75 event: TIKTOK_WORK_EXECUTION_MONITOR_ON_WORK_FINISHED, function parameters: [83d592be-2778-442e-afe3-ed0cf56739fa,com.android.dialer.voicemail.service.impl.VvmTaskWorker], return value: cek
10-10 04:26:33.040 18512 18585 W DialerVvmExecutorImpl: com.android.dialer.voicemail.service.impl.scheduler.VvmExecutorImpl.lambda$executeWorkOnCarrierService$18:409 Could not complete vvm work with action: SYNC. Error: [GeneralFailureReason: UNSPECIFIED, RestFailureReason: GBA_AUTHENTICATION_FAILURE_FEATURE_NOT_SUPPORTED, OmtpFailureReason: OMTP_UNSPECIFIED] [CONTEXT disable_client_error_logging=true enable_persistent_logger=true ]
10-10 04:26:33.041 18512 18585 I DialerVvmExecutorImpl: com.android.dialer.voicemail.service.impl.scheduler.VvmExecutorImpl.lambda$executeWork$3:194 VvmResult is: # lif@1db4fb1
10-10 04:26:33.057 18512 18517 W .android.dialer: Suspending all threads took: 12.032ms
10-10 04:26:33.059 18512 18583 I WM-WorkerWrapper: Worker result RETRY for Work [ id=dbb796f3-d147-4038-8ca2-5ae39f6031e3, tags={ com.google.apps.tiktok.contrib.work.TikTokListenableWorker,1,UPDATE_STATUS,TikTokWorker#com.android.dialer.voicemail.service.impl.VvmTaskWorker } ]
10-10 04:26:33.061 20621 20621 I Finsky:background: [2] ons.onSubscriptionsChanged(6): onSubscriptionsChanged
10-10 04:26:33.070 18512 18517 I .android.dialer: Background concurrent mark compact GC freed 8732KB AllocSpace bytes, 0(0B) LOS objects, 49% free, 5664KB/11MB, paused 13.303ms,2.154ms total 46.808ms
10-10 04:26:33.098   576   586 I system_server: Background concurrent mark compact GC freed 14MB AllocSpace bytes, 30(640KB) LOS objects, 42% free, 32MB/56MB, paused 2.477ms,3.526ms total 1.661s
10-10 04:26:33.098 20710 20732 W DynamiteModule: Local module descriptor class for com.google.android.gms.googlecertificates not found.
10-10 04:26:33.102 18512 18964 I WM-WorkerWrapper: Worker result RETRY for Work [ id=83d592be-2778-442e-afe3-ed0cf56739fa, tags={ com.google.apps.tiktok.contrib.work.TikTokListenableWorker,1,UPDATE_STATUS,TikTokWorker#com.android.dialer.voicemail.service.impl.VvmTaskWorker } ]
10-10 04:26:33.103   576   588 W system_server: ApkAssets: Deleting an ApkAssets object '<empty> and /data/app/~~ovu0Gzcrzl44tqVFAMwIYA==/com.google.android.gms-bTX607kz4xwtijtvmn8EBg==/base.apk' with 1 weak references
10-10 04:26:33.103   576   588 W system_server: ApkAssets: Deleting an ApkAssets object '<empty> and /data/app/~~ovu0Gzcrzl44tqVFAMwIYA==/com.google.android.gms-bTX607kz4xwtijtvmn8EBg==/split_CronetDynamite_installtime.apk' with 1 weak references
10-10 04:26:33.104   576   588 W system_server: ApkAssets: Deleting an ApkAssets object '<empty> and /data/app/~~ovu0Gzcrzl44tqVFAMwIYA==/com.google.android.gms-bTX607kz4xwtijtvmn8EBg==/split_DynamiteModulesA_installtime.apk' with 1 weak references
10-10 04:26:33.104   576   588 W system_server: ApkAssets: Deleting an ApkAssets object '<empty> and /data/app/~~ovu0Gzcrzl44tqVFAMwIYA==/com.google.android.gms-bTX607kz4xwtijtvmn8EBg==/split_DynamiteModulesC_installtime.apk' with 1 weak references
10-10 04:26:33.105   576   588 W system_server: ApkAssets: Deleting an ApkAssets object '<empty> and /data/app/~~ovu0Gzcrzl44tqVFAMwIYA==/com.google.android.gms-bTX607kz4xwtijtvmn8EBg==/split_GoogleCertificates_installtime.apk' with 1 weak references
10-10 04:26:33.105   576   588 W system_server: ApkAssets: Deleting an ApkAssets object '<empty> and /data/app/~~ovu0Gzcrzl44tqVFAMwIYA==/com.google.android.gms-bTX607kz4xwtijtvmn8EBg==/split_MapsDynamite_installtime.apk' with 1 weak references
10-10 04:26:33.105   576   588 W system_server: ApkAssets: Deleting an ApkAssets object '<empty> and /data/app/~~ovu0Gzcrzl44tqVFAMwIYA==/com.google.android.gms-bTX607kz4xwtijtvmn8EBg==/split_MeasurementDynamite_installtime.apk' with 1 weak references
10-10 04:26:33.105   576   588 W system_server: ApkAssets: Deleting an ApkAssets object '<empty> and /data/app/~~ovu0Gzcrzl44tqVFAMwIYA==/com.google.android.gms-bTX607kz4xwtijtvmn8EBg==/split_all_locale_splits.apk' with 1 weak references
10-10 04:26:33.106   576   588 W system_server: ApkAssets: Deleting an ApkAssets object '<empty> and /data/app/~~ovu0Gzcrzl44tqVFAMwIYA==/com.google.android.gms-bTX607kz4xwtijtvmn8EBg==/split_config.en.apk' with 1 weak references
10-10 04:26:33.106   576   588 W system_server: ApkAssets: Deleting an ApkAssets object '<empty> and /data/app/~~ovu0Gzcrzl44tqVFAMwIYA==/com.google.android.gms-bTX607kz4xwtijtvmn8EBg==/split_config.xxhdpi.apk' with 1 weak references
10-10 04:26:33.107   576   588 W system_server: ApkAssets: Deleting an ApkAssets object '<empty> and /system/priv-app/InputDevices/InputDevices.apk' with 1 weak references
10-10 04:26:33.107   576   588 W system_server: ApkAssets: Deleting an ApkAssets object '<empty> and /product/app/LatinIMEGooglePrebuilt/LatinIMEGooglePrebuilt.apk' with 1 weak references
10-10 04:26:33.108 18512 18585 I Dialerojv: com.google.android.dialershared.externals.logging.SingletonScopedExternalsLogging.recordCallMethodInvocation:75 event: TIKTOK_WORK_EXECUTION_MONITOR_ON_WORK_FINISHED, function parameters: [86aef24c-59f0-4c1f-8ee3-0012c4bd645a,com.android.dialer.voicemail.service.impl.VvmTaskWorker], return value: cek
10-10 04:26:33.109   576   588 W system_server: ApkAssets: Deleting an ApkAssets object '<empty> and /product/app/GoogleTTS/GoogleTTS.apk' with 1 weak references
10-10 04:26:33.109 18512 18585 I Dialerojv: com.google.android.dialershared.externals.logging.SingletonScopedExternalsLogging.recordCallMethodInvocation:75 event: TIKTOK_WORK_EXECUTION_MONITOR_ON_WORK_FINISHED, function parameters: [585f73f5-c048-407b-9678-58fb3549d3e9,com.android.dialer.voicemail.service.impl.VvmTaskWorker], return value: cek
10-10 04:26:33.109   576   588 W system_server: ApkAssets: Deleting an ApkAssets object '<empty> and /system_ext/app/AccessibilityMenu/AccessibilityMenu.apk' with 1 weak references
10-10 04:26:33.109   576   588 W system_server: ApkAssets: Deleting an ApkAssets object '/product/overlay/AccessibilityMenu__sdk_gphone64_x86_64__auto_generated_rro_product.apk' with 1 weak references
10-10 04:26:33.109   576   588 W system_server: ApkAssets: Deleting an ApkAssets object '<empty> and /product/app/talkback/talkback.apk' with 1 weak references
10-10 04:26:33.110   576   588 W system_server: ApkAssets: Deleting an ApkAssets object '<empty> and /product/priv-app/Velvet/Velvet.apk' with 1 weak references
10-10 04:26:33.111   576   588 W system_server: ApkAssets: Deleting an ApkAssets object '/vendor/overlay/EmulatorTalkBackOverlay/EmulatorTalkBackOverlay.apk' with 1 weak references
10-10 04:26:33.113   576   588 W system_server: ApkAssets: Deleting an ApkAssets object '<empty> and /product/app/Drive/Drive.apk' with 1 weak references
10-10 04:26:33.212  1077 19900 W GLSUser : [DeviceKeyStore] Cannot load key: Device key file not found.
10-10 04:26:33.273 20710 20732 W ziparchive: Unable to open '/data/user_de/0/com.google.android.gms/app_chimera/m/00000010/DynamiteLoader.uncompressed.dm': No such file or directory
10-10 04:26:33.273 20710 20732 W ziparchive: Unable to open '/data/user_de/0/com.google.android.gms/app_chimera/m/00000010/DynamiteLoader.uncompressed.dm': No such file or directory
10-10 04:26:33.283  1077  2750 W GLSUser : [DeviceKeyStore] Cannot load key: Device key file not found.
10-10 04:26:33.390   576  1528 E TaskPersister: File error accessing recents directory (directory doesn't exist?).
10-10 04:26:33.414 18512 18964 I WM-WorkerWrapper: Worker result RETRY for Work [ id=86aef24c-59f0-4c1f-8ee3-0012c4bd645a, tags={ com.google.apps.tiktok.contrib.work.TikTokListenableWorker,1,SYNC,TikTokWorker#com.android.dialer.voicemail.service.impl.VvmTaskWorker } ]
10-10 04:26:33.431 18512 18964 I WM-WorkerWrapper: Worker result RETRY for Work [ id=585f73f5-c048-407b-9678-58fb3549d3e9, tags={ com.google.apps.tiktok.contrib.work.TikTokListenableWorker,1,SYNC,TikTokWorker#com.android.dialer.voicemail.service.impl.VvmTaskWorker } ]
10-10 04:26:33.469  1077 19900 I GlsClientGrpc: (REDACTED) Kollektomat gRPC network failure: %s
10-10 04:26:33.515 20710 20732 I DynamiteModule: Considering local module com.google.android.gms.googlecertificates:0 and remote module com.google.android.gms.googlecertificates:7
10-10 04:26:33.515 20710 20732 I DynamiteModule: Selected remote version of com.google.android.gms.googlecertificates, version >= 7
10-10 04:26:33.530 20710 20732 W System  : ClassLoader referenced unknown path: 
10-10 04:26:33.550 20710 20732 D nativeloader: Configuring clns-8 for other apk . target_sdk_version=35, uses_libraries=, library_path=/data/app/~~ovu0Gzcrzl44tqVFAMwIYA==/com.google.android.gms-bTX607kz4xwtijtvmn8EBg==/lib/x86_64:/data/app/~~ovu0Gzcrzl44tqVFAMwIYA==/com.google.android.gms-bTX607kz4xwtijtvmn8EBg==/base.apk!/lib/x86_64, permitted_path=/data:/mnt/expand:/data/user/0/com.google.android.gms
10-10 04:26:33.578 12886 12886 I Choreographer: Skipped 31 frames!  The application may be doing too much work on its main thread.
10-10 04:26:33.607 18512 18512 I Dialerojv: com.google.android.dialershared.externals.logging.SingletonScopedExternalsLogging.recordCallMethodInvocation:66 event: VVM_TASK_WORKER_EXECUTE_VVM_JOB, function parameters: [1], return value: <empty> [CONTEXT enable_persistent_logger=true ]
10-10 04:26:33.607 18512 18581 I Dialerojv: com.google.android.dialershared.externals.logging.SingletonScopedExternalsLogging.recordCallMethodInvocation:75 event: TIKTOK_WORK_EXECUTION_MONITOR_ON_WORK_STARTED, function parameters: [58dc87cb-2a55-4756-ba0d-95e14b4727b7,com.android.dialer.voicemail.service.impl.VvmTaskWorker], return value: <empty>
10-10 04:26:33.613 18512 18512 I Dialerojv: com.google.android.dialershared.externals.logging.SingletonScopedExternalsLogging.recordCallMethodInvocation:66 event: VVM_TASK_WORKER_EXECUTE_VVM_JOB, function parameters: [1], return value: <empty> [CONTEXT enable_persistent_logger=true ]
10-10 04:26:33.613 18512 18585 I Dialerojv: com.google.android.dialershared.externals.logging.SingletonScopedExternalsLogging.recordCallMethodInvocation:75 event: TIKTOK_WORK_EXECUTION_MONITOR_ON_WORK_STARTED, function parameters: [b04c1249-b75a-41ac-9f57-2ebefd9599d1,com.android.dialer.voicemail.service.impl.VvmTaskWorker], return value: <empty>
10-10 04:26:33.617 18512 18512 I DialerTimeKeeperDbRefreshingWorker: com.android.dialer.timekeeper.impl.worker.TimeKeeperDbRefreshingWorker.startWork:64 enter
10-10 04:26:33.618 18512 18585 I Dialerojv: com.google.android.dialershared.externals.logging.SingletonScopedExternalsLogging.recordCallMethodInvocation:75 event: TIKTOK_WORK_EXECUTION_MONITOR_ON_WORK_STARTED, function parameters: [6ba870c2-bc05-454c-94b8-afe4e98d8a9d,com.android.dialer.timekeeper.impl.worker.TimeKeeperDbRefreshingWorker], return value: <empty>
10-10 04:26:33.618 18512 18585 I Dialerojv: com.google.android.dialershared.externals.logging.SingletonScopedExternalsLogging.recordCallMethodInvocation:75 event: TIKTOK_WORK_EXECUTION_MONITOR_ON_WORK_FINISHED, function parameters: [6ba870c2-bc05-454c-94b8-afe4e98d8a9d,com.android.dialer.timekeeper.impl.worker.TimeKeeperDbRefreshingWorker], return value: cel
10-10 04:26:33.621 18512 18581 I DialerVvmExecutorImpl: com.android.dialer.voicemail.service.impl.scheduler.VvmExecutorImpl.lambda$execute$8:218 Beginning VVM action: ACTIVATE with retryCount: 1 [CONTEXT enable_persistent_logger=true ]
10-10 04:26:33.623 18512 18581 I Dialerojv: com.google.android.dialershared.externals.logging.SingletonScopedExternalsLogging.recordCallMethodInvocation:75 event: TIKTOK_WORK_EXECUTION_MONITOR_ON_WORK_STARTED, function parameters: [d6fb391d-9a05-4af9-8bf7-18cc6ad59374,com.android.dialer.calleridfeeback.impl.database.retention.CallerIdFeedbackDeletionWorker], return value: <empty>
10-10 04:26:33.623 18512 18512 I DialerCallerIdFeedbackDeletionWorker: com.android.dialer.calleridfeedback.impl.database.retention.CallerIdFeedbackDeletionWorker.startWork:60 startWork
10-10 04:26:33.624 18512 18581 I Dialerojv: com.google.android.dialershared.externals.logging.SingletonScopedExternalsLogging.recordCallMethodInvocation:75 event: TIKTOK_WORK_EXECUTION_MONITOR_ON_WORK_FINISHED, function parameters: [d6fb391d-9a05-4af9-8bf7-18cc6ad59374,com.android.dialer.calleridfeeback.impl.database.retention.CallerIdFeedbackDeletionWorker], return value: cel
10-10 04:26:33.627 18512 18585 I Dialerojv: com.google.android.dialershared.externals.logging.SingletonScopedExternalsLogging.recordCallMethodInvocation:75 event: TIKTOK_WORK_EXECUTION_MONITOR_ON_WORK_STARTED, function parameters: [6d5b5d67-353a-4dd9-ac01-b8e32cc7489d,com.android.dialer.voicemail.service.metrics.VvmNotificationWorker], return value: <empty>
10-10 04:26:33.628 18512 18585 I Dialerojv: com.google.android.dialershared.externals.logging.SingletonScopedExternalsLogging.recordCallMethodInvocation:75 event: TIKTOK_WORK_EXECUTION_MONITOR_ON_WORK_FINISHED, function parameters: [6d5b5d67-353a-4dd9-ac01-b8e32cc7489d,com.android.dialer.voicemail.service.metrics.VvmNotificationWorker], return value: cel
10-10 04:26:33.629 18512 18585 E DialerRestVvmCarrierService: com.android.dialer.voicemail.service.impl.vvmclients.rest.RestVvmCarrierService.lambda$getMsisdn$20:412 Retrieved phone number in an unexpected format: +15551234567 [CONTEXT disable_client_error_logging=true ]
10-10 04:26:33.629 18512 18585 E DialerRestVvmCarrierService: umv: MEDIUM
10-10 04:26:33.629 18512 18585 E DialerRestVvmCarrierService: 	at a.bF(PG:15)
10-10 04:26:33.629 18512 18585 E DialerRestVvmCarrierService: 	at lld.apply(PG:402)
10-10 04:26:33.629 18512 18585 E DialerRestVvmCarrierService: 	at trx.apply(PG:13)
10-10 04:26:33.629 18512 18585 E DialerRestVvmCarrierService: 	at uxr.d(PG:3)
10-10 04:26:33.629 18512 18585 E DialerRestVvmCarrierService: 	at uxs.run(PG:42)
10-10 04:26:33.629 18512 18585 E DialerRestVvmCarrierService: 	at prd.run(PG:3)
10-10 04:26:33.629 18512 18585 E DialerRestVvmCarrierService: 	at ush.run(PG:50)
10-10 04:26:33.629 18512 18585 E DialerRestVvmCarrierService: 	at pfj.run(PG:133)
10-10 04:26:33.629 18512 18585 E DialerRestVvmCarrierService: 	at pfj.run(PG:361)
10-10 04:26:33.629 18512 18585 E DialerRestVvmCarrierService: 	at java.lang.Thread.run(Thread.java:1012)
10-10 04:26:33.629 18512 18585 E DialerRestVvmCarrierService: 	at psg.run(PG:64)
10-10 04:26:33.629 18512 18585 I DialerLogcatLoggingBindings: com.android.dialer.logging.logcat.LogcatLoggingBindings.logImpression:54 Impression: ANDROID_API_UNEXPECTED_PHONE_NUMBER_FORMAT
10-10 04:26:33.630 18512 18585 I DialerVvmActivation: com.android.dialer.voicemail.service.impl.vvmclients.rest.VvmActivation.activate:65 activate
10-10 04:26:33.631 18512 18581 W DialerGbaCredentialProvider: com.android.dialer.voicemail.service.impl.vvmclients.rest.GbaCredentialProvider$1.onAuthenticationFailure:93 GBA failed with reason: 1 [CONTEXT disable_client_error_logging=true ]
10-10 04:26:33.631 18512 18585 I Dialerojv: com.google.android.dialershared.externals.logging.SingletonScopedExternalsLogging.recordCallMethodInvocation:75 event: TELEPHONY_BOOTSTRAP_AUTHENTICATION_REQUEST, function parameters: [], return value: Default
10-10 04:26:33.633 18512 18585 I DialerVoicemailStatusDataServiceImpl: com.android.dialer.voicemailstatus.dataservice.impl.VoicemailStatusDataServiceImpl.insertOrUpdateVoicemailStatus:236 enter
10-10 04:26:33.641 18512 18585 I DialerCallerIdFeedbackDatabase: com.android.dialer.calleridfeedback.impl.database.CallerIdFeedbackDatabase.deleteAllMatching:420 feedbackCreationTimestamp list empty
10-10 04:26:33.641 18512 18585 I DialerCallerIdFeedbackDatabase: com.android.dialer.calleridfeedback.impl.database.CallerIdFeedbackDatabase$1.onSuccess:362 Deleted old caller IDs.
10-10 04:26:33.641 18512 18512 I DialerXatuMetricsWorker: com.android.dialer.xatu.impl.storage.postcall.XatuMetricsWorker.startWork:67 enter
10-10 04:26:33.641 18512 18585 I Dialerojv: com.google.android.dialershared.externals.logging.SingletonScopedExternalsLogging.recordCallMethodInvocation:75 event: TIKTOK_WORK_EXECUTION_MONITOR_ON_WORK_STARTED, function parameters: [ee8a4c55-fd63-4dca-b344-579b654abb02,com.android.dialer.xatu.impl.storage.postcall.XatuMetricsWorker], return value: <empty>
10-10 04:26:33.651 18512 18581 I Dialerojv: com.google.android.dialershared.externals.logging.SingletonScopedExternalsLogging.recordCallMethodInvocation:75 event: TIKTOK_WORK_EXECUTION_MONITOR_ON_WORK_STARTED, function parameters: [ec36ea6a-d48e-409a-a472-17679d88bc87,com.google.apps.tiktok.sync.impl.workmanager.SyncWorker], return value: <empty>
10-10 04:26:33.651 18512 18512 I DialerSyncManagerImpl: com.google.apps.tiktok.sync.impl.SyncManagerImpl.sync:170 #sync(). Running Synclets and scheduling next sync.
10-10 04:26:33.661 18512 18585 I Dialerojv: com.google.android.dialershared.externals.logging.SingletonScopedExternalsLogging.recordCallMethodInvocation:75 event: TIKTOK_WORK_EXECUTION_MONITOR_ON_WORK_FINISHED, function parameters: [ee8a4c55-fd63-4dca-b344-579b654abb02,com.android.dialer.xatu.impl.storage.postcall.XatuMetricsWorker], return value: cel
10-10 04:26:33.687 20710 20732 W .apps.wellbeing: ClassLoaderContext classpath element mismatch. expected=base.apk, found=/product/priv-app/WellbeingPrebuilt/WellbeingPrebuilt.apk (DLC[];PCL[base.apk*1986553923]{PCL[/system/framework/org.apache.http.legacy.jar*437079508]#PCL[/system/framework/com.android.media.remotedisplay.jar*2042759013]#PCL[/system/framework/com.android.location.provider.jar*3414091812]#PCL[/system_ext/framework/androidx.window.extensions.jar*1060046784]#PCL[/system_ext/framework/androidx.window.sidecar.jar*2147524027]} | DLC[];PCL[/product/priv-app/WellbeingPrebuilt/WellbeingPrebuilt.apk*3039990058]{PCL[/system/framework/org.apache.http.legacy.jar*437079508]#PCL[/system_ext/framework/androidx.window.extensions.jar*1060046784]#PCL[/system_ext/framework/androidx.window.sidecar.jar*2147524027]})
10-10 04:26:33.690 18512 18585 I DialerSyncManagerImpl: com.google.apps.tiktok.sync.impl.SyncManagerImpl.lambda$runSynclet$6:352 Starting synclet: OrphanCacheSingletonSynclet
10-10 04:26:33.690 18512 18585 I DialerSyncManagerImpl: com.google.apps.tiktok.sync.impl.SyncManagerImpl.lambda$runSynclet$6:352 Starting synclet: CallSpecificPsdExpirationCleanupSynclet
10-10 04:26:33.690 18512 18581 I DialerSyncManagerImpl: com.google.apps.tiktok.sync.impl.SyncManagerImpl.lambda$runSynclet$6:352 Starting synclet: LegacyCallSpecificPsdCleanupSynclet
10-10 04:26:33.690 18512 18585 I DialerSyncManagerImpl: com.google.apps.tiktok.sync.impl.SyncManagerImpl.lambda$runSynclet$6:352 Starting synclet: WipeoutSynclet
10-10 04:26:33.694 18512 18585 I Dialerojv: com.google.android.dialershared.externals.logging.SingletonScopedExternalsLogging.recordCallMethodInvocation:75 event: TIKTOK_WORK_EXECUTION_MONITOR_ON_WORK_STARTED, function parameters: [30ef2728-6844-4cef-8636-383fdffaa54d,com.android.incallui.callscreen.impl.recording.retention.CallScreenRecordingsDeletionWorker], return value: <empty>
10-10 04:26:33.698 18512 18512 I DialerCallScreenRecordingsDeletionWorker: com.android.incallui.callscreen.impl.recording.retention.CallScreenRecordingsDeletionWorker.startWork:79 startWork
10-10 04:26:33.698 18512 18512 I DialerTidepodsRevelioEnabledFn: com.android.dialer.revelio.impl.tidepods.impl.TidepodsRevelioEnabledFn.isEnabled:42 tidepods revelio disabled by flag [CONTEXT ratelimit_period="1 MINUTES" skipped=2 ]
10-10 04:26:33.701 18512 20793 W Settings: Setting airplane_mode_on has moved from android.provider.Settings.System to android.provider.Settings.Global, returning read-only value.
10-10 04:26:33.703 18512 20793 I DialerVoicemailStatusDataServiceImpl: com.android.dialer.voicemailstatus.dataservice.impl.VoicemailStatusDataServiceImpl.lambda$insertOrUpdateVoicemailStatus$6:250 merged status: # mfg@f83fead8
10-10 04:26:33.703 18512 18585 I Dialerojv: com.google.android.dialershared.externals.logging.SingletonScopedExternalsLogging.recordCallMethodInvocation:75 event: TIKTOK_WORK_EXECUTION_MONITOR_ON_WORK_STARTED, function parameters: [a1858eba-9035-40dc-bc5c-3ad2de278f20,com.android.dialer.voicemail.service.receivers.VvmDailyWorker], return value: <empty>
10-10 04:26:33.704 18512 18581 I Dialerfjx: com.android.dialer.cui.impl.InternalSemanticEventLoggerImpl.handleError:310 CUI error: VVM_ACTIVATION_FAILED; uniqueCallId: null
10-10 04:26:33.704 18512 18512 I DialerVvmDailyWorker: com.android.dialer.voicemail.service.receivers.VvmDailyWorker.startWork:87 startWork
10-10 04:26:33.705 18512 18581 I DialerVoicemailStatusDataServiceImpl: com.android.dialer.voicemailstatus.dataservice.impl.VoicemailStatusDataServiceImpl.insertOrUpdateVoicemailStatus:236 enter
10-10 04:26:33.708 18512 20793 I DialerVoicemailStatusDataServiceImpl: com.android.dialer.voicemailstatus.dataservice.impl.VoicemailStatusDataServiceImpl.logAndMergeErrors:333 Existing error is lower priority and thus overridden, Existing error: REST_FAILURE_REASON.GBA_AUTHENTICATION_FAILURE_FEATURE_NOT_SUPPORTED, New error: REST_FAILURE_REASON.GBA_AUTHENTICATION_FAILURE_FEATURE_NOT_SUPPORTED
10-10 04:26:33.711 12886 14345 D TrafficStats: tagSocket(84) with statsTag=0xffffffff, statsUid=-1
10-10 04:26:33.714 18512 18583 I WM-WorkerWrapper: Worker result SUCCESS for Work [ id=6ba870c2-bc05-454c-94b8-afe4e98d8a9d, tags={ com.google.apps.tiktok.contrib.work.TikTokListenableWorker,TikTokWorker#com.android.dialer.timekeeper.impl.worker.TimeKeeperDbRefreshingWorker } ]
10-10 04:26:33.720 18512 20791 I DialerVvmServiceMapImpl: com.android.dialer.voicemail.service.impl.carriermapping.VvmServiceMapImpl.lambda$getVvmErrorModelBuilder$2:159 Failed to get VVM error model builder as VVM type TMO_REST for PhoneAccountHandle ComponentInfo{com.android.phone/com.android.services.telephony.TelephonyConnectionService}, 1, UserHandle{0} not found in map. [CONTEXT ratelimit_period="1 MINUTES" enable_persistent_logger=true skipped=1 ]
10-10 04:26:33.734 18512 18585 I DialerCallScreenRecordingsDeletionWorker: com.android.incallui.callscreen.impl.recording.retention.CallScreenRecordingsDeletionWorker.lambda$deleteTemporaryRecordingsForTranscripts$5:155 Clearing temporary recordings older than 1759897593734
