--------- beginning of main
01-25 11:06:19.555   903 20221 D TrafficStats: tagSocket(131) with statsTag=0xffffff81, statsUid=-1
01-25 11:06:19.602   903 20223 D TrafficStats: tagSocket(133) with statsTag=0xffffff81, statsUid=-1
01-25 11:06:19.918   903 20219 D NetworkMonitor/101: PROBE_FALLBACK http://play.googleapis.com/generate_204 time=2007ms ret=204 request={Connection=[close], User-Agent=[Mozilla/5.0 (X11; Linux x86_64) AppleWebKit/537.36 (KHTML, like Gecko) Chrome/60.0.3112.32 Safari/537.36]} headers={null=[HTTP/1.1 204 No Content], Connection=[close], Content-Length=[0], Cross-Origin-Resource-Policy=[cross-origin], Date=[Fri, 10 Oct 2025 04:25:53 GMT], X-Android-Received-Millis=[1737803179909], X-Android-Response-Source=[NETWORK 204], X-Android-Selected-Protocol=[http/1.1], X-Android-Sent-Millis=[1737803179550]}
01-25 11:06:20.018   903 20222 D NetworkMonitor/100: PROBE_HTTP http://connectivitycheck.gstatic.com/generate_204 time=913ms ret=204 request={Connection=[close], User-Agent=[Mozilla/5.0 (X11; Linux x86_64) AppleWebKit/537.36 (KHTML, like Gecko) Chrome/60.0.3112.32 Safari/537.36]} headers={null=[HTTP/1.1 204 No Content], Connection=[close], Content-Length=[0], Cross-Origin-Resource-Policy=[cross-origin], Date=[Fri, 10 Oct 2025 04:25:53 GMT], X-Android-Received-Millis=[1737803179883], X-Android-Response-Source=[NETWORK 204], X-Android-Selected-Protocol=[http/1.1], X-Android-Sent-Millis=[1737803179381]}
01-25 11:06:20.146   903 20218 D NetworkMonitor/100: PROBE_FALLBACK http://www.google.com/gen_204 time=2296ms ret=204 request={Connection=[close], User-Agent=[Mozilla/5.0 (X11; Linux x86_64) AppleWebKit/537.36 (KHTML, like Gecko) Chrome/60.0.3112.32 Safari/537.36]} headers={null=[HTTP/1.1 204 No Content], Connection=[close], Content-Length=[0], Content-Security-Policy=[object-src 'none';base-uri 'self';script-src 'nonce-MRp6ofrfYHMzeAgpWA9UhA' 'strict-dynamic' 'report-sample' 'unsafe-eval' 'unsafe-inline' https: http:;report-uri https://csp.withgoogle.com/csp/gws/other], Content-Type=[text/html; charset=UTF-8], Date=[Fri, 10 Oct 2025 04:25:53 GMT], Permissions-Policy=[unload=()], Server=[gws], X-Android-Received-Millis=[1737803180029], X-Android-Response-Source=[NETWORK 204], X-Android-Selected-Protocol=[http/1.1], X-Android-Sent-Millis=[1737803179396], X-Frame-Options=[SAMEORIGIN], X-XSS-Protection=[0]}
01-25 11:06:20.268   903 20223 D NetworkMonitor/101: PROBE_HTTP http://connectivitycheck.gstatic.com/generate_204 time=1621ms ret=204 request={Connection=[close], User-Agent=[Mozilla/5.0 (X11; Linux x86_64) AppleWebKit/537.36 (KHTML, like Gecko) Chrome/60.0.3112.32 Safari/537.36]} headers={null=[HTTP/1.1 204 No Content], Connection=[close], Content-Length=[0], Cross-Origin-Resource-Policy=[cross-origin], Date=[Fri, 10 Oct 2025 04:25:54 GMT], X-Android-Received-Millis=[1737803180268], X-Android-Response-Source=[NETWORK 204], X-Android-Selected-Protocol=[http/1.1], X-Android-Sent-Millis=[1737803179759]}
01-25 11:06:20.579   809   809 I wpa_supplicant: wlan0: CTRL-EVENT-BEACON-LOSS 
01-25 11:06:20.921 31311 31311 I abb     : StartCommandInProcess(7061636b61676500696e7374616c6c00 package.install. [truncated])
01-25 11:06:21.020   576   733 D InetDiagMessage: Destroyed 0 sockets, proto=IPPROTO_TCP, family=AF_INET, states=14
01-25 11:06:20.587   576   576 W binder:576_11: type=1400 audit(0.0:157): avc:  denied  { getopt } for  scontext=u:r:system_server:s0 tcontext=u:r:shell:s0 tclass=unix_stream_socket permissive=0
01-25 11:06:21.233   576   733 D InetDiagMessage: Destroyed 1 sockets, proto=IPPROTO_TCP, family=AF_INET6, states=14
01-25 11:06:21.233   576   733 D InetDiagMessage: Destroyed live tcp sockets for uids={10213} in 332ms
01-25 11:06:21.233   576   733 D InetDiagMessage: Destroyed 0 sockets, proto=IPPROTO_TCP, family=AF_INET, states=14
01-25 11:06:21.233   576   733 D InetDiagMessage: Destroyed 0 sockets, proto=IPPROTO_TCP, family=AF_INET6, states=14
01-25 11:06:21.233   576   733 D InetDiagMessage: Destroyed live tcp sockets for uids={20213} in 0ms
01-25 11:06:20.743   576   576 W binder:576_11: type=1400 audit(0.0:158): avc:  denied  { getopt } for  scontext=u:r:system_server:s0 tcontext=u:r:shell:s0 tclass=unix_stream_socket permissive=0
01-25 11:06:20.743   576   576 W binder:576_11: type=1400 audit(0.0:159): avc:  denied  { getopt } for  scontext=u:r:system_server:s0 tcontext=u:r:shell:s0 tclass=unix_stream_socket permissive=0
01-25 11:06:23.103  1245 19924 E MDD     : FileGroupManager downloadFileGroup __SP_spell_checker com.google.android.inputmethod.latin can't finish!
01-25 11:06:23.256 12886 14345 D TrafficStats: tagSocket(84) with statsTag=0xffffffff, statsUid=-1
--------- beginning of system
01-25 11:06:23.551   576   596 W Looper  : Slow dispatch took 263ms android.ui h=com.android.server.am.ActivityManagerService$UiHandler c=com.android.server.am.UidObserverController$$ExternalSyntheticLambda0@d657986 m=0
01-25 11:06:23.553   576   595 W Looper  : Drained
01-25 11:06:24.520   903 20220 D NetworkMonitor/100: PROBE_HTTPS https://www.google.com/generate_204 Probe failed with exception javax.net.ssl.SSLHandshakeException: Chain validation failed
01-25 11:06:24.540   903 20221 D NetworkMonitor/101: PROBE_HTTPS https://www.google.com/generate_204 Probe failed with exception javax.net.ssl.SSLHandshakeException: Chain validation failed
01-25 11:06:24.556   903 20218 D NetworkMonitor/100: isCaptivePortal: isSuccessful()=false isPortal()=false RedirectUrl=null isPartialConnectivity()=true Time=13928ms
01-25 11:06:24.595   903 20219 D NetworkMonitor/101: isCaptivePortal: isSuccessful()=false isPortal()=false RedirectUrl=null isPartialConnectivity()=true Time=13536ms
01-25 11:06:24.631   576   595 W Looper  : Slow dispatch took 207ms android.fg h=android.os.Handler c=com.android.server.am.SameProcessApplicationThread$$ExternalSyntheticLambda1@e54fb47 m=0
01-25 11:06:24.642 17503 17503 D BoundBrokerSvc: onUnbind: Intent { act=com.google.android.gms.measurement.START pkg=com.google.android.gms }
01-25 11:06:24.705   576   733 D ConnectivityService: [100 WIFI] validation failed
01-25 11:06:24.774   576   733 I ConnectivityService: Update capabilities for net 100 : +PARTIAL_CONNECTIVITY
01-25 11:06:24.780 12886 12886 I Choreographer: Skipped 82 frames!  The application may be doing too much work on its main thread.
01-25 11:06:25.475   576   576 W Looper  : Slow dispatch took 811ms main h=android.app.ActivityThread$H c=android.app.LoadedApk$ReceiverDispatcher$Args$$ExternalSyntheticLambda0@ea8cf74 m=0
01-25 11:06:25.480   576   576 W Looper  : Slow delivery took 438ms main h=com.android.server.power.Notifier$NotifierHandler c=null m=7
01-25 11:06:25.480   576   576 W Looper  : Drained
01-25 11:06:25.613  1245 19918 W nld     : Request failed for unknown reason, see exception: 
01-25 11:06:25.613  1245 19918 W nld     : java.net.MalformedURLException: unknown protocol: migrate
01-25 11:06:25.613  1245 19918 W nld     : 	at java.net.URL.<init>(URL.java:608)
01-25 11:06:25.613  1245 19918 W nld     : 	at java.net.URL.<init>(URL.java:498)
01-25 11:06:25.613  1245 19918 W nld     : 	at java.net.URL.<init>(URL.java:447)
01-25 11:06:25.613  1245 19918 W nld     : 	at nkq.a(PG:3)
01-25 11:06:25.613  1245 19918 W nld     : 	at nld.c(PG:36)
01-25 11:06:25.613  1245 19918 W nld     : 	at nkz.run(PG:586)
01-25 11:06:25.613  1245 19918 W nld     : 	at cqo.run(PG:10)
01-25 11:06:25.613  1245 19918 W nld     : 	at jdg.run(PG:52)
01-25 11:06:25.613  1245 19918 W nld     : 	at java.util.concurrent.ThreadPoolExecutor.runWorker(ThreadPoolExecutor.java:1145)
01-25 11:06:25.613  1245 19918 W nld     : 	at java.util.concurrent.ThreadPoolExecutor$Worker.run(ThreadPoolExecutor.java:644)
01-25 11:06:25.613  1245 19918 W nld     : 	at java.lang.Thread.run(Thread.java:1012)
01-25 11:06:25.613  1245 19918 W nld     : 	at jcx.run(PG:8)
01-25 11:06:25.801   576   617 W BatteryExternalStatsWorker: timeout reading bluetooth stats
01-25 11:06:25.897  1245 19924 E MDD     : FileGroupManager downloadFileGroup __SP_MANIFEST_delight com.google.android.inputmethod.latin can't finish!
01-25 11:06:26.906   576   733 W IPCThreadState: Sending oneway calls to frozen process.
01-25 11:06:26.922   576   733 W IPCThreadState: Sending oneway calls to frozen process.
01-25 11:06:26.966   576   733 W IPCThreadState: Sending oneway calls to frozen process.
01-25 11:06:27.515   576  2168 W BatteryExternalStatsWorker: error reading Bluetooth stats: 11
01-25 11:06:27.716   576   733 D ConnectivityService: [101 CELLULAR] validation failed
01-25 11:06:27.717   576   733 I ConnectivityService: Update capabilities for net 101 : +PARTIAL_CONNECTIVITY
01-25 11:06:27.855   576   617 W BatteryExternalStatsWorker: timeout or interrupt reading modem stats: java.util.concurrent.TimeoutException
01-25 11:06:27.860   576   733 W IPCThreadState: Sending oneway calls to frozen process.
01-25 11:06:27.967   576   576 W Looper  : Slow dispatch took 107ms main h=android.os.Handler c=android.telecom.Logging.SessionManager$$ExternalSyntheticLambda0@4ea0b04 m=0
01-25 11:06:28.052  1441  2173 I BugleRcsEngine: handleMessage processing message:[NOTIFY_UPTIME_IGNORE_STATE_CHANGED] with [non-null]:RcsEngineImpl reference [CONTEXT log_prefix="RcsEngineImpl[DUAL_REG]:[37c811aa-7176]>Handler" thread_id=61 ]
01-25 11:06:28.083  1441  1811 I BugleRcsEngine: Connected state: [1], networkType: [WIFI] [CONTEXT thread_id=55 ]
01-25 11:06:28.190   576   733 D InetDiagMessage: Destroyed 0 sockets, proto=IPPROTO_TCP, family=AF_INET, states=14
01-25 11:06:28.292   576   733 D InetDiagMessage: Destroyed 0 sockets, proto=IPPROTO_TCP, family=AF_INET6, states=14
01-25 11:06:28.292   576   733 D InetDiagMessage: Destroyed live tcp sockets for uids={10143} in 226ms
01-25 11:06:28.342   576   576 W Looper  : Slow dispatch took 374ms main h=android.database.sqlite.SQLiteConnectionPool$IdleConnectionHandler c=null m=2
01-25 11:06:28.384   576   733 D InetDiagMessage: Destroyed 0 sockets, proto=IPPROTO_TCP, family=AF_INET, states=14
01-25 11:06:28.529   576   733 D InetDiagMessage: Destroyed 0 sockets, proto=IPPROTO_TCP, family=AF_INET6, states=14
01-25 11:06:28.529   576   733 D InetDiagMessage: Destroyed live tcp sockets for uids={20143} in 237ms
01-25 11:06:28.759   809   809 I wpa_supplicant: wlan0: CTRL-EVENT-BEACON-LOSS 
01-25 11:06:29.133   576   595 D SystemClockTime: Setting time of day to sec=1760070350
10-10 04:25:50.950   824   923 W Looper  : Slow dispatch took 3057ms SysUiBg h=android.net.ConnectivityManager$CallbackHandler c=null m=6
10-10 04:25:51.031   576   595 W Looper  : Slow dispatch took 536ms android.fg h=android.os.Handler c=com.android.server.timedetector.TimeDetectorService$$ExternalSyntheticLambda1@a30a599 m=0
10-10 04:25:52.459  1245 19919 E MDD     : DownloadProgressMonitor: Can't find file group for uri: android://com.google.android.inputmethod.latin/files/datadownload/shared/public/datadownloadfile_1729589094073_202ed937f0061c672dfcb3f95c869af2dca6a5a4
10-10 04:25:52.762   576   609 D ActivityManager: sync unfroze 19740 com.android.settings for 10
10-10 04:25:52.919   576   595 W Looper  : Slow dispatch took 146ms android.fg h=android.os.Handler c=com.android.server.am.SameProcessApplicationThread$$ExternalSyntheticLambda1@184270d m=0
10-10 04:25:53.133   576   609 D ActivityManager: sync unfroze 18356 com.android.providers.calendar for 3
10-10 04:25:53.193   576   576 D DevicePolicyManager: updateSystemUpdateFreezePeriodsRecord
10-10 04:25:53.225   824   923 W Looper  : Slow delivery took 3508ms SysUiBg h=android.net.ConnectivityManager$CallbackHandler c=null m=6
10-10 04:25:53.225   824   923 W Looper  : Slow dispatch took 2245ms SysUiBg h=android.net.ConnectivityManager$CallbackHandler c=null m=6
10-10 04:25:53.495   576   576 W Looper  : Slow dispatch took 576ms main h=android.os.Handler c=android.app.LoadedApk$ReceiverDispatcher$Args$$ExternalSyntheticLambda0@3508d0e m=0
10-10 04:25:53.607   576   576 W Looper  : Slow delivery took 577ms main h=android.app.ActivityThread$H c=android.app.LoadedApk$ReceiverDispatcher$Args$$ExternalSyntheticLambda0@b1a832f m=0
10-10 04:25:53.637   576   576 W Looper  : Slow dispatch took 109ms main h=android.app.ActivityThread$H c=android.app.LoadedApk$ReceiverDispatcher$Args$$ExternalSyntheticLambda0@b1a832f m=0
10-10 04:25:53.638   576   596 W Looper  : Slow dispatch took 836ms android.ui h=com.android.server.am.ActivityManagerService$UiHandler c=null m=68
10-10 04:25:53.648   576   596 W Looper  : Slow delivery took 875ms android.ui h=com.android.server.am.ActivityManagerService$UiHandler c=null m=68
10-10 04:25:53.744   576   576 D ConditionProviders.SCP: onReceive android.intent.action.TIME_SET
10-10 04:25:53.900   576   595 W Looper  : Slow dispatch took 167ms android.fg h=android.os.Handler c=com.android.server.net.NetworkManagementService$NetdUnsolicitedEventListener$$ExternalSyntheticLambda0@6642ac5 m=0
10-10 04:25:53.900   576   595 W Looper  : Slow delivery took 223ms android.fg h=android.os.Handler c=com.android.server.am.SameProcessApplicationThread$$ExternalSyntheticLambda1@70c6c1a m=0
10-10 04:25:54.140   824   924 W Looper  : Slow delivery took 1139ms BroadcastRunning h=android.os.Handler c=android.app.LoadedApk$ReceiverDispatcher$Args$$ExternalSyntheticLambda0@d2a6e8e m=0
10-10 04:25:54.352 19740 19740 D BootBroadcastReceiver: refresh job and clear data from action=android.intent.action.TIME_SET
10-10 04:25:54.532  1416  1699 I BistoHotwordHelper: (REDACTED) getHotwordActive::active query: %s, watch: %s, devices connected: %s
10-10 04:25:54.758   576   609 D ActivityManager: sync unfroze 18337 com.google.android.apps.photos for 3
10-10 04:25:54.766   576   679 D ActivityManager: freezing 18439 com.google.android.apps.wellbeing
10-10 04:25:55.076   824   924 W Looper  : Drained
10-10 04:25:55.418   576  1482 W ContentProviderHelper: Slow operation: 191ms so far, now at getContentProviderImpl: before checkContentProviderPermission
10-10 04:25:55.418   576  1482 W ContentProviderHelper: Slow operation: 191ms so far, now at getContentProviderImpl: after checkContentProviderPermission
10-10 04:25:55.418   576  1482 W ContentProviderHelper: Slow operation: 191ms so far, now at getContentProviderImpl: incProviderCountLocked
10-10 04:25:55.493   576  1482 W ContentProviderHelper: Slow operation: 265ms so far, now at getContentProviderImpl: before updateLruProcess
10-10 04:25:55.493   576  1482 W ContentProviderHelper: Slow operation: 265ms so far, now at getContentProviderImpl: after updateLruProcess
10-10 04:25:55.493   576  1482 W ContentProviderHelper: Slow operation: 265ms so far, now at getContentProviderImpl: before updateOomAdj
10-10 04:25:55.632   576   669 I UsageStatsService: User[0] Time changed in by 22267161 seconds
10-10 04:25:55.748   576   669 I UsageStatsService: User[0] Flushing usage stats to disk
10-10 04:25:55.946   576  1482 W ContentProviderHelper: Slow operation: 719ms so far, now at getContentProviderImpl: after updateOomAdj
10-10 04:25:55.949   576  1482 W ContentProviderHelper: Slow operation: 721ms so far, now at getContentProviderImpl: done!
10-10 04:25:55.960   576   596 W Looper  : Slow dispatch took 2276ms android.ui h=com.android.server.am.ActivityManagerService$UiHandler c=null m=68
10-10 04:25:55.975   576   595 W Looper  : Drained
10-10 04:25:56.100   576   609 W ActivityManager: Slow operation: 56ms so far, now at startProcess: creating new process record
10-10 04:25:56.619 19740 19762 D DatabaseUtils: clear data after current time = 1760070354514
10-10 04:25:56.659  1077  1387 I ChimeraSrvcProxy: NullBinder for android.net.action.RECOMMEND_NETWORKS triggering remote TransactionTooLargeException due to Service without Chimera impl
10-10 04:25:56.808  1077  1387 W .gms.persistent: Large reply transaction of 1056768 bytes, interface descriptor , code 1
10-10 04:25:56.809  1077  1220 E WakeLock: GCM_CONN_ALARM ** IS FORCE-RELEASED ON TIMEOUT **
10-10 04:25:56.821   824   924 W Looper  : Slow dispatch took 1374ms BroadcastRunning h=android.os.Handler c=com.android.systemui.broadcast.ActionReceiver$onReceive$1@89486af m=0
10-10 04:25:56.936 12886 14345 D TrafficStats: tagSocket(84) with statsTag=0xffffffff, statsUid=-1
10-10 04:25:57.009   576   609 V GrammaticalInflectionUtils: AttributionSource: android.content.AttributionSource@3c65722a does not have READ_SYSTEM_GRAMMATICAL_GENDER permission.
10-10 04:25:57.153   576   609 W ActivityManager: Slow operation: 1108ms so far, now at startProcess: done creating new process record
10-10 04:25:57.153   576   609 W ActivityManager: Slow operation: 1108ms so far, now at startProcess: stepping in to startProcess
10-10 04:25:57.304   576   609 W ActivityManager: Slow operation: 137ms so far, now at startProcess: building args
10-10 04:25:57.801   576   609 W ActivityManager: Slow operation: 1755ms so far, now at startProcess: done starting proc!
10-10 04:25:57.872   824   923 W Looper  : Slow dispatch took 3811ms SysUiBg h=android.os.Handler c=com.android.systemui.statusbar.connectivity.WifiSignalController$$ExternalSyntheticLambda0@2a0dabc m=0
10-10 04:25:57.958   576   610 W ActivityManager: Slow operation: 792ms so far, now at startProcess: asking zygote to start proc
10-10 04:25:58.214   809   809 I wpa_supplicant: wlan0: CTRL-EVENT-BEACON-LOSS 
10-10 04:25:58.296 18395 18430 D PackageUpdatedTask: Package updated: mOp=UPDATE packages=[com.google.android.calendar]
10-10 04:25:58.324   576   596 W Looper  : Slow dispatch took 2355ms android.ui h=com.android.server.am.ActivityManagerService$UiHandler c=null m=68
10-10 04:25:58.407   576   596 W Looper  : Drained
10-10 04:25:58.419   576   609 D ActivityManager: sync unfroze 18439 com.google.android.apps.wellbeing for 3
10-10 04:25:58.457   576   733 D InetDiagMessage: Destroyed 0 sockets, proto=IPPROTO_TCP, family=AF_INET, states=14
10-10 04:25:58.457   576   733 D InetDiagMessage: Destroyed 0 sockets, proto=IPPROTO_TCP, family=AF_INET6, states=14
10-10 04:25:58.457   576   733 D InetDiagMessage: Destroyed live tcp sockets for uids={10143} in 1ms
10-10 04:25:58.540   576   669 I UsageStatsDatabase: Time changed by +257d17h19m21s517ms. files deleted: 0 files moved: 5
10-10 04:25:58.666   903   908 I rkstack.process: Background concurrent mark compact GC freed 3182KB AllocSpace bytes, 12(240KB) LOS objects, 49% free, 3240KB/6481KB, paused 467us,56.933ms total 12.343s
10-10 04:25:58.975   370 19542 W resolv  : SSL_connect write error 0, mark 0xf0065: Try again
10-10 04:25:58.975   370 19542 W resolv  : TLS Handshake failed
10-10 04:25:59.281   576   669 I UsageStatsService: User[0] Rollover scheduled @ 2025-10-11 04:56:08(1760158568256)
10-10 04:25:59.335   576   576 D ConditionProviders.SCP: evaluateSubscriptionLocked cal=ScheduleCalendar[mDays={1, 2, 3, 4, 5, 6, 7}, mSchedule=ScheduleInfo{days=[1, 2, 3, 4, 5, 6, 7], startHour=22, startMinute=0, endHour=7, endMinute=0, exitAtAlarm=true, nextAlarm=Thu Jan 01 00:00:00 GMT 1970 (0)}], now=Fri Oct 10 04:25:53 GMT 2025 (1760070353750), nextUserAlarmTime=Thu Jan 01 00:00:00 GMT 1970 (0)
10-10 04:25:59.352  1441  2173 I BugleRcsEngine: No RCS Configuration was found in Bugle for simID: redacted-pii:sim_id[chars:20,last3:897] [CONTEXT log_prefix="ProvisioningEngineDataRetriever" thread_id=61 ]
10-10 04:25:59.434 17503 17507 W gle.android.gms: Suspending all threads took: 31.660ms
10-10 04:25:59.444   576   576 D ConditionProviders.SCP: notifyCondition condition://android/schedule?days=1.2.3.4.5.6.7&start=22.0&end=7.0&exitAtAlarm=true STATE_TRUE reason=meetsSchedule
10-10 04:25:59.818 19740 19762 D PeriodicJobManager: schedule next alarm job at Oct 10, 2025, 05:00:00
10-10 04:25:59.832   576   576 D ConditionProviders.SCP: Scheduling evaluate for Fri Oct 10 07:00:00 GMT 2025 (1760079600000), in +2h34m6s250ms, now=Fri Oct 10 04:25:53 GMT 2025 (1760070353750)
10-10 04:25:59.833   576   576 W Looper  : Slow dispatch took 6196ms main h=android.app.ActivityThread$H c=android.app.LoadedApk$ReceiverDispatcher$Args$$ExternalSyntheticLambda0@85450b3 m=0
10-10 04:25:59.905   576   576 D ConditionProviders.SCP: onReceive ScheduleConditionProvider.EVALUATE
10-10 04:25:59.905   576   576 D ConditionProviders.SCP: evaluateSubscriptionLocked cal=ScheduleCalendar[mDays={1, 2, 3, 4, 5, 6, 7}, mSchedule=ScheduleInfo{days=[1, 2, 3, 4, 5, 6, 7], startHour=22, startMinute=0, endHour=7, endMinute=0, exitAtAlarm=true, nextAlarm=Thu Jan 01 00:00:00 GMT 1970 (0)}], now=Fri Oct 10 04:25:59 GMT 2025 (1760070359905), nextUserAlarmTime=Thu Jan 01 00:00:00 GMT 1970 (0)
10-10 04:25:59.905   576   576 D ConditionProviders.SCP: notifyCondition condition://android/schedule?days=1.2.3.4.5.6.7&start=22.0&end=7.0&exitAtAlarm=true STATE_TRUE reason=meetsSchedule
10-10 04:25:59.906   576   576 D ConditionProviders.SCP: Scheduling evaluate for Fri Oct 10 07:00:00 GMT 2025 (1760079600000), in +2h34m0s95ms, now=Fri Oct 10 04:25:59 GMT 2025 (1760070359905)
10-10 04:26:00.282 19740 19762 D BatteryUsageContentProvider: getLastFullChargeTimestamp() in 433/ms
10-10 04:26:00.385 19740 19762 D DatabaseUtils: getLastFullChargeTime() lastFullChargeTime=Jan 25, 2025, 10:45:49 in 566/ms
10-10 04:26:00.385 19740 19762 D DatabaseUtils: getBatteryEvents for timestamp: 1759536000000
10-10 04:26:00.420 19740 19762 D BatteryUsageContentProvider: getQueryBatteryEventTypes from uri: content://com.android.settings.battery.usage.provider/BatteryEvent?timestamp=1759536000000&batteryEventType=3%2C4
10-10 04:26:00.436   371   371 D Zygote  : Forked child process 20288
10-10 04:26:00.453 19740 19762 D BatteryUsageContentProvider: getQueryTimestamp from uri: content://com.android.settings.battery.usage.provider/BatteryEvent?timestamp=1759536000000&batteryEventType=3%2C4
10-10 04:26:00.477   576   610 W ActivityManager: Slow operation: 3311ms so far, now at startProcess: returned from zygote!
10-10 04:26:00.512   576   610 W ActivityManager: Slow operation: 3345ms so far, now at startProcess: done updating battery stats
10-10 04:26:00.529 19740 19762 W BatteryUsageContentProvider: getBatteryEvents() in 72/ms
10-10 04:26:00.529 19740 19762 D DatabaseUtils: getBatteryEvents size=0 in 144/ms
10-10 04:26:00.595   576  2168 D TelephonyManager: requestModemActivityInfo: Sending result to app: ModemActivityInfo{ mTimestamp=60187710 mSleepTimeMs=0 mIdleTimeMs=59180437 mActivityStatsTechSpecificInfo=[{mRat=UNKNOWN,mFrequencyRange=UNKNOWN,mTxTimeMs[]=[0, 0, 0, 0, 0],mRxTimeMs=0}]}
10-10 04:26:00.602   576   610 W ActivityManager: Slow operation: 3436ms so far, now at startProcess: building log message
10-10 04:26:00.603   576   610 I ActivityManager: Start proc 20288:com.google.android.apps.restore/u0a134 for broadcast {com.google.android.apps.restore/androidx.work.impl.background.systemalarm.RescheduleReceiver}
10-10 04:26:00.603   576   610 W ActivityManager: Slow operation: 3436ms so far, now at startProcess: starting to update pids map
10-10 04:26:00.679   576   610 W ActivityManager: Slow operation: 3512ms so far, now at startProcess: done updating pids map
10-10 04:26:01.562 20288 20288 I id.apps.restore: Using CollectorTypeCMC GC.
10-10 04:26:01.764 19740 19762 D BatteryUsageDataLoader: loadUsageDataSafely() in the AsyncTask
10-10 04:26:01.768 20288 20288 W id.apps.restore: Unexpected CPU variant for x86: x86_64.
10-10 04:26:01.768 20288 20288 W id.apps.restore: Known variants: atom, sandybridge, silvermont, goldmont, goldmont-plus, goldmont-without-sha-xsaves, tremont, kabylake, default
10-10 04:26:01.860   576   768 W AlarmManager: No in-flight alarm for listener android.app.AlarmManager$ListenerWrapper@48bff7a
10-10 04:26:02.160 17503 20290 I AlarmManager: setExactAndAllowWhileIdle [name: RemindersNSREFRESH_TIME_REMINDERS_ALARM type: 0 triggerAtMillis: 1760140800000]
10-10 04:26:02.171 20288 20288 E id.apps.restore: Not starting debugger since process cannot load the jdwp agent.
10-10 04:26:02.374 19740 19755 D SharedPreferencesImpl: Time required to fsync /data/user_de/0/com.android.settings/shared_prefs/battery_usage_historical_logs.xml: [<1: 0, <2: 0, <4: 1, <8: 1, <16: 1, <32: 0, <64: 1, <128: 0, <256: 0, <512: 1, <1024: 0, <2048: 0, <4096: 0, <8192: 0, <16384: 0, >=16384: 0]
10-10 04:26:02.570   576  1633 W BatteryExternalStatsWorker: error reading Bluetooth stats: 11
10-10 04:26:02.659   975   975 E PhoneInterfaceManager: queryModemActivityInfo: invalid response
10-10 04:26:02.681   576  1482 D TelephonyManager: requestModemActivityInfo: Sending result to app: ModemActivityInfo{ mTimestamp=60187710 mSleepTimeMs=0 mIdleTimeMs=59180437 mActivityStatsTechSpecificInfo=[{mRat=UNKNOWN,mFrequencyRange=UNKNOWN,mTxTimeMs[]=[0, 0, 0, 0, 0],mRxTimeMs=0}]}
10-10 04:26:02.722   576   576 W Looper  : Slow dispatch took 2653ms main h=com.android.server.notification.NotificationManagerService$WorkerHandler c=com.android.server.notification.NotificationManagerService$12$1@4a9946 m=0
10-10 04:26:02.840   824   824 I Choreographer: Skipped 357 frames!  The application may be doing too much work on its main thread.
10-10 04:26:02.891   576   609 D ActivityManager: sync unfroze 18477 com.google.android.deskclock for 3
10-10 04:26:03.090   576   576 W Looper  : Slow dispatch took 358ms main h=com.android.server.alarm.AlarmManagerService$AlarmHandler c=com.android.server.alarm.AlarmManagerService$2$$ExternalSyntheticLambda0@d521359 m=0
10-10 04:26:03.135 18337 18408 I oid.apps.photos: Waiting for a blocking GC ProfileSaver
10-10 04:26:03.281   975   979 I m.android.phone: Background concurrent mark compact GC freed 5339KB AllocSpace bytes, 0(0B) LOS objects, 49% free, 3635KB/7271KB, paused 7.745ms,26.290ms total 14.411s
10-10 04:26:03.503   576   576 W Looper  : Slow dispatch took 412ms main h=com.android.server.notification.ZenModeHelper$H c=null m=5
10-10 04:26:03.531   420   465 I AF::TrackHandle: opChanged OP_PLAY_AUDIO callback received for 
10-10 04:26:03.553   420   660 I AF::TrackHandle: opChanged OP_PLAY_AUDIO callback received for 
10-10 04:26:03.574   420   660 I AF::TrackHandle: opChanged OP_PLAY_AUDIO callback received for 
10-10 04:26:03.588   420   465 I AF::TrackHandle: opChanged OP_PLAY_AUDIO callback received for 
10-10 04:26:03.589   420   465 I AF::TrackHandle: opChanged OP_PLAY_AUDIO callback received for 
10-10 04:26:03.589   420   758 I AF::TrackHandle: opChanged OP_PLAY_AUDIO callback received for 
10-10 04:26:03.589   420   660 I AF::TrackHandle: opChanged OP_PLAY_AUDIO callback received for 
10-10 04:26:03.590   420   660 I AF::TrackHandle: opChanged OP_PLAY_AUDIO callback received for 
10-10 04:26:03.593   420  1719 I AF::TrackHandle: opChanged OP_PLAY_AUDIO callback received for 
10-10 04:26:03.611   420  1719 I AF::TrackHandle: opChanged OP_PLAY_AUDIO callback received for 
10-10 04:26:03.611   420  1719 I AF::TrackHandle: opChanged OP_PLAY_AUDIO callback received for 
10-10 04:26:03.658   420 31059 I AF::TrackHandle: opChanged OP_PLAY_AUDIO callback received for 
10-10 04:26:03.665   420  4108 I AF::TrackHandle: opChanged OP_PLAY_AUDIO callback received for 
10-10 04:26:03.678   420  4108 I AF::TrackHandle: opChanged OP_PLAY_AUDIO callback received for 
10-10 04:26:03.678   420  4108 I AF::TrackHandle: opChanged OP_PLAY_AUDIO callback received for 
10-10 04:26:03.678   420 31059 I AF::TrackHandle: opChanged OP_PLAY_AUDIO callback received for 
10-10 04:26:03.679   420   660 I AF::TrackHandle: opChanged OP_PLAY_AUDIO callback received for 
10-10 04:26:03.679   420   660 I AF::TrackHandle: opChanged OP_PLAY_AUDIO callback received for 
10-10 04:26:03.680   420   660 I AF::TrackHandle: opChanged OP_PLAY_AUDIO callback received for 
10-10 04:26:03.680   420   660 I AF::TrackHandle: opChanged OP_PLAY_AUDIO callback received for 
10-10 04:26:03.680   420   660 I AF::TrackHandle: opChanged OP_PLAY_AUDIO callback received for 
10-10 04:26:03.687   420  7371 I AF::TrackHandle: opChanged OP_PLAY_AUDIO callback received for 
10-10 04:26:03.690   420  1719 I AF::TrackHandle: opChanged OP_PLAY_AUDIO callback received for 
10-10 04:26:03.695   420  7371 I AF::TrackHandle: opChanged OP_PLAY_AUDIO callback received for 
10-10 04:26:03.696   420  7371 I AF::TrackHandle: opChanged OP_PLAY_AUDIO callback received for 
10-10 04:26:03.698   420  4047 I AF::TrackHandle: opChanged OP_PLAY_AUDIO callback received for 
10-10 04:26:03.702   420  7371 I AF::TrackHandle: opChanged OP_PLAY_AUDIO callback received for 
10-10 04:26:03.702   420  7371 I AF::TrackHandle: opChanged OP_PLAY_AUDIO callback received for 
10-10 04:26:03.713   420  1719 I AF::TrackHandle: opChanged OP_PLAY_AUDIO callback received for 
10-10 04:26:03.713   420  1719 I AF::TrackHandle: opChanged OP_PLAY_AUDIO callback received for 
10-10 04:26:03.724   420  1719 I AF::TrackHandle: opChanged OP_PLAY_AUDIO callback received for 
10-10 04:26:03.756   420  1719 I AF::TrackHandle: opChanged OP_PLAY_AUDIO callback received for 
10-10 04:26:03.757   420   660 I AF::TrackHandle: opChanged OP_PLAY_AUDIO callback received for 
10-10 04:26:03.757   420  1719 I AF::TrackHandle: opChanged OP_PLAY_AUDIO callback received for 
10-10 04:26:03.773   420   660 I AF::TrackHandle: opChanged OP_PLAY_AUDIO callback received for 
10-10 04:26:03.773   420  1719 I AF::TrackHandle: opChanged OP_PLAY_AUDIO callback received for 
10-10 04:26:03.773   420   660 I AF::TrackHandle: opChanged OP_PLAY_AUDIO callback received for 
10-10 04:26:03.785   420   660 I AF::TrackHandle: opChanged OP_PLAY_AUDIO callback received for 
10-10 04:26:03.796   420   660 I AF::TrackHandle: opChanged OP_PLAY_AUDIO callback received for 
10-10 04:26:03.800   420   660 I AF::TrackHandle: opChanged OP_PLAY_AUDIO callback received for 
10-10 04:26:03.800   420  1719 I AF::TrackHandle: opChanged OP_PLAY_AUDIO callback received for 
10-10 04:26:03.802   420 31060 I AF::TrackHandle: opChanged OP_PLAY_AUDIO callback received for 
10-10 04:26:03.804   420   660 I AF::TrackHandle: opChanged OP_PLAY_AUDIO callback received for 
10-10 04:26:03.804   420   660 I AF::TrackHandle: opChanged OP_PLAY_AUDIO callback received for 
10-10 04:26:03.843   420  3900 I AF::TrackHandle: opChanged OP_PLAY_AUDIO callback received for 
10-10 04:26:03.855   420  1956 I AF::TrackHandle: opChanged OP_PLAY_AUDIO callback received for 
10-10 04:26:03.866   420  3900 I AF::TrackHandle: opChanged OP_PLAY_AUDIO callback received for 
10-10 04:26:03.866   420  1956 I AF::TrackHandle: opChanged OP_PLAY_AUDIO callback received for 
10-10 04:26:03.866   420  3900 I AF::TrackHandle: opChanged OP_PLAY_AUDIO callback received for 
10-10 04:26:03.866   420  1956 I AF::TrackHandle: opChanged OP_PLAY_AUDIO callback received for 
10-10 04:26:03.866   420  3900 I AF::TrackHandle: opChanged OP_PLAY_AUDIO callback received for 
10-10 04:26:03.866   420  1956 I AF::TrackHandle: opChanged OP_PLAY_AUDIO callback received for 
10-10 04:26:03.918   420 31060 I AF::TrackHandle: opChanged OP_PLAY_AUDIO callback received for 
10-10 04:26:03.918   420 31060 I AF::TrackHandle: opChanged OP_PLAY_AUDIO callback received for 
10-10 04:26:03.918   420 31060 I AF::TrackHandle: opChanged OP_PLAY_AUDIO callback received for 
10-10 04:26:03.919   420 31060 I AF::TrackHandle: opChanged OP_PLAY_AUDIO callback received for 
10-10 04:26:03.919   420 31060 I AF::TrackHandle: opChanged OP_PLAY_AUDIO callback received for 
10-10 04:26:03.924   420 31060 I AF::TrackHandle: opChanged OP_PLAY_AUDIO callback received for 
10-10 04:26:03.924   420  1719 I AF::TrackHandle: opChanged OP_PLAY_AUDIO callback received for 
10-10 04:26:03.925   420  1719 I AF::TrackHandle: opChanged OP_PLAY_AUDIO callback received for 
10-10 04:26:03.925   420  1719 I AF::TrackHandle: opChanged OP_PLAY_AUDIO callback received for 
10-10 04:26:03.925   420   465 I AF::TrackHandle: opChanged OP_PLAY_AUDIO callback received for 
10-10 04:26:03.925   420   465 I AF::TrackHandle: opChanged OP_PLAY_AUDIO callback received for 
10-10 04:26:03.925   420   465 I AF::TrackHandle: opChanged OP_PLAY_AUDIO callback received for 
10-10 04:26:03.991   576   576 W Looper  : Drained
10-10 04:26:04.217   824   923 W Looper  : Slow dispatch took 6345ms SysUiBg h=android.os.Handler c=android.telephony.TelephonyCallback$IPhoneStateListenerStub$$ExternalSyntheticLambda43@e62e59a m=0
10-10 04:26:04.600 18477 18477 I AlarmClock: AlarmInitReceiver android.intent.action.TIME_SET
10-10 04:26:04.741   576   670 W AlarmManager: No in-flight alarm for listener android.app.AlarmManager$ListenerWrapper@c65e4e5
10-10 04:26:04.798   576   670 W AlarmManager: No in-flight alarm for listener android.app.AlarmManager$ListenerWrapper@e61d491
10-10 04:26:04.862 18337 18343 W oid.apps.photos: Suspending all threads took: 669.860ms
10-10 04:26:05.133   576  1475 I ActivityManager: Background started FGS: Allowed [callingPackage: com.google.android.apps.wellbeing; callingUid: 10143; uidState: RCVR; uidBFSL: n/a; intent: Intent { cmp=com.google.android.apps.wellbeing/com.google.apps.tiktok.concurrent.InternalForegroundService (has extras) }; code:BACKGROUND_ACTIVITY_PERMISSION; tempAllowListReason:<bf10d36 android.intent.action.TIME_SET/u-1,reasonCode:TIME_CHANGED,duration:20000,callingUid:1000>; targetSdkVersion:34; callerTargetSdkVersion:34; startForegroundCount:0; bindFromPackage:null: isBindService:false]
10-10 04:26:05.353   370 14398 W resolv  : SSL_connect write error 0, mark 0xf0064: Try again
10-10 04:26:05.353   370 14398 W resolv  : TLS Handshake failed
10-10 04:26:05.859   576   609 D ActivityManager: sync unfroze 18512 com.google.android.dialer for 3
10-10 04:26:05.928   576   595 W Looper  : Slow dispatch took 540ms android.fg h=android.os.Handler c=com.android.server.location.injector.SystemAppForegroundHelper$$ExternalSyntheticLambda1@8f40582 m=0
10-10 04:26:05.928   576   595 W Looper  : Slow delivery took 538ms android.fg h=android.os.Handler c=com.android.server.power.hint.HintManagerService$MyUidObserver$$ExternalSyntheticLambda0@e202493 m=0
10-10 04:26:05.967 20288 20288 D nativeloader: Load libframework-connectivity-tiramisu-jni.so using APEX ns com_android_tethering for caller /apex/com.android.tethering/javalib/framework-connectivity-t.jar: ok
10-10 04:26:06.161   809   809 I wpa_supplicant: wlan0: CTRL-EVENT-BEACON-LOSS 
10-10 04:26:06.178   576   617 D BatteryStatsImpl: Reading cpu stats took 3389ms
10-10 04:26:06.183 18439 18471 W UsageSyncManager: <DWB> Last (TimeDelta{wallTime=2025-01-25T10:45:59.536Z, elapsedSinceBoot=PT16H22M33.782S}, boot count 2) and current (TimeDelta{wallTime=2025-10-10T04:26:04.813Z, elapsedSinceBoot=PT16H43M17.541S}, boot count 2) deltas are different. Increase event shift by PT6185H19M21.518S.
10-10 04:26:06.252   576   670 D CompatChangeReporter: Compat change id reported: 218533173; UID 10160; state: ENABLED
10-10 04:26:06.264   576   670 D CompatChangeReporter: Compat change id reported: 262645982; UID 10138; state: ENABLED
10-10 04:26:06.279   576   670 D CompatChangeReporter: Compat change id reported: 262645982; UID 10183; state: ENABLED
10-10 04:26:06.472   576   617 D BatteryStatsImpl: Reading cpu freq times took 118ms
10-10 04:26:06.869   576  1637 W ForegroundServiceTypeLoggerModule: Foreground service start for UID: 10143 does not have any types
10-10 04:26:06.913   576   598 D ColorDisplayService: Setting saturation level: 100
10-10 04:26:07.047   576   595 W Looper  : Drained
10-10 04:26:07.129   576  1482 D CompatChangeReporter: Compat change id reported: 261072174; UID 10145; state: ENABLED
10-10 04:26:07.405 18439 18471 W UsageSyncManager: <DWB> Deferring shifting events by PT6185H19M21.518S
10-10 04:26:07.461   576   670 D ActivityManager: sync unfroze 11756 com.google.android.adservices.api for 6
10-10 04:26:07.666   576  1628 D ConnectivityService: Returning BLOCKED NetworkInfo to uid=10154
10-10 04:26:07.836   576   670 E JobScheduler.JobStatus: App com.google.android.inputmethod.latin became active but still in NEVER bucket
10-10 04:26:07.987   576  1475 D ConnectivityService: requestNetwork for uid/pid:10138/18512 activeRequest: null callbackRequest: 663 [NetworkRequest [ REQUEST id=664, [ Capabilities: INTERNET&NOT_RESTRICTED&TRUSTED&NOT_VCN_MANAGED&NOT_BANDWIDTH_CONSTRAINED Uid: 10138 RequestorUid: 10138 RequestorPkg: com.google.android.dialer UnderlyingNetworks: Null] ]] callback flags: 0 order: 2147483647 isUidTracked: false
10-10 04:26:08.056 18477 18482 W droid.deskclock: Suspending all threads took: 275.235ms
10-10 04:26:08.065 18477 18508 I AlarmClock: Connected Dock: null
10-10 04:26:08.130 17503 20310 I AlarmManager: setExactAndAllowWhileIdle [name: RemindersNSREFRESH_TIME_REMINDERS_ALARM type: 0 triggerAtMillis: 1760140800000]
10-10 04:26:08.165 18512 18565 W TimedProcessReaper: Memory state is: 300
10-10 04:26:08.170 18512 18565 D TimedProcessReaper: Attempted to reap process, but schedule tolerance was exceeded
10-10 04:26:08.170 18512 18565 D TimedProcessReaper: Rescheduling process reaping after pollDuration
10-10 04:26:08.201 17503 20311 I SystemUpdate: [Installation,ReceiverIntentOperation] Received intent: Intent { act=android.intent.action.TIME_SET flg=0x25200010 pkg=com.google.android.gms cmp=com.google.android.gms/.chimera.GmsIntentOperationService$PersistentTrustedReceiver }.
10-10 04:26:08.241   576   670 E JobScheduler.JobStatus: App com.google.android.inputmethod.latin became active but still in NEVER bucket
10-10 04:26:08.241   576   670 E JobScheduler.JobStatus: App com.google.android.inputmethod.latin became active but still in NEVER bucket
10-10 04:26:08.242   576   670 E JobScheduler.JobStatus: App com.google.android.inputmethod.latin became active but still in NEVER bucket
10-10 04:26:08.242   576   670 E JobScheduler.JobStatus: App com.google.android.inputmethod.latin became active but still in NEVER bucket
10-10 04:26:08.242   576   670 E JobScheduler.JobStatus: App com.google.android.inputmethod.latin became active but still in NEVER bucket
10-10 04:26:08.242   576   670 E JobScheduler.JobStatus: App com.google.android.inputmethod.latin became active but still in NEVER bucket
10-10 04:26:08.242   576   670 E JobScheduler.JobStatus: App com.google.android.inputmethod.latin became active but still in NEVER bucket
10-10 04:26:08.242   576   670 E JobScheduler.JobStatus: App com.google.android.inputmethod.latin became active but still in NEVER bucket
10-10 04:26:08.243   576   670 E JobScheduler.JobStatus: App com.google.android.inputmethod.latin became active but still in NEVER bucket
10-10 04:26:08.327   576  1482 D ConnectivityService: Returning UNBLOCKED NetworkInfo to uid=10154
10-10 04:26:08.398   576   733 D ConnectivityService: NetReassign [664 : null â†’ 100] [c 313] [a 1] [i 86]
10-10 04:26:08.444 18477 18482 W droid.deskclock: Reducing the number of considered missed Gc histogram windows from 125 to 100
10-10 04:26:08.449 17503 17507 I gle.android.gms: Background concurrent mark compact GC freed 4779KB AllocSpace bytes, 29(1252KB) LOS objects, 49% free, 6620KB/12MB, paused 33.711ms,261.670ms total 21.706s
10-10 04:26:08.449 17503 17507 W gle.android.gms: Reducing the number of considered missed Gc histogram windows from 123 to 100
10-10 04:26:08.474   576   726 D WifiNetworkFactory: got request NetworkRequest [ REQUEST id=664, [ Capabilities: INTERNET&NOT_RESTRICTED&TRUSTED&NOT_VCN_MANAGED&NOT_BANDWIDTH_CONSTRAINED Uid: 10138 RequestorUid: 10138 RequestorPkg: com.google.android.dialer UnderlyingNetworks: Null] ]
10-10 04:26:08.515   576   609 D ActivityManager: sync unfroze 15073 com.google.android.permissioncontroller for 3
10-10 04:26:08.653   576   726 D UntrustedWifiNetworkFactory: got request NetworkRequest [ REQUEST id=664, [ Capabilities: INTERNET&NOT_RESTRICTED&TRUSTED&NOT_VCN_MANAGED&NOT_BANDWIDTH_CONSTRAINED Uid: 10138 RequestorUid: 10138 RequestorPkg: com.google.android.dialer UnderlyingNetworks: Null] ]
10-10 04:26:08.654   576   726 D OemPaidWifiNetworkFactory: got request NetworkRequest [ REQUEST id=664, [ Capabilities: INTERNET&NOT_RESTRICTED&TRUSTED&NOT_VCN_MANAGED&NOT_BANDWIDTH_CONSTRAINED Uid: 10138 RequestorUid: 10138 RequestorPkg: com.google.android.dialer UnderlyingNetworks: Null] ]
10-10 04:26:08.741   576   726 D MultiInternetWifiNetworkFactory: got request NetworkRequest [ REQUEST id=664, [ Capabilities: INTERNET&NOT_RESTRICTED&TRUSTED&NOT_VCN_MANAGED&NOT_BANDWIDTH_CONSTRAINED Uid: 10138 RequestorUid: 10138 RequestorPkg: com.google.android.dialer UnderlyingNetworks: Null] ]
10-10 04:26:08.991 12886 14345 D TrafficStats: tagSocket(84) with statsTag=0xffffffff, statsUid=-1
10-10 04:26:09.230 17503 17509 W gle.android.gms: ApkAssets: Deleting an ApkAssets object '<empty> and /data/app/~~ovu0Gzcrzl44tqVFAMwIYA==/com.google.android.gms-bTX607kz4xwtijtvmn8EBg==/split_CronetDynamite_installtime.apk' with 1 weak references
10-10 04:26:09.293 17503 17509 W gle.android.gms: ApkAssets: Deleting an ApkAssets object '<empty> and /data/app/~~ovu0Gzcrzl44tqVFAMwIYA==/com.google.android.gms-bTX607kz4xwtijtvmn8EBg==/split_DynamiteModulesA_installtime.apk' with 1 weak references
10-10 04:26:09.293 17503 17509 W gle.android.gms: ApkAssets: Deleting an ApkAssets object '<empty> and /data/app/~~ovu0Gzcrzl44tqVFAMwIYA==/com.google.android.gms-bTX607kz4xwtijtvmn8EBg==/split_DynamiteModulesC_installtime.apk' with 1 weak references
10-10 04:26:09.319 17503 17509 W gle.android.gms: ApkAssets: Deleting an ApkAssets object '<empty> and /data/app/~~ovu0Gzcrzl44tqVFAMwIYA==/com.google.android.gms-bTX607kz4xwtijtvmn8EBg==/split_GoogleCertificates_installtime.apk' with 1 weak references
10-10 04:26:09.349 17503 17509 W gle.android.gms: ApkAssets: Deleting an ApkAssets object '<empty> and /data/app/~~ovu0Gzcrzl44tqVFAMwIYA==/com.google.android.gms-bTX607kz4xwtijtvmn8EBg==/split_MapsDynamite_installtime.apk' with 1 weak references
10-10 04:26:09.418 17503 17509 W gle.android.gms: ApkAssets: Deleting an ApkAssets object '<empty> and /data/app/~~ovu0Gzcrzl44tqVFAMwIYA==/com.google.android.gms-bTX607kz4xwtijtvmn8EBg==/split_MeasurementDynamite_installtime.apk' with 1 weak references
10-10 04:26:09.418 17503 17509 W gle.android.gms: ApkAssets: Deleting an ApkAssets object '<empty> and /data/app/~~ovu0Gzcrzl44tqVFAMwIYA==/com.google.android.gms-bTX607kz4xwtijtvmn8EBg==/split_all_locale_splits.apk' with 1 weak references
10-10 04:26:09.485  1077 20273 E CCTFlatFileLogStore: Failed to get boot count.
10-10 04:26:09.485  1077 20273 E CCTFlatFileLogStore: java.util.concurrent.TimeoutException: Timed out waiting for Task
10-10 04:26:09.485  1077 20273 E CCTFlatFileLogStore: 	at dpqt.n(:com.google.android.gms@244134038@24.41.34 (260800-685836814):53)
10-10 04:26:09.485  1077 20273 E CCTFlatFileLogStore: 	at com.google.android.gms.clearcut.store.FlatFileLogStore.B(:com.google.android.gms@244134038@24.41.34 (260800-685836814):21)
10-10 04:26:09.485  1077 20273 E CCTFlatFileLogStore: 	at algh.run(:com.google.android.gms@244134038@24.41.34 (260800-685836814):13)
10-10 04:26:09.485  1077 20273 E CCTFlatFileLogStore: 	at angk.c(:com.google.android.gms@244134038@24.41.34 (260800-685836814):50)
10-10 04:26:09.485  1077 20273 E CCTFlatFileLogStore: 	at angk.run(:com.google.android.gms@244134038@24.41.34 (260800-685836814):76)
10-10 04:26:09.485  1077 20273 E CCTFlatFileLogStore: 	at java.util.concurrent.ThreadPoolExecutor.runWorker(ThreadPoolExecutor.java:1145)
10-10 04:26:09.485  1077 20273 E CCTFlatFileLogStore: 	at java.util.concurrent.ThreadPoolExecutor$Worker.run(ThreadPoolExecutor.java:644)
10-10 04:26:09.485  1077 20273 E CCTFlatFileLogStore: 	at anlu.run(:com.google.android.gms@244134038@24.41.34 (260800-685836814):8)
10-10 04:26:09.485  1077 20273 E CCTFlatFileLogStore: 	at java.lang.Thread.run(Thread.java:1012)
10-10 04:26:09.497   576   658 W ActivityManager: Slow operation: 439ms so far, now at attachApplicationLocked: before bindApplication
10-10 04:26:09.603   576   658 W ActivityManager: Slow operation: 546ms so far, now at attachApplicationLocked: immediately before bindApplication
10-10 04:26:09.621   576   658 W ActivityManager: Slow operation: 563ms so far, now at attachApplicationLocked: immediately after bindApplication
10-10 04:26:09.625   576   658 W ActivityManager: Slow operation: 563ms so far, now at attachApplicationLocked: after updateLruProcessLocked
10-10 04:26:09.626   576   658 W ActivityManager: Slow operation: 568ms so far, now at attachApplicationLocked: after updateOomAdjLocked
10-10 04:26:09.665 17503 20290 I SystemUpdate: [Execution,InstallationEventIntentOperation] Handling event of type 6.
10-10 04:26:09.776  1355  1355 D WM-RescheduleReceiver: Received intent Intent { act=android.intent.action.TIME_SET flg=0x25200010 cmp=com.google.android.providers.media.module/androidx.work.impl.background.systemalarm.RescheduleReceiver }
10-10 04:26:09.789 17503 20310 I SystemUpdate: [Execution,InstallationIntentOperation] Received intent: Intent { act=com.google.android.gms.update.INSTALL_UPDATE cat=[targeted_intent_op_prefix:.update.execution.InstallationIntentOperation] cmp=com.google.android.gms/.chimera.GmsIntentOperationService (has extras) }.
10-10 04:26:09.961 17503 20310 I SystemUpdate: [Execution,ExecutionManager] Action finished-execution executed for 0.04 seconds.
10-10 04:26:09.989 11756 11769 E adservices.measurement: ReportingJobService is disabled, skip scheduling
10-10 04:26:10.007 15073 15073 D PermissionStorageTimeChangeReceiver: Time changed by 22267161 seconds
10-10 04:26:10.012  1077  1077 D BoundBrokerSvc: onRebind: Intent { act=com.google.android.gms.clearcut.bootcount.service.START dat=chimera-action:/... cmp=com.google.android.gms/.chimera.PersistentBoundBrokerService }
10-10 04:26:10.093   576   598 D ColorDisplayService: GlobalSaturationTintController Animation cancelled: false to matrix: 
10-10 04:26:10.093   576   598 D ColorDisplayService:        1.000000 0.000000 0.000000 0.000000 0.000000 1.000000 0.000000 0.000000 0.000000 0.000000 1.000000 0.000000 0.000000 0.000000 0.000000 1.000000 min matrix coefficients: 
10-10 04:26:10.093   576   598 D ColorDisplayService:        1.000000 0.000000 0.000000 0.000000 0.000000 1.000000 0.000000 0.000000 0.000000 0.000000 1.000000 0.000000 0.000000 0.000000 0.000000 1.000000 max matrix coefficients: 
10-10 04:26:10.093   576   598 D ColorDisplayService:        1.000000 0.000000 0.000000 0.000000 0.000000 1.000000 0.000000 0.000000 0.000000 0.000000 1.000000 0.000000 0.000000 0.000000 0.000000 1.000000
10-10 04:26:10.200  1077  1077 D BoundBrokerSvc: onBind: Intent { act=com.google.android.gms.scheduler.standalone.housekeeping.HousekeepingTrainTaskService.ACTION_TASK_READY dat=chimera-action:/... cmp=com.google.android.gms/.chimera.PersistentInternalBoundBrokerService }
10-10 04:26:10.201  1077  1077 D BoundBrokerSvc: Loading bound service for intent: Intent { act=com.google.android.gms.scheduler.standalone.housekeeping.HousekeepingTrainTaskService.ACTION_TASK_READY dat=chimera-action:/... cmp=com.google.android.gms/.chimera.PersistentInternalBoundBrokerService }
10-10 04:26:10.239   576   609 D ActivityManager: sync unfroze 18692 com.google.android.rkpdapp for 3
10-10 04:26:10.336   576   576 W Looper  : Slow dispatch took 160ms main h=android.app.ActivityThread$H c=android.app.LoadedApk$ReceiverDispatcher$Args$$ExternalSyntheticLambda0@fb8ecdb m=0
10-10 04:26:10.346 15073 15073 D PermissionStorageTimeChangeReceiver: systemTimeSnapshot set to 1760070370006
10-10 04:26:10.346 15073 15073 D PermissionStorageTimeChangeReceiver: realtimeSnapshot set to 60202735
10-10 04:26:10.378 20288 20288 D CompatChangeReporter: Compat change id reported: 242716250; UID 10134; state: ENABLED
10-10 04:26:10.431 18337 18343 W oid.apps.photos: Reducing the number of considered missed Gc histogram windows from 124 to 100
10-10 04:26:10.431 18337 18408 I oid.apps.photos: WaitForGcToComplete blocked ProfileSaver on CollectorTransition for 7.682s
10-10 04:26:10.459   576   609 W ProcessStats: Tracking association SourceState{3b72158 system/1000 ImpFg #29706} whose proc state 5 is better than process ProcessState{b0b130a com.google.android.tts/10148 pkg=com.google.android.tts} proc state 14 (10 skipped)
10-10 04:26:10.541  1077 20324 I NetworkScheduler.Stats: (REDACTED) Task %s/%s started execution. cause:%s exec_start_elapsed_seconds: %s
10-10 04:26:10.711 19740 19740 D PeriodicJobReceiver: refresh periodic job from action=com.android.settings.battery.action.PERIODIC_JOB_UPDATE
10-10 04:26:10.722 18692 18692 D WM-RescheduleReceiver: Received intent Intent { act=android.intent.action.TIME_SET flg=0x25200010 cmp=com.google.android.rkpdapp/androidx.work.impl.background.systemalarm.RescheduleReceiver }
10-10 04:26:10.826 19740 19740 D PeriodicJobManager: schedule next alarm job at Oct 10, 2025, 05:00:00
10-10 04:26:10.854 11756 11767 I .adservices.api: Waiting for a blocking GC ProfileSaver
10-10 04:26:10.856   576   609 D ActivityManager: sync unfroze 18618 com.google.android.apps.wallpaper for 3
10-10 04:26:10.994  1077 20324 I NetworkScheduler.Stats: (REDACTED) Task %s/%s started execution. cause:%s exec_start_elapsed_seconds: %s
10-10 04:26:11.021  1077 20284 I NetworkScheduler.Stats: (REDACTED) Task %s/%s finished executing. cause:%s result: %s elapsed_millis: %s uptime_millis: %s exec_start_elapsed_seconds: %s
10-10 04:26:11.097 18356 18356 D CompatChangeReporter: Compat change id reported: 311402873; UID 10093; state: ENABLED
10-10 04:26:11.097 18356 18356 D CompatChangeReporter: Compat change id reported: 323349338; UID 10093; state: ENABLED
10-10 04:26:11.129   576  1633 D CompatChangeReporter: Compat change id reported: 311402873; UID 10093; state: ENABLED
10-10 04:26:11.130   576  1633 D CompatChangeReporter: Compat change id reported: 323349338; UID 10093; state: ENABLED
10-10 04:26:11.206 20288 20288 D ApplicationLoaders: Returning zygote-cached class loader: /system_ext/framework/androidx.window.extensions.jar
